Component: ARM Compiler 5.06 update 7 (build 960) Tool: armlink [4d3601]

==============================================================================

Section Cross References

    system_stm32f1xx.o(i.SystemCoreClockUpdate) refers to system_stm32f1xx.o(.data) for .data
    system_stm32f1xx.o(i.SystemCoreClockUpdate) refers to system_stm32f1xx.o(.constdata) for .constdata
    stm32f1xx_hal_adc.o(i.ADC_ConversionStop_Disable) refers to stm32f1xx_hal.o(i.HAL_GetTick) for HAL_GetTick
    stm32f1xx_hal_adc.o(i.ADC_DMAConvCplt) refers to stm32f1xx_hal_adc.o(i.HAL_ADC_ConvCpltCallback) for HAL_ADC_ConvCpltCallback
    stm32f1xx_hal_adc.o(i.ADC_DMAError) refers to stm32f1xx_hal_adc.o(i.HAL_ADC_ErrorCallback) for HAL_ADC_ErrorCallback
    stm32f1xx_hal_adc.o(i.ADC_DMAHalfConvCplt) refers to stm32f1xx_hal_adc.o(i.HAL_ADC_ConvHalfCpltCallback) for HAL_ADC_ConvHalfCpltCallback
    stm32f1xx_hal_adc.o(i.ADC_Enable) refers to stm32f1xx_hal.o(i.HAL_GetTick) for HAL_GetTick
    stm32f1xx_hal_adc.o(i.ADC_Enable) refers to system_stm32f1xx.o(.data) for SystemCoreClock
    stm32f1xx_hal_adc.o(i.HAL_ADC_ConfigChannel) refers to system_stm32f1xx.o(.data) for SystemCoreClock
    stm32f1xx_hal_adc.o(i.HAL_ADC_DeInit) refers to stm32f1xx_hal_adc.o(i.ADC_ConversionStop_Disable) for ADC_ConversionStop_Disable
    stm32f1xx_hal_adc.o(i.HAL_ADC_DeInit) refers to adc.o(i.HAL_ADC_MspDeInit) for HAL_ADC_MspDeInit
    stm32f1xx_hal_adc.o(i.HAL_ADC_IRQHandler) refers to stm32f1xx_hal_adc.o(i.HAL_ADC_ConvCpltCallback) for HAL_ADC_ConvCpltCallback
    stm32f1xx_hal_adc.o(i.HAL_ADC_IRQHandler) refers to main.o(i.HAL_ADCEx_InjectedConvCpltCallback) for HAL_ADCEx_InjectedConvCpltCallback
    stm32f1xx_hal_adc.o(i.HAL_ADC_IRQHandler) refers to stm32f1xx_hal_adc.o(i.HAL_ADC_LevelOutOfWindowCallback) for HAL_ADC_LevelOutOfWindowCallback
    stm32f1xx_hal_adc.o(i.HAL_ADC_Init) refers to adc.o(i.HAL_ADC_MspInit) for HAL_ADC_MspInit
    stm32f1xx_hal_adc.o(i.HAL_ADC_Init) refers to stm32f1xx_hal_adc.o(i.ADC_ConversionStop_Disable) for ADC_ConversionStop_Disable
    stm32f1xx_hal_adc.o(i.HAL_ADC_PollForConversion) refers to stm32f1xx_hal.o(i.HAL_GetTick) for HAL_GetTick
    stm32f1xx_hal_adc.o(i.HAL_ADC_PollForConversion) refers to stm32f1xx_hal_rcc_ex.o(i.HAL_RCCEx_GetPeriphCLKFreq) for HAL_RCCEx_GetPeriphCLKFreq
    stm32f1xx_hal_adc.o(i.HAL_ADC_PollForConversion) refers to system_stm32f1xx.o(.data) for SystemCoreClock
    stm32f1xx_hal_adc.o(i.HAL_ADC_PollForEvent) refers to stm32f1xx_hal.o(i.HAL_GetTick) for HAL_GetTick
    stm32f1xx_hal_adc.o(i.HAL_ADC_Start) refers to stm32f1xx_hal_adc.o(i.ADC_Enable) for ADC_Enable
    stm32f1xx_hal_adc.o(i.HAL_ADC_Start_DMA) refers to stm32f1xx_hal_adc.o(i.ADC_Enable) for ADC_Enable
    stm32f1xx_hal_adc.o(i.HAL_ADC_Start_DMA) refers to stm32f1xx_hal_dma.o(i.HAL_DMA_Start_IT) for HAL_DMA_Start_IT
    stm32f1xx_hal_adc.o(i.HAL_ADC_Start_DMA) refers to stm32f1xx_hal_adc.o(i.ADC_DMAConvCplt) for ADC_DMAConvCplt
    stm32f1xx_hal_adc.o(i.HAL_ADC_Start_DMA) refers to stm32f1xx_hal_adc.o(i.ADC_DMAHalfConvCplt) for ADC_DMAHalfConvCplt
    stm32f1xx_hal_adc.o(i.HAL_ADC_Start_DMA) refers to stm32f1xx_hal_adc.o(i.ADC_DMAError) for ADC_DMAError
    stm32f1xx_hal_adc.o(i.HAL_ADC_Start_IT) refers to stm32f1xx_hal_adc.o(i.ADC_Enable) for ADC_Enable
    stm32f1xx_hal_adc.o(i.HAL_ADC_Stop) refers to stm32f1xx_hal_adc.o(i.ADC_ConversionStop_Disable) for ADC_ConversionStop_Disable
    stm32f1xx_hal_adc.o(i.HAL_ADC_Stop_DMA) refers to stm32f1xx_hal_adc.o(i.ADC_ConversionStop_Disable) for ADC_ConversionStop_Disable
    stm32f1xx_hal_adc.o(i.HAL_ADC_Stop_DMA) refers to stm32f1xx_hal_dma.o(i.HAL_DMA_Abort) for HAL_DMA_Abort
    stm32f1xx_hal_adc.o(i.HAL_ADC_Stop_IT) refers to stm32f1xx_hal_adc.o(i.ADC_ConversionStop_Disable) for ADC_ConversionStop_Disable
    stm32f1xx_hal_adc_ex.o(i.HAL_ADCEx_Calibration_Start) refers to stm32f1xx_hal_adc.o(i.ADC_ConversionStop_Disable) for ADC_ConversionStop_Disable
    stm32f1xx_hal_adc_ex.o(i.HAL_ADCEx_Calibration_Start) refers to stm32f1xx_hal_rcc_ex.o(i.HAL_RCCEx_GetPeriphCLKFreq) for HAL_RCCEx_GetPeriphCLKFreq
    stm32f1xx_hal_adc_ex.o(i.HAL_ADCEx_Calibration_Start) refers to stm32f1xx_hal_adc.o(i.ADC_Enable) for ADC_Enable
    stm32f1xx_hal_adc_ex.o(i.HAL_ADCEx_Calibration_Start) refers to stm32f1xx_hal.o(i.HAL_GetTick) for HAL_GetTick
    stm32f1xx_hal_adc_ex.o(i.HAL_ADCEx_Calibration_Start) refers to system_stm32f1xx.o(.data) for SystemCoreClock
    stm32f1xx_hal_adc_ex.o(i.HAL_ADCEx_InjectedConfigChannel) refers to system_stm32f1xx.o(.data) for SystemCoreClock
    stm32f1xx_hal_adc_ex.o(i.HAL_ADCEx_InjectedPollForConversion) refers to stm32f1xx_hal.o(i.HAL_GetTick) for HAL_GetTick
    stm32f1xx_hal_adc_ex.o(i.HAL_ADCEx_InjectedPollForConversion) refers to stm32f1xx_hal_rcc_ex.o(i.HAL_RCCEx_GetPeriphCLKFreq) for HAL_RCCEx_GetPeriphCLKFreq
    stm32f1xx_hal_adc_ex.o(i.HAL_ADCEx_InjectedPollForConversion) refers to system_stm32f1xx.o(.data) for SystemCoreClock
[...]
    .text                                    0x08000598   Section        0  llshl.o(.text)
    .text                                    0x080005b6   Section        0  llsshr.o(.text)
    .text                                    0x080005da   Section        0  iusefp.o(.text)
    .text                                    0x080005da   Section        0  fepilogue.o(.text)
    .text                                    0x08000648   Section        0  depilogue.o(.text)
    .text                                    0x08000704   Section       36  init.o(.text)
    .text                                    0x08000728   Section        0  __dczerorl2.o(.text)
    i.ADC1_2_IRQHandler                      0x08000780   Section        0  stm32f1xx_it.o(i.ADC1_2_IRQHandler)
    i.ADC_ConversionStop_Disable             0x0800079c   Section        0  stm32f1xx_hal_adc.o(i.ADC_ConversionStop_Disable)
    i.ADC_Current_Offest                     0x080007f0   Section        0  basic_function.o(i.ADC_Current_Offest)
    i.ADC_Enable                             0x08000864   Section        0  stm32f1xx_hal_adc.o(i.ADC_Enable)
    i.BusFault_Handler                       0x080008dc   Section        0  stm32f1xx_it.o(i.BusFault_Handler)
    i.Clark_Transform                        0x080008e0   Section        0  foc.o(i.Clark_Transform)
    i.Commicate_Data_Init                    0x08000924   Section        0  object_commicate.o(i.Commicate_Data_Init)
    i.Control_Data_Init                      0x08000940   Section        0  parameter.o(i.Control_Data_Init)
    i.Current_Loop                           0x08000994   Section        0  control_loop.o(i.Current_Loop)
    i.DMA1_Channel2_IRQHandler               0x080009fc   Section        0  stm32f1xx_it.o(i.DMA1_Channel2_IRQHandler)
    i.DMA1_Channel3_IRQHandler               0x08000a1c   Section        0  stm32f1xx_it.o(i.DMA1_Channel3_IRQHandler)
    i.DMA1_Channel4_IRQHandler               0x08000a3c   Section        0  stm32f1xx_it.o(i.DMA1_Channel4_IRQHandler)
    i.DMA1_Channel5_IRQHandler               0x08000a48   Section        0  stm32f1xx_it.o(i.DMA1_Channel5_IRQHandler)
    i.DMA1_Channel6_IRQHandler               0x08000a54   Section        0  stm32f1xx_it.o(i.DMA1_Channel6_IRQHandler)
    i.DMA1_Channel7_IRQHandler               0x08000a60   Section        0  stm32f1xx_it.o(i.DMA1_Channel7_IRQHandler)
    i.DMA_SetConfig                          0x08000a6c   Section        0  stm32f1xx_hal_dma.o(i.DMA_SetConfig)
    DMA_SetConfig                            0x08000a6d   Thumb Code    42  stm32f1xx_hal_dma.o(i.DMA_SetConfig)
    i.DebugMon_Handler                       0x08000a96   Section        0  stm32f1xx_it.o(i.DebugMon_Handler)
    i.Enable_Logic_Control                   0x08000a98   Section        0  basic_function.o(i.Enable_Logic_Control)
    i.Encoder_Get_Angle                      0x08000b20   Section        0  encoder.o(i.Encoder_Get_Angle)
    i.Encoder_Init                           0x08000c20   Section        0  encoder.o(i.Encoder_Init)
    i.Encoder_To_Electri_Angle               0x08000c58   Section        0  basic_function.o(i.Encoder_To_Electri_Angle)
    i.Error_Handler                          0x08000d3c   Section        0  main.o(i.Error_Handler)
    i.FOC_Control                            0x08000d40   Section        0  foc.o(i.FOC_Control)
    i.Get_Communicte_Data_Number             0x08000e2c   Section        0  object_commicate.o(i.Get_Communicte_Data_Number)
    i.HAL_ADCEx_Calibration_Start            0x08000e38   Section        0  stm32f1xx_hal_adc_ex.o(i.HAL_ADCEx_Calibration_Start)
    i.HAL_ADCEx_InjectedConfigChannel        0x08000f10   Section        0  stm32f1xx_hal_adc_ex.o(i.HAL_ADCEx_InjectedConfigChannel)
    i.HAL_ADCEx_InjectedConvCpltCallback     0x080010ec   Section        0  main.o(i.HAL_ADCEx_InjectedConvCpltCallback)
    i.HAL_ADCEx_InjectedGetValue             0x08001168   Section        0  stm32f1xx_hal_adc_ex.o(i.HAL_ADCEx_InjectedGetValue)
    i.HAL_ADCEx_InjectedStart                0x08001188   Section        0  stm32f1xx_hal_adc_ex.o(i.HAL_ADCEx_InjectedStart)
    i.HAL_ADCEx_InjectedStart_IT             0x08001230   Section        0  stm32f1xx_hal_adc_ex.o(i.HAL_ADCEx_InjectedStart_IT)
    i.HAL_ADCEx_MultiModeConfigChannel       0x080012e4   Section        0  stm32f1xx_hal_adc_ex.o(i.HAL_ADCEx_MultiModeConfigChannel)
    i.HAL_ADC_ConvCpltCallback               0x08001354   Section        0  stm32f1xx_hal_adc.o(i.HAL_ADC_ConvCpltCallback)
    i.HAL_ADC_IRQHandler                     0x08001356   Section        0  stm32f1xx_hal_adc.o(i.HAL_ADC_IRQHandler)
    i.HAL_ADC_Init                           0x0800143c   Section        0  stm32f1xx_hal_adc.o(i.HAL_ADC_Init)
    i.HAL_ADC_LevelOutOfWindowCallback       0x08001558   Section        0  stm32f1xx_hal_adc.o(i.HAL_ADC_LevelOutOfWindowCallback)
    i.HAL_ADC_MspInit                        0x0800155c   Section        0  adc.o(i.HAL_ADC_MspInit)
    i.HAL_DMA_Abort                          0x080015f4   Section        0  stm32f1xx_hal_dma.o(i.HAL_DMA_Abort)
    i.HAL_DMA_IRQHandler                     0x0800163c   Section        0  stm32f1xx_hal_dma.o(i.HAL_DMA_IRQHandler)
    i.HAL_DMA_Init                           0x08001794   Section        0  stm32f1xx_hal_dma.o(i.HAL_DMA_Init)
    i.HAL_DMA_Start_IT                       0x080017f0   Section        0  stm32f1xx_hal_dma.o(i.HAL_DMA_Start_IT)
    i.HAL_Delay                              0x08001860   Section        0  stm32f1xx_hal.o(i.HAL_Delay)
    i.HAL_GPIO_Init                          0x08001884   Section        0  stm32f1xx_hal_gpio.o(i.HAL_GPIO_Init)
    i.HAL_GPIO_WritePin                      0x08001a50   Section        0  stm32f1xx_hal_gpio.o(i.HAL_GPIO_WritePin)
    i.HAL_GetTick                            0x08001a5c   Section        0  stm32f1xx_hal.o(i.HAL_GetTick)
    i.HAL_IncTick                            0x08001a68   Section        0  stm32f1xx_hal.o(i.HAL_IncTick)
    i.HAL_Init                               0x08001a78   Section        0  stm32f1xx_hal.o(i.HAL_Init)
    i.HAL_InitTick                           0x08001a9c   Section        0  stm32f1xx_hal.o(i.HAL_InitTick)
    i.HAL_MspInit                            0x08001adc   Section        0  stm32f1xx_hal_msp.o(i.HAL_MspInit)
    i.HAL_NVIC_EnableIRQ                     0x08001b18   Section        0  stm32f1xx_hal_cortex.o(i.HAL_NVIC_EnableIRQ)
    i.HAL_NVIC_SetPriority                   0x08001b34   Section        0  stm32f1xx_hal_cortex.o(i.HAL_NVIC_SetPriority)
    i.HAL_NVIC_SetPriorityGrouping           0x08001b74   Section        0  stm32f1xx_hal_cortex.o(i.HAL_NVIC_SetPriorityGrouping)
    i.HAL_RCCEx_GetPeriphCLKFreq             0x08001b98   Section        0  stm32f1xx_hal_rcc_ex.o(i.HAL_RCCEx_GetPeriphCLKFreq)
    i.HAL_RCCEx_PeriphCLKConfig              0x08001c5c   Section        0  stm32f1xx_hal_rcc_ex.o(i.HAL_RCCEx_PeriphCLKConfig)
    i.HAL_RCC_ClockConfig                    0x08001d44   Section        0  stm32f1xx_hal_rcc.o(i.HAL_RCC_ClockConfig)
    i.HAL_RCC_GetPCLK1Freq                   0x08001e7c   Section        0  stm32f1xx_hal_rcc.o(i.HAL_RCC_GetPCLK1Freq)
    i.HAL_RCC_GetPCLK2Freq                   0x08001e9c   Section        0  stm32f1xx_hal_rcc.o(i.HAL_RCC_GetPCLK2Freq)
    i.HAL_RCC_GetSysClockFreq                0x08001ebc   Section        0  stm32f1xx_hal_rcc.o(i.HAL_RCC_GetSysClockFreq)
    i.HAL_RCC_OscConfig                      0x08001f28   Section        0  stm32f1xx_hal_rcc.o(i.HAL_RCC_OscConfig)
    i.HAL_SPI_ErrorCallback                  0x08002240   Section        0  stm32f1xx_hal_spi.o(i.HAL_SPI_ErrorCallback)
    i.HAL_SPI_Init                           0x08002242   Section        0  stm32f1xx_hal_spi.o(i.HAL_SPI_Init)
    i.HAL_SPI_MspInit                        0x080022f4   Section        0  spi.o(i.HAL_SPI_MspInit)
    i.HAL_SPI_RxCpltCallback                 0x080023c8   Section        0  stm32f1xx_hal_spi.o(i.HAL_SPI_RxCpltCallback)
    i.HAL_SPI_RxHalfCpltCallback             0x080023ca   Section        0  stm32f1xx_hal_spi.o(i.HAL_SPI_RxHalfCpltCallback)
    i.HAL_SPI_TransmitReceive_DMA            0x080023cc   Section        0  stm32f1xx_hal_spi.o(i.HAL_SPI_TransmitReceive_DMA)
    i.HAL_SPI_TxRxCpltCallback               0x080024f0   Section        0  stm32f1xx_hal_spi.o(i.HAL_SPI_TxRxCpltCallback)
    i.HAL_SPI_TxRxHalfCpltCallback           0x080024f2   Section        0  stm32f1xx_hal_spi.o(i.HAL_SPI_TxRxHalfCpltCallback)
    i.HAL_SYSTICK_Config                     0x080024f4   Section        0  stm32f1xx_hal_cortex.o(i.HAL_SYSTICK_Config)
    i.HAL_TIMEx_BreakCallback                0x0800251c   Section        0  stm32f1xx_hal_tim_ex.o(i.HAL_TIMEx_BreakCallback)
    i.HAL_TIMEx_CommutCallback               0x0800251e   Section        0  stm32f1xx_hal_tim_ex.o(i.HAL_TIMEx_CommutCallback)
    i.HAL_TIMEx_ConfigBreakDeadTime          0x08002520   Section        0  stm32f1xx_hal_tim_ex.o(i.HAL_TIMEx_ConfigBreakDeadTime)
    i.HAL_TIMEx_MasterConfigSynchronization  0x08002574   Section        0  stm32f1xx_hal_tim_ex.o(i.HAL_TIMEx_MasterConfigSynchronization)
    i.HAL_TIM_Base_Init                      0x080025dc   Section        0  stm32f1xx_hal_tim.o(i.HAL_TIM_Base_Init)
    i.HAL_TIM_Base_MspInit                   0x08002638   Section        0  tim.o(i.HAL_TIM_Base_MspInit)
    i.HAL_TIM_Base_Start_IT                  0x08002688   Section        0  stm32f1xx_hal_tim.o(i.HAL_TIM_Base_Start_IT)
    i.HAL_TIM_ConfigClockSource              0x080026e0   Section        0  stm32f1xx_hal_tim.o(i.HAL_TIM_ConfigClockSource)
    i.HAL_TIM_IC_CaptureCallback             0x080027b6   Section        0  stm32f1xx_hal_tim.o(i.HAL_TIM_IC_CaptureCallback)
    i.HAL_TIM_IRQHandler                     0x080027b8   Section        0  stm32f1xx_hal_tim.o(i.HAL_TIM_IRQHandler)
    i.HAL_TIM_MspPostInit                    0x08002920   Section        0  tim.o(i.HAL_TIM_MspPostInit)
    i.HAL_TIM_OC_ConfigChannel               0x08002970   Section        0  stm32f1xx_hal_tim.o(i.HAL_TIM_OC_ConfigChannel)
    i.HAL_TIM_OC_DelayElapsedCallback        0x080029bc   Section        0  stm32f1xx_hal_tim.o(i.HAL_TIM_OC_DelayElapsedCallback)
    i.HAL_TIM_OC_Init                        0x080029be   Section        0  stm32f1xx_hal_tim.o(i.HAL_TIM_OC_Init)
    i.HAL_TIM_OC_MspInit                     0x08002a18   Section        0  stm32f1xx_hal_tim.o(i.HAL_TIM_OC_MspInit)
    i.HAL_TIM_PWM_ConfigChannel              0x08002a1a   Section        0  stm32f1xx_hal_tim.o(i.HAL_TIM_PWM_ConfigChannel)
    i.HAL_TIM_PWM_Init                       0x08002ae0   Section        0  stm32f1xx_hal_tim.o(i.HAL_TIM_PWM_Init)
    i.HAL_TIM_PWM_MspInit                    0x08002b3a   Section        0  stm32f1xx_hal_tim.o(i.HAL_TIM_PWM_MspInit)
    i.HAL_TIM_PWM_PulseFinishedCallback      0x08002b3c   Section        0  stm32f1xx_hal_tim.o(i.HAL_TIM_PWM_PulseFinishedCallback)
    i.HAL_TIM_PWM_Start                      0x08002b40   Section        0  stm32f1xx_hal_tim.o(i.HAL_TIM_PWM_Start)
    i.HAL_TIM_PWM_Stop                       0x08002be0   Section        0  stm32f1xx_hal_tim.o(i.HAL_TIM_PWM_Stop)
    i.HAL_TIM_PeriodElapsedCallback          0x08002c50   Section        0  main.o(i.HAL_TIM_PeriodElapsedCallback)
    i.HAL_TIM_TriggerCallback                0x08002c60   Section        0  stm32f1xx_hal_tim.o(i.HAL_TIM_TriggerCallback)
    i.HAL_UARTEx_RxEventCallback             0x08002c62   Section        0  stm32f1xx_hal_uart.o(i.HAL_UARTEx_RxEventCallback)
    i.HAL_UART_DMAStop                       0x08002c64   Section        0  stm32f1xx_hal_uart.o(i.HAL_UART_DMAStop)
    i.HAL_UART_ErrorCallback                 0x08002cbc   Section        0  stm32f1xx_hal_uart.o(i.HAL_UART_ErrorCallback)
    i.HAL_UART_Init                          0x08002cbe   Section        0  stm32f1xx_hal_uart.o(i.HAL_UART_Init)
    i.HAL_UART_MspInit                       0x08002d20   Section        0  usart.o(i.HAL_UART_MspInit)
    i.HAL_UART_Receive_DMA                   0x08002e14   Section        0  stm32f1xx_hal_uart.o(i.HAL_UART_Receive_DMA)
    i.HAL_UART_RxCpltCallback                0x08002e3e   Section        0  stm32f1xx_hal_uart.o(i.HAL_UART_RxCpltCallback)
    i.HAL_UART_RxHalfCpltCallback            0x08002e40   Section        0  stm32f1xx_hal_uart.o(i.HAL_UART_RxHalfCpltCallback)
    i.HAL_UART_Transmit_DMA                  0x08002e44   Section        0  stm32f1xx_hal_uart.o(i.HAL_UART_Transmit_DMA)
    i.HAL_UART_TxCpltCallback                0x08002ec4   Section        0  stm32f1xx_hal_uart.o(i.HAL_UART_TxCpltCallback)
    i.HAL_UART_TxHalfCpltCallback            0x08002ec6   Section        0  stm32f1xx_hal_uart.o(i.HAL_UART_TxHalfCpltCallback)
    i.HAL_UART_Tx_End_Callback               0x08002ec8   Section        0  usart.o(i.HAL_UART_Tx_End_Callback)
    i.HardFault_Handler                      0x08002f14   Section        0  stm32f1xx_it.o(i.HardFault_Handler)
    i.Hardware_Init                          0x08002f18   Section        0  parameter.o(i.Hardware_Init)
    i.Interrupt_1MS                          0x08002f40   Section        0  basic_function.o(i.Interrupt_1MS)
    i.Inverse_Park_Transform                 0x08002f42   Section        0  foc.o(i.Inverse_Park_Transform)
    i.Loop_Init                              0x08002f6c   Section        0  control_loop.o(i.Loop_Init)
    i.MX_ADC1_Init                           0x08002f94   Section        0  adc.o(i.MX_ADC1_Init)
    i.MX_ADC2_Init                           0x08003010   Section        0  adc.o(i.MX_ADC2_Init)
    i.MX_DMA_Init                            0x08003070   Section        0  dma.o(i.MX_DMA_Init)
    i.MX_GPIO_Init                           0x080030ec   Section        0  gpio.o(i.MX_GPIO_Init)
    i.MX_SPI1_Init                           0x080031ec   Section        0  spi.o(i.MX_SPI1_Init)
    i.MX_TIM1_Init                           0x08003238   Section        0  tim.o(i.MX_TIM1_Init)
    i.MX_TIM2_Init                           0x0800333c   Section        0  tim.o(i.MX_TIM2_Init)
    i.MX_USART1_UART_Init                    0x080033d0   Section        0  usart.o(i.MX_USART1_UART_Init)
    i.MemManage_Handler                      0x0800340c   Section        0  stm32f1xx_it.o(i.MemManage_Handler)
    i.Model_Control                          0x08003410   Section        0  basic_function.o(i.Model_Control)
    i.NMI_Handler                            0x08003514   Section        0  stm32f1xx_it.o(i.NMI_Handler)
    i.Open_Voltage_Loop                      0x08003518   Section        0  control_loop.o(i.Open_Voltage_Loop)
    i.PID_Init                               0x080037b4   Section        0  control_loop.o(i.PID_Init)
    PID_Init                                 0x080037b5   Thumb Code    22  control_loop.o(i.PID_Init)
    i.Parallel_PID                           0x080037ca   Section        0  control_loop.o(i.Parallel_PID)
    Parallel_PID                             0x080037cb   Thumb Code   130  control_loop.o(i.Parallel_PID)
    i.Parameter_Init                         0x0800384c   Section        0  parameter.o(i.Parameter_Init)
    i.Park_Transform                         0x08003880   Section        0  foc.o(i.Park_Transform)
    i.PendSV_Handler                         0x080038aa   Section        0  stm32f1xx_it.o(i.PendSV_Handler)
    i.Position_Loop                          0x080038ac   Section        0  control_loop.o(i.Position_Loop)
    i.SPI_DMAError                           0x080038b8   Section        0  stm32f1xx_hal_spi.o(i.SPI_DMAError)
    SPI_DMAError                             0x080038b9   Thumb Code    34  stm32f1xx_hal_spi.o(i.SPI_DMAError)
    i.SPI_DMAHalfReceiveCplt                 0x080038da   Section        0  stm32f1xx_hal_spi.o(i.SPI_DMAHalfReceiveCplt)
    SPI_DMAHalfReceiveCplt                   0x080038db   Thumb Code    10  stm32f1xx_hal_spi.o(i.SPI_DMAHalfReceiveCplt)
    i.SPI_DMAHalfTransmitReceiveCplt         0x080038e4   Section        0  stm32f1xx_hal_spi.o(i.SPI_DMAHalfTransmitReceiveCplt)
    SPI_DMAHalfTransmitReceiveCplt           0x080038e5   Thumb Code    10  stm32f1xx_hal_spi.o(i.SPI_DMAHalfTransmitReceiveCplt)
    i.SPI_DMAReceiveCplt                     0x080038ee   Section        0  stm32f1xx_hal_spi.o(i.SPI_DMAReceiveCplt)
    SPI_DMAReceiveCplt                       0x080038ef   Thumb Code   106  stm32f1xx_hal_spi.o(i.SPI_DMAReceiveCplt)
    i.SPI_DMATransmitReceiveCplt             0x08003958   Section        0  stm32f1xx_hal_spi.o(i.SPI_DMATransmitReceiveCplt)
    SPI_DMATransmitReceiveCplt               0x08003959   Thumb Code    90  stm32f1xx_hal_spi.o(i.SPI_DMATransmitReceiveCplt)
    i.SPI_EndRxTransaction                   0x080039b2   Section        0  stm32f1xx_hal_spi.o(i.SPI_EndRxTransaction)
    SPI_EndRxTransaction                     0x080039b3   Thumb Code    92  stm32f1xx_hal_spi.o(i.SPI_EndRxTransaction)
    i.SPI_EndRxTxTransaction                 0x08003a0e   Section        0  stm32f1xx_hal_spi.o(i.SPI_EndRxTxTransaction)
    SPI_EndRxTxTransaction                   0x08003a0f   Thumb Code    32  stm32f1xx_hal_spi.o(i.SPI_EndRxTxTransaction)
    i.SPI_WaitFlagStateUntilTimeout          0x08003a30   Section        0  stm32f1xx_hal_spi.o(i.SPI_WaitFlagStateUntilTimeout)
    SPI_WaitFlagStateUntilTimeout            0x08003a31   Thumb Code   180  stm32f1xx_hal_spi.o(i.SPI_WaitFlagStateUntilTimeout)
    i.STM32_HAL_PWM_SET_Compare              0x08003ae8   Section        0  basic_function.o(i.STM32_HAL_PWM_SET_Compare)
    i.STM32_Infrastructure_Init              0x08003b04   Section        0  basic_function.o(i.STM32_Infrastructure_Init)
    i.SVC_Handler                            0x08003b6c   Section        0  stm32f1xx_it.o(i.SVC_Handler)
    i.SVPWM                                  0x08003b70   Section        0  foc.o(i.SVPWM)
    i.Speed_Loop                             0x08003dcc   Section        0  control_loop.o(i.Speed_Loop)
    i.SysTick_Handler                        0x08003dce   Section        0  stm32f1xx_it.o(i.SysTick_Handler)
    i.SystemClock_Config                     0x08003dd2   Section        0  main.o(i.SystemClock_Config)
    i.SystemInit                             0x08003e4c   Section        0  system_stm32f1xx.o(i.SystemInit)
    i.TEST_GPIO_Init                         0x08003e50   Section        0  gpio.o(i.TEST_GPIO_Init)
    i.TIM2_IRQHandler                        0x08003ea0   Section        0  stm32f1xx_it.o(i.TIM2_IRQHandler)
    i.TIM_Base_SetConfig                     0x08003eac   Section        0  stm32f1xx_hal_tim.o(i.TIM_Base_SetConfig)
    i.TIM_CCxChannelCmd                      0x08003f18   Section        0  stm32f1xx_hal_tim.o(i.TIM_CCxChannelCmd)
    i.TIM_ETR_SetConfig                      0x08003f32   Section        0  stm32f1xx_hal_tim.o(i.TIM_ETR_SetConfig)
    i.TIM_ITRx_SetConfig                     0x08003f46   Section        0  stm32f1xx_hal_tim.o(i.TIM_ITRx_SetConfig)
    TIM_ITRx_SetConfig                       0x08003f47   Thumb Code    16  stm32f1xx_hal_tim.o(i.TIM_ITRx_SetConfig)
    i.TIM_OC1_SetConfig                      0x08003f58   Section        0  stm32f1xx_hal_tim.o(i.TIM_OC1_SetConfig)
    TIM_OC1_SetConfig                        0x08003f59   Thumb Code    82  stm32f1xx_hal_tim.o(i.TIM_OC1_SetConfig)
    i.TIM_OC2_SetConfig                      0x08003fb0   Section        0  stm32f1xx_hal_tim.o(i.TIM_OC2_SetConfig)
    i.TIM_OC3_SetConfig                      0x0800400c   Section        0  stm32f1xx_hal_tim.o(i.TIM_OC3_SetConfig)
    TIM_OC3_SetConfig                        0x0800400d   Thumb Code    84  stm32f1xx_hal_tim.o(i.TIM_OC3_SetConfig)
    i.TIM_OC4_SetConfig                      0x08004064   Section        0  stm32f1xx_hal_tim.o(i.TIM_OC4_SetConfig)
    TIM_OC4_SetConfig                        0x08004065   Thumb Code    64  stm32f1xx_hal_tim.o(i.TIM_OC4_SetConfig)
    i.TIM_TI1_ConfigInputStage               0x080040a8   Section        0  stm32f1xx_hal_tim.o(i.TIM_TI1_ConfigInputStage)
    TIM_TI1_ConfigInputStage                 0x080040a9   Thumb Code    34  stm32f1xx_hal_tim.o(i.TIM_TI1_ConfigInputStage)
    i.TIM_TI2_ConfigInputStage               0x080040ca   Section        0  stm32f1xx_hal_tim.o(i.TIM_TI2_ConfigInputStage)
    TIM_TI2_ConfigInputStage                 0x080040cb   Thumb Code    36  stm32f1xx_hal_tim.o(i.TIM_TI2_ConfigInputStage)
    i.UART_DMAError                          0x080040ee   Section        0  stm32f1xx_hal_uart.o(i.UART_DMAError)
    UART_DMAError                            0x080040ef   Thumb Code    74  stm32f1xx_hal_uart.o(i.UART_DMAError)
    i.UART_DMAReceiveCplt                    0x08004138   Section        0  stm32f1xx_hal_uart.o(i.UART_DMAReceiveCplt)
    UART_DMAReceiveCplt                      0x08004139   Thumb Code    90  stm32f1xx_hal_uart.o(i.UART_DMAReceiveCplt)
    i.UART_DMARxHalfCplt                     0x08004192   Section        0  stm32f1xx_hal_uart.o(i.UART_DMARxHalfCplt)
    UART_DMARxHalfCplt                       0x08004193   Thumb Code    26  stm32f1xx_hal_uart.o(i.UART_DMARxHalfCplt)
    i.UART_DMATransmitCplt                   0x080041ac   Section        0  stm32f1xx_hal_uart.o(i.UART_DMATransmitCplt)
    UART_DMATransmitCplt                     0x080041ad   Thumb Code    46  stm32f1xx_hal_uart.o(i.UART_DMATransmitCplt)
    i.UART_DMATxHalfCplt                     0x080041da   Section        0  stm32f1xx_hal_uart.o(i.UART_DMATxHalfCplt)
    UART_DMATxHalfCplt                       0x080041db   Thumb Code    10  stm32f1xx_hal_uart.o(i.UART_DMATxHalfCplt)
    i.UART_EndRxTransfer                     0x080041e4   Section        0  stm32f1xx_hal_uart.o(i.UART_EndRxTransfer)
    UART_EndRxTransfer                       0x080041e5   Thumb Code    48  stm32f1xx_hal_uart.o(i.UART_EndRxTransfer)
    i.UART_EndTxTransfer                     0x08004214   Section        0  stm32f1xx_hal_uart.o(i.UART_EndTxTransfer)
    UART_EndTxTransfer                       0x08004215   Thumb Code    18  stm32f1xx_hal_uart.o(i.UART_EndTxTransfer)
    i.UART_SetConfig                         0x08004228   Section        0  stm32f1xx_hal_uart.o(i.UART_SetConfig)
    UART_SetConfig                           0x08004229   Thumb Code   178  stm32f1xx_hal_uart.o(i.UART_SetConfig)
    i.UART_Start_Receive_DMA                 0x080042e0   Section        0  stm32f1xx_hal_uart.o(i.UART_Start_Receive_DMA)
    i.USART1_IRQHandler                      0x08004354   Section        0  stm32f1xx_it.o(i.USART1_IRQHandler)
    i.Uart_Loop_Debug_Write                  0x080043a4   Section        0  usart.o(i.Uart_Loop_Debug_Write)
    i.UsageFault_Handler                     0x0800459c   Section        0  stm32f1xx_it.o(i.UsageFault_Handler)
    i._CLEAN                                 0x0800459e   Section        0  parameter.o(i._CLEAN)
    i._NEGA                                  0x080045a6   Section        0  parameter.o(i._NEGA)
    i._SET                                   0x080045ae   Section        0  parameter.o(i._SET)
    i._TEST                                  0x080045b6   Section        0  parameter.o(i._TEST)
    i.__NVIC_SetPriority                     0x080045c0   Section        0  stm32f1xx_hal_cortex.o(i.__NVIC_SetPriority)
    __NVIC_SetPriority                       0x080045c1   Thumb Code    32  stm32f1xx_hal_cortex.o(i.__NVIC_SetPriority)
    i.__scatterload_copy                     0x080045e0   Section       14  handlers.o(i.__scatterload_copy)
    i.__scatterload_null                     0x080045ee   Section        2  handlers.o(i.__scatterload_null)
    i.__scatterload_zeroinit                 0x080045f0   Section       14  handlers.o(i.__scatterload_zeroinit)
    i.main                                   0x08004600   Section        0  main.o(i.main)
    i.oscilloscope_send                      0x08004670   Section        0  usart.o(i.oscilloscope_send)
    oscilloscope_send                        0x08004671   Thumb Code    82  usart.o(i.oscilloscope_send)
    i.uart_idleback                          0x080046d4   Section        0  usart.o(i.uart_idleback)
    .constdata                               0x08004734   Section       16  system_stm32f1xx.o(.constdata)
    .constdata                               0x08004744   Section        8  system_stm32f1xx.o(.constdata)
    .data                                    0x20000000   Section        4  system_stm32f1xx.o(.data)
    .data                                    0x20000004   Section       12  stm32f1xx_hal.o(.data)
    .data                                    0x20000010   Section      136  encoder.o(.data)
    limit                                    0x20000010   Data           1  encoder.o(.data)
    init                                     0x20000011   Data           1  encoder.o(.data)
    .data                                    0x20000098   Section        2  basic_function.o(.data)
    angle_sine                               0x20000098   Data           2  basic_function.o(.data)
    .data                                    0x2000009a   Section        1  modbus.o(.data)
    .data                                    0x2000009c   Section        2  object_commicate.o(.data)
    .data                                    0x200000a0   Section        8  control_loop.o(.data)
    polar                                    0x200000a0   Data           1  control_loop.o(.data)
    state                                    0x200000a1   Data           1  control_loop.o(.data)
    Pulse_Buffer                             0x200000a2   Data           2  control_loop.o(.data)
    count                                    0x200000a4   Data           4  control_loop.o(.data)
    .data                                    0x200000a8   Section        6  foc.o(.data)
    Loop_Count                               0x200000a8   Data           1  foc.o(.data)
    .data                                    0x200000b0   Section        8  foc.o(.data)
    .data                                    0x200000b8   Section      256  table.o(.data)
    .data                                    0x200001b8   Section        6  main.o(.data)
    .data                                    0x200001be   Section       10  usart.o(.data)
    to_init                                  0x200001be   Data           1  usart.o(.data)
    interval                                 0x200001bf   Data           1  usart.o(.data)
    uart_status_byte                         0x200001c0   Data           1  usart.o(.data)
    frame_length                             0x200001c1   Data           1  usart.o(.data)
    Test_Uart                                0x200001c2   Data           1  usart.o(.data)
    buffer_turn_differ                       0x200001c3   Data           1  usart.o(.data)
    write_address                            0x200001c4   Data           2  usart.o(.data)
    read_address                             0x200001c6   Data           2  usart.o(.data)
    .data                                    0x200001c8   Section        8  parameter.o(.data)
    .bss                                     0x200001d0   Section       44  encoder.o(.bss)
    .bss                                     0x200001fc   Section       80  modbus.o(.bss)
    .bss                                     0x2000024c   Section       30  modbus.o(.bss)
    .bss                                     0x2000026a   Section       30  modbus.o(.bss)
    .bss                                     0x20000288   Section       92  control_loop.o(.bss)
    .bss                                     0x200002e4   Section       92  control_loop.o(.bss)
    .bss                                     0x20000340   Section       92  control_loop.o(.bss)
    .bss                                     0x2000039c   Section       92  control_loop.o(.bss)
    .bss                                     0x200003f8   Section      240  control_loop.o(.bss)
    .bss                                     0x200004e8   Section       80  foc.o(.bss)
    .bss                                     0x20000538   Section       96  adc.o(.bss)
    .bss                                     0x20000598   Section      220  i2c.o(.bss)
    .bss                                     0x20000674   Section      224  spi.o(.bss)
    .bss                                     0x20000754   Section      144  tim.o(.bss)
    .bss                                     0x200007e4   Section    16624  usart.o(.bss)
    .bss                                     0x200048d4   Section       52  parameter.o(.bss)
    STACK                                    0x20004908   Section     1024  startup_stm32f103xb.o(STACK)

    Global Symbols

    Symbol Name                              Value     Ov Type        Size  Object(Section)

    BuildAttributes$$THM_ISAv4$P$D$K$B$S$PE$A:L22UL41UL21$X:L11$S22US41US21$IEEE1$IW$USESV6$~STKCKD$USESV7$~SHL$OTIME$ROPI$EBA8$MICROLIB$REQ8$PRES8$EABIv2 0x00000000   Number         0  anon$$obj.o ABSOLUTE
    __ARM_use_no_argv                        0x00000000   Number         0  main.o ABSOLUTE
    __arm_fini_                               - Undefined Weak Reference
    __cpp_initialize__aeabi_                  - Undefined Weak Reference
    __cxa_finalize                            - Undefined Weak Reference
    _clock_init                               - Undefined Weak Reference
    _microlib_exit                            - Undefined Weak Reference
    __Vectors_Size                           0x000000ec   Number         0  startup_stm32f103xb.o ABSOLUTE
    __Vectors                                0x08000000   Data           4  startup_stm32f103xb.o(RESET)
    __Vectors_End                            0x080000ec   Data           0  startup_stm32f103xb.o(RESET)
    __main                                   0x080000ed   Thumb Code     0  entry.o(.ARM.Collect$$$$00000000)
    _main_stk                                0x080000ed   Thumb Code     0  entry2.o(.ARM.Collect$$$$00000001)
    _main_scatterload                        0x080000f1   Thumb Code     0  entry5.o(.ARM.Collect$$$$00000004)
    __main_after_scatterload                 0x080000f5   Thumb Code     0  entry5.o(.ARM.Collect$$$$00000004)
    _main_clock                              0x080000f5   Thumb Code     0  entry7b.o(.ARM.Collect$$$$00000008)
    _main_cpp_init                           0x080000f5   Thumb Code     0  entry8b.o(.ARM.Collect$$$$0000000A)
    _main_init                               0x080000f5   Thumb Code     0  entry9a.o(.ARM.Collect$$$$0000000B)
    __rt_lib_shutdown_fini                   0x080000fd   Thumb Code     0  entry12b.o(.ARM.Collect$$$$0000000E)
    __rt_final_cpp                           0x08000101   Thumb Code     0  entry10a.o(.ARM.Collect$$$$0000000F)
    __rt_final_exit                          0x08000101   Thumb Code     0  entry11a.o(.ARM.Collect$$$$00000011)
    Reset_Handler                            0x08000105   Thumb Code     8  startup_stm32f103xb.o(.text)
    CAN1_RX1_IRQHandler                      0x0800011f   Thumb Code     0  startup_stm32f103xb.o(.text)
    CAN1_SCE_IRQHandler                      0x0800011f   Thumb Code     0  startup_stm32f103xb.o(.text)
    DMA1_Channel1_IRQHandler                 0x0800011f   Thumb Code     0  startup_stm32f103xb.o(.text)
    EXTI0_IRQHandler                         0x0800011f   Thumb Code     0  startup_stm32f103xb.o(.text)
    EXTI15_10_IRQHandler                     0x0800011f   Thumb Code     0  startup_stm32f103xb.o(.text)
    EXTI1_IRQHandler                         0x0800011f   Thumb Code     0  startup_stm32f103xb.o(.text)
    EXTI2_IRQHandler                         0x0800011f   Thumb Code     0  startup_stm32f103xb.o(.text)
    EXTI3_IRQHandler                         0x0800011f   Thumb Code     0  startup_stm32f103xb.o(.text)
    EXTI4_IRQHandler                         0x0800011f   Thumb Code     0  startup_stm32f103xb.o(.text)
    EXTI9_5_IRQHandler                       0x0800011f   Thumb Code     0  startup_stm32f103xb.o(.text)
    FLASH_IRQHandler                         0x0800011f   Thumb Code     0  startup_stm32f103xb.o(.text)
    I2C1_ER_IRQHandler                       0x0800011f   Thumb Code     0  startup_stm32f103xb.o(.text)
    I2C1_EV_IRQHandler                       0x0800011f   Thumb Code     0  startup_stm32f103xb.o(.text)
    I2C2_ER_IRQHandler                       0x0800011f   Thumb Code     0  startup_stm32f103xb.o(.text)
    I2C2_EV_IRQHandler                       0x0800011f   Thumb Code     0  startup_stm32f103xb.o(.text)
    PVD_IRQHandler                           0x0800011f   Thumb Code     0  startup_stm32f103xb.o(.text)
    RCC_IRQHandler                           0x0800011f   Thumb Code     0  startup_stm32f103xb.o(.text)
    RTC_Alarm_IRQHandler                     0x0800011f   Thumb Code     0  startup_stm32f103xb.o(.text)
    RTC_IRQHandler                           0x0800011f   Thumb Code     0  startup_stm32f103xb.o(.text)
    SPI1_IRQHandler                          0x0800011f   Thumb Code     0  startup_stm32f103xb.o(.text)
    SPI2_IRQHandler                          0x0800011f   Thumb Code     0  startup_stm32f103xb.o(.text)
    TAMPER_IRQHandler                        0x0800011f   Thumb Code     0  startup_stm32f103xb.o(.text)
    TIM1_BRK_IRQHandler                      0x0800011f   Thumb Code     0  startup_stm32f103xb.o(.text)
    TIM1_CC_IRQHandler                       0x0800011f   Thumb Code     0  startup_stm32f103xb.o(.text)
    TIM1_TRG_COM_IRQHandler                  0x0800011f   Thumb Code     0  startup_stm32f103xb.o(.text)
    TIM1_UP_IRQHandler                       0x0800011f   Thumb Code     0  startup_stm32f103xb.o(.text)
    TIM3_IRQHandler                          0x0800011f   Thumb Code     0  startup_stm32f103xb.o(.text)
    TIM4_IRQHandler                          0x0800011f   Thumb Code     0  startup_stm32f103xb.o(.text)
    USART2_IRQHandler                        0x0800011f   Thumb Code     0  startup_stm32f103xb.o(.text)
    USART3_IRQHandler                        0x0800011f   Thumb Code     0  startup_stm32f103xb.o(.text)
    USBWakeUp_IRQHandler                     0x0800011f   Thumb Code     0  startup_stm32f103xb.o(.text)
    USB_HP_CAN1_TX_IRQHandler                0x0800011f   Thumb Code     0  startup_stm32f103xb.o(.text)
    USB_LP_CAN1_RX0_IRQHandler               0x0800011f   Thumb Code     0  startup_stm32f103xb.o(.text)
    WWDG_IRQHandler                          0x0800011f   Thumb Code     0  startup_stm32f103xb.o(.text)
    __aeabi_llsr                             0x08000129   Thumb Code    32  llushr.o(.text)
    _ll_ushift_r                             0x08000129   Thumb Code     0  llushr.o(.text)
    __aeabi_memcpy                           0x08000149   Thumb Code    36  memcpya.o(.text)
    __aeabi_memcpy4                          0x08000149   Thumb Code     0  memcpya.o(.text)
    __aeabi_memcpy8                          0x08000149   Thumb Code     0  memcpya.o(.text)
    __aeabi_memset                           0x0800016d   Thumb Code    14  memseta.o(.text)
    __aeabi_memset4                          0x0800016d   Thumb Code     0  memseta.o(.text)
    __aeabi_memset8                          0x0800016d   Thumb Code     0  memseta.o(.text)
    __aeabi_memclr                           0x0800017b   Thumb Code     4  memseta.o(.text)
    __aeabi_memclr4                          0x0800017b   Thumb Code     0  memseta.o(.text)
    __aeabi_memclr8                          0x0800017b   Thumb Code     0  memseta.o(.text)
    _memset$wrapper                          0x0800017f   Thumb Code    18  memseta.o(.text)
    __aeabi_dadd                             0x08000191   Thumb Code   322  dadd.o(.text)
    __aeabi_dsub                             0x080002d3   Thumb Code     6  dadd.o(.text)
    __aeabi_drsub                            0x080002d9   Thumb Code     6  dadd.o(.text)
    __aeabi_dmul                             0x080002df   Thumb Code   228  dmul.o(.text)
    __aeabi_ddiv                             0x080003c3   Thumb Code   222  ddiv.o(.text)
    __aeabi_i2f                              0x080004a1   Thumb Code    18  fflti.o(.text)
    __aeabi_ui2f                             0x080004b3   Thumb Code    10  ffltui.o(.text)
    __aeabi_i2d                              0x080004bd   Thumb Code    34  dflti.o(.text)
    __aeabi_ui2d                             0x080004df   Thumb Code    26  dfltui.o(.text)
    __aeabi_d2iz                             0x080004f9   Thumb Code    62  dfixi.o(.text)
    __aeabi_d2uiz                            0x08000537   Thumb Code    50  dfixui.o(.text)
    __aeabi_cdrcmple                         0x08000569   Thumb Code    48  cdrcmple.o(.text)
    __aeabi_llsl                             0x08000599   Thumb Code    30  llshl.o(.text)
    _ll_shift_l                              0x08000599   Thumb Code     0  llshl.o(.text)
    __aeabi_lasr                             0x080005b7   Thumb Code    36  llsshr.o(.text)
    _ll_sshift_r                             0x080005b7   Thumb Code     0  llsshr.o(.text)
    __I$use$fp                               0x080005db   Thumb Code     0  iusefp.o(.text)
    _float_round                             0x080005db   Thumb Code    18  fepilogue.o(.text)
    _float_epilogue                          0x080005ed   Thumb Code    92  fepilogue.o(.text)
    _double_round                            0x08000649   Thumb Code    30  depilogue.o(.text)
    _double_epilogue                         0x08000667   Thumb Code   156  depilogue.o(.text)
    __scatterload                            0x08000705   Thumb Code    28  init.o(.text)
    __scatterload_rt2                        0x08000705   Thumb Code     0  init.o(.text)
    __decompress                             0x08000729   Thumb Code     0  __dczerorl2.o(.text)
    __decompress1                            0x08000729   Thumb Code    86  __dczerorl2.o(.text)
    ADC1_2_IRQHandler                        0x08000781   Thumb Code    18  stm32f1xx_it.o(i.ADC1_2_IRQHandler)
    ADC_ConversionStop_Disable               0x0800079d   Thumb Code    84  stm32f1xx_hal_adc.o(i.ADC_ConversionStop_Disable)
    ADC_Current_Offest                       0x080007f1   Thumb Code   106  basic_function.o(i.ADC_Current_Offest)
    ADC_Enable                               0x08000865   Thumb Code   112  stm32f1xx_hal_adc.o(i.ADC_Enable)
    BusFault_Handler                         0x080008dd   Thumb Code     2  stm32f1xx_it.o(i.BusFault_Handler)
    Clark_Transform                          0x080008e1   Thumb Code    58  foc.o(i.Clark_Transform)
    Commicate_Data_Init                      0x08000925   Thumb Code    18  object_commicate.o(i.Commicate_Data_Init)
    Control_Data_Init                        0x08000941   Thumb Code    74  parameter.o(i.Control_Data_Init)
    Current_Loop                             0x08000995   Thumb Code    92  control_loop.o(i.Current_Loop)
    DMA1_Channel2_IRQHandler                 0x080009fd   Thumb Code    22  stm32f1xx_it.o(i.DMA1_Channel2_IRQHandler)
    DMA1_Channel3_IRQHandler                 0x08000a1d   Thumb Code    22  stm32f1xx_it.o(i.DMA1_Channel3_IRQHandler)
    DMA1_Channel4_IRQHandler                 0x08000a3d   Thumb Code     6  stm32f1xx_it.o(i.DMA1_Channel4_IRQHandler)
    DMA1_Channel5_IRQHandler                 0x08000a49   Thumb Code     6  stm32f1xx_it.o(i.DMA1_Channel5_IRQHandler)
    DMA1_Channel6_IRQHandler                 0x08000a55   Thumb Code     6  stm32f1xx_it.o(i.DMA1_Channel6_IRQHandler)
    DMA1_Channel7_IRQHandler                 0x08000a61   Thumb Code     6  stm32f1xx_it.o(i.DMA1_Channel7_IRQHandler)
    DebugMon_Handler                         0x08000a97   Thumb Code     2  stm32f1xx_it.o(i.DebugMon_Handler)
    Enable_Logic_Control                     0x08000a99   Thumb Code   118  basic_function.o(i.Enable_Logic_Control)
    Encoder_Get_Angle                        0x08000b21   Thumb Code   242  encoder.o(i.Encoder_Get_Angle)
    Encoder_Init                             0x08000c21   Thumb Code    46  encoder.o(i.Encoder_Init)
    Encoder_To_Electri_Angle                 0x08000c59   Thumb Code   206  basic_function.o(i.Encoder_To_Electri_Angle)
    Error_Handler                            0x08000d3d   Thumb Code     4  main.o(i.Error_Handler)
    FOC_Control                              0x08000d41   Thumb Code   200  foc.o(i.FOC_Control)
    Get_Communicte_Data_Number               0x08000e2d   Thumb Code    10  object_commicate.o(i.Get_Communicte_Data_Number)
    HAL_ADCEx_Calibration_Start              0x08000e39   Thumb Code   210  stm32f1xx_hal_adc_ex.o(i.HAL_ADCEx_Calibration_Start)
    HAL_ADCEx_InjectedConfigChannel          0x08000f11   Thumb Code   462  stm32f1xx_hal_adc_ex.o(i.HAL_ADCEx_InjectedConfigChannel)
    HAL_ADCEx_InjectedConvCpltCallback       0x080010ed   Thumb Code   102  main.o(i.HAL_ADCEx_InjectedConvCpltCallback)
    HAL_ADCEx_InjectedGetValue               0x08001169   Thumb Code    30  stm32f1xx_hal_adc_ex.o(i.HAL_ADCEx_InjectedGetValue)
    HAL_ADCEx_InjectedStart                  0x08001189   Thumb Code   160  stm32f1xx_hal_adc_ex.o(i.HAL_ADCEx_InjectedStart)
    HAL_ADCEx_InjectedStart_IT               0x08001231   Thumb Code   170  stm32f1xx_hal_adc_ex.o(i.HAL_ADCEx_InjectedStart_IT)
    HAL_ADCEx_MultiModeConfigChannel         0x080012e5   Thumb Code   102  stm32f1xx_hal_adc_ex.o(i.HAL_ADCEx_MultiModeConfigChannel)
    HAL_ADC_ConvCpltCallback                 0x08001355   Thumb Code     2  stm32f1xx_hal_adc.o(i.HAL_ADC_ConvCpltCallback)
    HAL_ADC_IRQHandler                       0x08001357   Thumb Code   230  stm32f1xx_hal_adc.o(i.HAL_ADC_IRQHandler)
    HAL_ADC_Init                             0x0800143d   Thumb Code   270  stm32f1xx_hal_adc.o(i.HAL_ADC_Init)
    HAL_ADC_LevelOutOfWindowCallback         0x08001559   Thumb Code     2  stm32f1xx_hal_adc.o(i.HAL_ADC_LevelOutOfWindowCallback)
    HAL_ADC_MspInit                          0x0800155d   Thumb Code   136  adc.o(i.HAL_ADC_MspInit)
    HAL_DMA_Abort                            0x080015f5   Thumb Code    70  stm32f1xx_hal_dma.o(i.HAL_DMA_Abort)
    HAL_DMA_IRQHandler                       0x0800163d   Thumb Code   320  stm32f1xx_hal_dma.o(i.HAL_DMA_IRQHandler)
    HAL_DMA_Init                             0x08001795   Thumb Code    84  stm32f1xx_hal_dma.o(i.HAL_DMA_Init)
    HAL_DMA_Start_IT                         0x080017f1   Thumb Code   112  stm32f1xx_hal_dma.o(i.HAL_DMA_Start_IT)
    HAL_Delay                                0x08001861   Thumb Code    32  stm32f1xx_hal.o(i.HAL_Delay)
    HAL_GPIO_Init                            0x08001885   Thumb Code   426  stm32f1xx_hal_gpio.o(i.HAL_GPIO_Init)
    HAL_GPIO_WritePin                        0x08001a51   Thumb Code    10  stm32f1xx_hal_gpio.o(i.HAL_GPIO_WritePin)
    HAL_GetTick                              0x08001a5d   Thumb Code     6  stm32f1xx_hal.o(i.HAL_GetTick)
    HAL_IncTick                              0x08001a69   Thumb Code    12  stm32f1xx_hal.o(i.HAL_IncTick)
    HAL_Init                                 0x08001a79   Thumb Code    32  stm32f1xx_hal.o(i.HAL_Init)
    HAL_InitTick                             0x08001a9d   Thumb Code    54  stm32f1xx_hal.o(i.HAL_InitTick)
    HAL_MspInit                              0x08001add   Thumb Code    52  stm32f1xx_hal_msp.o(i.HAL_MspInit)
    HAL_NVIC_EnableIRQ                       0x08001b19   Thumb Code    26  stm32f1xx_hal_cortex.o(i.HAL_NVIC_EnableIRQ)
    HAL_NVIC_SetPriority                     0x08001b35   Thumb Code    60  stm32f1xx_hal_cortex.o(i.HAL_NVIC_SetPriority)
    HAL_NVIC_SetPriorityGrouping             0x08001b75   Thumb Code    26  stm32f1xx_hal_cortex.o(i.HAL_NVIC_SetPriorityGrouping)
    HAL_RCCEx_GetPeriphCLKFreq               0x08001b99   Thumb Code   164  stm32f1xx_hal_rcc_ex.o(i.HAL_RCCEx_GetPeriphCLKFreq)
    HAL_RCCEx_PeriphCLKConfig                0x08001c5d   Thumb Code   220  stm32f1xx_hal_rcc_ex.o(i.HAL_RCCEx_PeriphCLKConfig)
    HAL_RCC_ClockConfig                      0x08001d45   Thumb Code   292  stm32f1xx_hal_rcc.o(i.HAL_RCC_ClockConfig)
    HAL_RCC_GetPCLK1Freq                     0x08001e7d   Thumb Code    20  stm32f1xx_hal_rcc.o(i.HAL_RCC_GetPCLK1Freq)
    HAL_RCC_GetPCLK2Freq                     0x08001e9d   Thumb Code    20  stm32f1xx_hal_rcc.o(i.HAL_RCC_GetPCLK2Freq)
    HAL_RCC_GetSysClockFreq                  0x08001ebd   Thumb Code    74  stm32f1xx_hal_rcc.o(i.HAL_RCC_GetSysClockFreq)
    HAL_RCC_OscConfig                        0x08001f29   Thumb Code   770  stm32f1xx_hal_rcc.o(i.HAL_RCC_OscConfig)
    HAL_SPI_ErrorCallback                    0x08002241   Thumb Code     2  stm32f1xx_hal_spi.o(i.HAL_SPI_ErrorCallback)
    HAL_SPI_Init                             0x08002243   Thumb Code   178  stm32f1xx_hal_spi.o(i.HAL_SPI_Init)
    HAL_SPI_MspInit                          0x080022f5   Thumb Code   190  spi.o(i.HAL_SPI_MspInit)
    HAL_SPI_RxCpltCallback                   0x080023c9   Thumb Code     2  stm32f1xx_hal_spi.o(i.HAL_SPI_RxCpltCallback)
    HAL_SPI_RxHalfCpltCallback               0x080023cb   Thumb Code     2  stm32f1xx_hal_spi.o(i.HAL_SPI_RxHalfCpltCallback)
    HAL_SPI_TransmitReceive_DMA              0x080023cd   Thumb Code   270  stm32f1xx_hal_spi.o(i.HAL_SPI_TransmitReceive_DMA)
    HAL_SPI_TxRxCpltCallback                 0x080024f1   Thumb Code     2  stm32f1xx_hal_spi.o(i.HAL_SPI_TxRxCpltCallback)
    HAL_SPI_TxRxHalfCpltCallback             0x080024f3   Thumb Code     2  stm32f1xx_hal_spi.o(i.HAL_SPI_TxRxHalfCpltCallback)
    HAL_SYSTICK_Config                       0x080024f5   Thumb Code    40  stm32f1xx_hal_cortex.o(i.HAL_SYSTICK_Config)
    HAL_TIMEx_BreakCallback                  0x0800251d   Thumb Code     2  stm32f1xx_hal_tim_ex.o(i.HAL_TIMEx_BreakCallback)
    HAL_TIMEx_CommutCallback                 0x0800251f   Thumb Code     2  stm32f1xx_hal_tim_ex.o(i.HAL_TIMEx_CommutCallback)
    HAL_TIMEx_ConfigBreakDeadTime            0x08002521   Thumb Code    84  stm32f1xx_hal_tim_ex.o(i.HAL_TIMEx_ConfigBreakDeadTime)
    HAL_TIMEx_MasterConfigSynchronization    0x08002575   Thumb Code    92  stm32f1xx_hal_tim_ex.o(i.HAL_TIMEx_MasterConfigSynchronization)
    HAL_TIM_Base_Init                        0x080025dd   Thumb Code    90  stm32f1xx_hal_tim.o(i.HAL_TIM_Base_Init)
    HAL_TIM_Base_MspInit                     0x08002639   Thumb Code    72  tim.o(i.HAL_TIM_Base_MspInit)
    HAL_TIM_Base_Start_IT                    0x08002689   Thumb Code    76  stm32f1xx_hal_tim.o(i.HAL_TIM_Base_Start_IT)
    HAL_TIM_ConfigClockSource                0x080026e1   Thumb Code   214  stm32f1xx_hal_tim.o(i.HAL_TIM_ConfigClockSource)
    HAL_TIM_IC_CaptureCallback               0x080027b7   Thumb Code     2  stm32f1xx_hal_tim.o(i.HAL_TIM_IC_CaptureCallback)
    HAL_TIM_IRQHandler                       0x080027b9   Thumb Code   358  stm32f1xx_hal_tim.o(i.HAL_TIM_IRQHandler)
    HAL_TIM_MspPostInit                      0x08002921   Thumb Code    66  tim.o(i.HAL_TIM_MspPostInit)
    HAL_TIM_OC_ConfigChannel                 0x08002971   Thumb Code    76  stm32f1xx_hal_tim.o(i.HAL_TIM_OC_ConfigChannel)
    HAL_TIM_OC_DelayElapsedCallback          0x080029bd   Thumb Code     2  stm32f1xx_hal_tim.o(i.HAL_TIM_OC_DelayElapsedCallback)
    HAL_TIM_OC_Init                          0x080029bf   Thumb Code    90  stm32f1xx_hal_tim.o(i.HAL_TIM_OC_Init)
    HAL_TIM_OC_MspInit                       0x08002a19   Thumb Code     2  stm32f1xx_hal_tim.o(i.HAL_TIM_OC_MspInit)
    HAL_TIM_PWM_ConfigChannel                0x08002a1b   Thumb Code   198  stm32f1xx_hal_tim.o(i.HAL_TIM_PWM_ConfigChannel)
    HAL_TIM_PWM_Init                         0x08002ae1   Thumb Code    90  stm32f1xx_hal_tim.o(i.HAL_TIM_PWM_Init)
    HAL_TIM_PWM_MspInit                      0x08002b3b   Thumb Code     2  stm32f1xx_hal_tim.o(i.HAL_TIM_PWM_MspInit)
    HAL_TIM_PWM_PulseFinishedCallback        0x08002b3d   Thumb Code     2  stm32f1xx_hal_tim.o(i.HAL_TIM_PWM_PulseFinishedCallback)
    HAL_TIM_PWM_Start                        0x08002b41   Thumb Code   148  stm32f1xx_hal_tim.o(i.HAL_TIM_PWM_Start)
    HAL_TIM_PWM_Stop                         0x08002be1   Thumb Code   108  stm32f1xx_hal_tim.o(i.HAL_TIM_PWM_Stop)
    HAL_TIM_PeriodElapsedCallback            0x08002c51   Thumb Code    12  main.o(i.HAL_TIM_PeriodElapsedCallback)
    HAL_TIM_TriggerCallback                  0x08002c61   Thumb Code     2  stm32f1xx_hal_tim.o(i.HAL_TIM_TriggerCallback)
    HAL_UARTEx_RxEventCallback               0x08002c63   Thumb Code     2  stm32f1xx_hal_uart.o(i.HAL_UARTEx_RxEventCallback)
    HAL_UART_DMAStop                         0x08002c65   Thumb Code    88  stm32f1xx_hal_uart.o(i.HAL_UART_DMAStop)
    HAL_UART_ErrorCallback                   0x08002cbd   Thumb Code     2  stm32f1xx_hal_uart.o(i.HAL_UART_ErrorCallback)
    HAL_UART_Init                            0x08002cbf   Thumb Code    98  stm32f1xx_hal_uart.o(i.HAL_UART_Init)
    HAL_UART_MspInit                         0x08002d21   Thumb Code   218  usart.o(i.HAL_UART_MspInit)
    HAL_UART_Receive_DMA                     0x08002e15   Thumb Code    42  stm32f1xx_hal_uart.o(i.HAL_UART_Receive_DMA)
    HAL_UART_RxCpltCallback                  0x08002e3f   Thumb Code     2  stm32f1xx_hal_uart.o(i.HAL_UART_RxCpltCallback)
    HAL_UART_RxHalfCpltCallback              0x08002e41   Thumb Code     2  stm32f1xx_hal_uart.o(i.HAL_UART_RxHalfCpltCallback)
    HAL_UART_Transmit_DMA                    0x08002e45   Thumb Code   116  stm32f1xx_hal_uart.o(i.HAL_UART_Transmit_DMA)
    HAL_UART_TxCpltCallback                  0x08002ec5   Thumb Code     2  stm32f1xx_hal_uart.o(i.HAL_UART_TxCpltCallback)
    HAL_UART_TxHalfCpltCallback              0x08002ec7   Thumb Code     2  stm32f1xx_hal_uart.o(i.HAL_UART_TxHalfCpltCallback)
    HAL_UART_Tx_End_Callback                 0x08002ec9   Thumb Code    70  usart.o(i.HAL_UART_Tx_End_Callback)
    HardFault_Handler                        0x08002f15   Thumb Code     2  stm32f1xx_it.o(i.HardFault_Handler)
    Hardware_Init                            0x08002f19   Thumb Code    28  parameter.o(i.Hardware_Init)
    Interrupt_1MS                            0x08002f41   Thumb Code     2  basic_function.o(i.Interrupt_1MS)
    Inverse_Park_Transform                   0x08002f43   Thumb Code    42  foc.o(i.Inverse_Park_Transform)
    Loop_Init                                0x08002f6d   Thumb Code    36  control_loop.o(i.Loop_Init)
    MX_ADC1_Init                             0x08002f95   Thumb Code   114  adc.o(i.MX_ADC1_Init)
    MX_ADC2_Init                             0x08003011   Thumb Code    88  adc.o(i.MX_ADC2_Init)
    MX_DMA_Init                              0x08003071   Thumb Code   120  dma.o(i.MX_DMA_Init)
    MX_GPIO_Init                             0x080030ed   Thumb Code   242  gpio.o(i.MX_GPIO_Init)
    MX_SPI1_Init                             0x080031ed   Thumb Code    68  spi.o(i.MX_SPI1_Init)
    MX_TIM1_Init                             0x08003239   Thumb Code   252  tim.o(i.MX_TIM1_Init)
    MX_TIM2_Init                             0x0800333d   Thumb Code   142  tim.o(i.MX_TIM2_Init)
    MX_USART1_UART_Init                      0x080033d1   Thumb Code    46  usart.o(i.MX_USART1_UART_Init)
    MemManage_Handler                        0x0800340d   Thumb Code     2  stm32f1xx_it.o(i.MemManage_Handler)
    Model_Control                            0x08003411   Thumb Code   250  basic_function.o(i.Model_Control)
    NMI_Handler                              0x08003515   Thumb Code     2  stm32f1xx_it.o(i.NMI_Handler)
    Open_Voltage_Loop                        0x08003519   Thumb Code   640  control_loop.o(i.Open_Voltage_Loop)
    Parameter_Init                           0x0800384d   Thumb Code    38  parameter.o(i.Parameter_Init)
    Park_Transform                           0x08003881   Thumb Code    42  foc.o(i.Park_Transform)
    PendSV_Handler                           0x080038ab   Thumb Code     2  stm32f1xx_it.o(i.PendSV_Handler)
    Position_Loop                            0x080038ad   Thumb Code     6  control_loop.o(i.Position_Loop)
    STM32_HAL_PWM_SET_Compare                0x08003ae9   Thumb Code    24  basic_function.o(i.STM32_HAL_PWM_SET_Compare)
    STM32_Infrastructure_Init                0x08003b05   Thumb Code    76  basic_function.o(i.STM32_Infrastructure_Init)
    SVC_Handler                              0x08003b6d   Thumb Code     2  stm32f1xx_it.o(i.SVC_Handler)
    SVPWM                                    0x08003b71   Thumb Code   574  foc.o(i.SVPWM)
    Speed_Loop                               0x08003dcd   Thumb Code     2  control_loop.o(i.Speed_Loop)
    SysTick_Handler                          0x08003dcf   Thumb Code     4  stm32f1xx_it.o(i.SysTick_Handler)
    SystemClock_Config                       0x08003dd3   Thumb Code   122  main.o(i.SystemClock_Config)
    SystemInit                               0x08003e4d   Thumb Code     2  system_stm32f1xx.o(i.SystemInit)
    TEST_GPIO_Init                           0x08003e51   Thumb Code    72  gpio.o(i.TEST_GPIO_Init)
    TIM2_IRQHandler                          0x08003ea1   Thumb Code     6  stm32f1xx_it.o(i.TIM2_IRQHandler)
    TIM_Base_SetConfig                       0x08003ead   Thumb Code    94  stm32f1xx_hal_tim.o(i.TIM_Base_SetConfig)
    TIM_CCxChannelCmd                        0x08003f19   Thumb Code    26  stm32f1xx_hal_tim.o(i.TIM_CCxChannelCmd)
    TIM_ETR_SetConfig                        0x08003f33   Thumb Code    20  stm32f1xx_hal_tim.o(i.TIM_ETR_SetConfig)
    TIM_OC2_SetConfig                        0x08003fb1   Thumb Code    86  stm32f1xx_hal_tim.o(i.TIM_OC2_SetConfig)
    UART_Start_Receive_DMA                   0x080042e1   Thumb Code   102  stm32f1xx_hal_uart.o(i.UART_Start_Receive_DMA)
    USART1_IRQHandler                        0x08004355   Thumb Code    72  stm32f1xx_it.o(i.USART1_IRQHandler)
    Uart_Loop_Debug_Write                    0x080043a5   Thumb Code   482  usart.o(i.Uart_Loop_Debug_Write)
    UsageFault_Handler                       0x0800459d   Thumb Code     2  stm32f1xx_it.o(i.UsageFault_Handler)
    _CLEAN                                   0x0800459f   Thumb Code     8  parameter.o(i._CLEAN)
    _NEGA                                    0x080045a7   Thumb Code     8  parameter.o(i._NEGA)
    _SET                                     0x080045af   Thumb Code     8  parameter.o(i._SET)
    _TEST                                    0x080045b7   Thumb Code    10  parameter.o(i._TEST)
    __scatterload_copy                       0x080045e1   Thumb Code    14  handlers.o(i.__scatterload_copy)
    __scatterload_null                       0x080045ef   Thumb Code     2  handlers.o(i.__scatterload_null)
    __scatterload_zeroinit                   0x080045f1   Thumb Code    14  handlers.o(i.__scatterload_zeroinit)
    main                                     0x08004601   Thumb Code   102  main.o(i.main)
    uart_idleback                            0x080046d5   Thumb Code    76  usart.o(i.uart_idleback)
    AHBPrescTable                            0x08004734   Data          16  system_stm32f1xx.o(.constdata)
    APBPrescTable                            0x08004744   Data           8  system_stm32f1xx.o(.constdata)
    Region$$Table$$Base                      0x0800474c   Number         0  anon$$obj.o(Region$$Table)
    Region$$Table$$Limit                     0x0800476c   Number         0  anon$$obj.o(Region$$Table)
    SystemCoreClock                          0x20000000   Data           4  system_stm32f1xx.o(.data)
    uwTickFreq                               0x20000004   Data           1  stm32f1xx_hal.o(.data)
    uwTickPrio                               0x20000008   Data           4  stm32f1xx_hal.o(.data)
    uwTick                                   0x2000000c   Data           4  stm32f1xx_hal.o(.data)
    _MT6813                                  0x20000014   Data          44  encoder.o(.data)
    _MT6816                                  0x20000040   Data          44  encoder.o(.data)
    _KTH7812                                 0x2000006c   Data          44  encoder.o(.data)
    Modbus_Length_In                         0x2000009a   Data           1  modbus.o(.data)
    Commicate_Data_All_Number                0x2000009c   Data           2  object_commicate.o(.data)
    time_all                                 0x200000aa   Data           2  foc.o(.data)
    time_limit                               0x200000ac   Data           2  foc.o(.data)
    Driver1                                  0x200000b0   Data           8  foc.o(.data)
    SIN_COS_TABLE                            0x200000b8   Data         256  table.o(.data)
    Transfer1                                0x200001b8   Data           6  main.o(.data)
    Control_Status                           0x200001c8   Data           8  parameter.o(.data)
    Encoder1                                 0x200001d0   Data          44  encoder.o(.bss)
    Tx_Data                                  0x200001fc   Data          80  modbus.o(.bss)
    Rx_Data                                  0x2000024c   Data          30  modbus.o(.bss)
    Modbus_Buffer                            0x2000026a   Data          30  modbus.o(.bss)
    Open_Voltage_Data                        0x20000288   Data          92  control_loop.o(.bss)
    Current_Loop_Data                        0x200002e4   Data          92  control_loop.o(.bss)
    Speed_Loop_Data                          0x20000340   Data          92  control_loop.o(.bss)
    Position_Loop_Data                       0x2000039c   Data          92  control_loop.o(.bss)
    Current_Q_PID                            0x200003f8   Data          60  control_loop.o(.bss)
    Current_D_PID                            0x20000434   Data          60  control_loop.o(.bss)
    Speed_PI                                 0x20000470   Data          60  control_loop.o(.bss)
    Position_P                               0x200004ac   Data          60  control_loop.o(.bss)
    Motor1                                   0x200004e8   Data          80  foc.o(.bss)
    hadc1                                    0x20000538   Data          48  adc.o(.bss)
    hadc2                                    0x20000568   Data          48  adc.o(.bss)
    hi2c1                                    0x20000598   Data          84  i2c.o(.bss)
    hdma_i2c1_tx                             0x200005ec   Data          68  i2c.o(.bss)
    hdma_i2c1_rx                             0x20000630   Data          68  i2c.o(.bss)
    hspi1                                    0x20000674   Data          88  spi.o(.bss)
    hdma_spi1_rx                             0x200006cc   Data          68  spi.o(.bss)
    hdma_spi1_tx                             0x20000710   Data          68  spi.o(.bss)
    htim1                                    0x20000754   Data          72  tim.o(.bss)
    htim2                                    0x2000079c   Data          72  tim.o(.bss)
    Debug_Buffer                             0x200007e4   Data          16  usart.o(.bss)
    Tx_Buffer                                0x200007f4   Data          20  usart.o(.bss)
    Uart_Test_Buffer                         0x20000808   Data       16384  usart.o(.bss)
    huart1                                   0x20004808   Data          68  usart.o(.bss)
    hdma_usart1_tx                           0x2000484c   Data          68  usart.o(.bss)
    hdma_usart1_rx                           0x20004890   Data          68  usart.o(.bss)
    Control_Data                             0x200048d4   Data          52  parameter.o(.bss)
    __initial_sp                             0x20004d08   Data           0  startup_stm32f103xb.o(STACK)



==============================================================================

Memory Map of the image

  Image Entry point : 0x080000ed

  Load Region LR_IROM1 (Base: 0x08000000, Size: 0x0000493c, Max: 0x00010000, ABSOLUTE, COMPRESSED[0x00004890])

    Execution Region ER_IROM1 (Exec base: 0x08000000, Load base: 0x08000000, Size: 0x0000476c, Max: 0x00010000, ABSOLUTE)

    Exec Addr    Load Addr    Size         Type   Attr      Idx    E Section Name        Object

    0x08000000   0x08000000   0x000000ec   Data   RO         3511    RESET               startup_stm32f103xb.o
    0x080000ec   0x080000ec   0x00000000   Code   RO         4685  * .ARM.Collect$$$$00000000  mc_w.l(entry.o)
    0x080000ec   0x080000ec   0x00000004   Code   RO         4718    .ARM.Collect$$$$00000001  mc_w.l(entry2.o)
    0x080000f0   0x080000f0   0x00000004   Code   RO         4721    .ARM.Collect$$$$00000004  mc_w.l(entry5.o)
    0x080000f4   0x080000f4   0x00000000   Code   RO         4723    .ARM.Collect$$$$00000008  mc_w.l(entry7b.o)
    0x080000f4   0x080000f4   0x00000000   Code   RO         4725    .ARM.Collect$$$$0000000A  mc_w.l(entry8b.o)
    0x080000f4   0x080000f4   0x00000008   Code   RO         4726    .ARM.Collect$$$$0000000B  mc_w.l(entry9a.o)
    0x080000fc   0x080000fc   0x00000004   Code   RO         4733    .ARM.Collect$$$$0000000E  mc_w.l(entry12b.o)
    0x08000100   0x08000100   0x00000000   Code   RO         4728    .ARM.Collect$$$$0000000F  mc_w.l(entry10a.o)
    0x08000100   0x08000100   0x00000000   Code   RO         4730    .ARM.Collect$$$$00000011  mc_w.l(entry11a.o)
    0x08000100   0x08000100   0x00000004   Code   RO         4719    .ARM.Collect$$$$00002712  mc_w.l(entry2.o)
    0x08000104   0x08000104   0x00000024   Code   RO         3512    .text               startup_stm32f103xb.o
    0x08000128   0x08000128   0x00000020   Code   RO         4688    .text               mc_w.l(llushr.o)
    0x08000148   0x08000148   0x00000024   Code   RO         4690    .text               mc_w.l(memcpya.o)
    0x0800016c   0x0800016c   0x00000024   Code   RO         4692    .text               mc_w.l(memseta.o)
    0x08000190   0x08000190   0x0000014e   Code   RO         4696    .text               mf_w.l(dadd.o)
    0x080002de   0x080002de   0x000000e4   Code   RO         4698    .text               mf_w.l(dmul.o)
    0x080003c2   0x080003c2   0x000000de   Code   RO         4700    .text               mf_w.l(ddiv.o)
    0x080004a0   0x080004a0   0x00000012   Code   RO         4704    .text               mf_w.l(fflti.o)
    0x080004b2   0x080004b2   0x0000000a   Code   RO         4706    .text               mf_w.l(ffltui.o)
    0x080004bc   0x080004bc   0x00000022   Code   RO         4708    .text               mf_w.l(dflti.o)
    0x080004de   0x080004de   0x0000001a   Code   RO         4710    .text               mf_w.l(dfltui.o)
    0x080004f8   0x080004f8   0x0000003e   Code   RO         4712    .text               mf_w.l(dfixi.o)
    0x08000536   0x08000536   0x00000032   Code   RO         4714    .text               mf_w.l(dfixui.o)
    0x08000568   0x08000568   0x00000030   Code   RO         4716    .text               mf_w.l(cdrcmple.o)
    0x08000598   0x08000598   0x0000001e   Code   RO         4734    .text               mc_w.l(llshl.o)
    0x080005b6   0x080005b6   0x00000024   Code   RO         4736    .text               mc_w.l(llsshr.o)
    0x080005da   0x080005da   0x00000000   Code   RO         4738    .text               mc_w.l(iusefp.o)
    0x080005da   0x080005da   0x0000006e   Code   RO         4739    .text               mf_w.l(fepilogue.o)
    0x08000648   0x08000648   0x000000ba   Code   RO         4741    .text               mf_w.l(depilogue.o)
    0x08000702   0x08000702   0x00000002   PAD
    0x08000704   0x08000704   0x00000024   Code   RO         4743    .text               mc_w.l(init.o)
    0x08000728   0x08000728   0x00000056   Code   RO         4753    .text               mc_w.l(__dczerorl2.o)
    0x0800077e   0x0800077e   0x00000002   PAD
    0x08000780   0x08000780   0x0000001c   Code   RO         4339    i.ADC1_2_IRQHandler  stm32f1xx_it.o
    0x0800079c   0x0800079c   0x00000054   Code   RO          177    i.ADC_ConversionStop_Disable  stm32f1xx_hal_adc.o
    0x080007f0   0x080007f0   0x00000074   Code   RO         3571    i.ADC_Current_Offest  basic_function.o
    0x08000864   0x08000864   0x00000078   Code   RO          181    i.ADC_Enable        stm32f1xx_hal_adc.o
    0x080008dc   0x080008dc   0x00000002   Code   RO         4340    i.BusFault_Handler  stm32f1xx_it.o
    0x080008de   0x080008de   0x00000002   PAD
    0x080008e0   0x080008e0   0x00000044   Code   RO         3911    i.Clark_Transform   foc.o
    0x08000924   0x08000924   0x0000001c   Code   RO         3722    i.Commicate_Data_Init  object_commicate.o
    0x08000940   0x08000940   0x00000054   Code   RO         4603    i.Control_Data_Init  parameter.o
    0x08000994   0x08000994   0x00000068   Code   RO         3801    i.Current_Loop      control_loop.o
    0x080009fc   0x080009fc   0x00000020   Code   RO         4341    i.DMA1_Channel2_IRQHandler  stm32f1xx_it.o
    0x08000a1c   0x08000a1c   0x00000020   Code   RO         4342    i.DMA1_Channel3_IRQHandler  stm32f1xx_it.o
    0x08000a3c   0x08000a3c   0x0000000c   Code   RO         4343    i.DMA1_Channel4_IRQHandler  stm32f1xx_it.o
    0x08000a48   0x08000a48   0x0000000c   Code   RO         4344    i.DMA1_Channel5_IRQHandler  stm32f1xx_it.o
    0x08000a54   0x08000a54   0x0000000c   Code   RO         4345    i.DMA1_Channel6_IRQHandler  stm32f1xx_it.o
    0x08000a60   0x08000a60   0x0000000c   Code   RO         4346    i.DMA1_Channel7_IRQHandler  stm32f1xx_it.o
    0x08000a6c   0x08000a6c   0x0000002a   Code   RO          831    i.DMA_SetConfig     stm32f1xx_hal_dma.o
    0x08000a96   0x08000a96   0x00000002   Code   RO         4347    i.DebugMon_Handler  stm32f1xx_it.o
    0x08000a98   0x08000a98   0x00000088   Code   RO         3572    i.Enable_Logic_Control  basic_function.o
    0x08000b20   0x08000b20   0x00000100   Code   RO         3519    i.Encoder_Get_Angle  encoder.o
    0x08000c20   0x08000c20   0x00000038   Code   RO         3520    i.Encoder_Init      encoder.o
    0x08000c58   0x08000c58   0x000000e4   Code   RO         3573    i.Encoder_To_Electri_Angle  basic_function.o
    0x08000d3c   0x08000d3c   0x00000004   Code   RO         4194    i.Error_Handler     main.o
    0x08000d40   0x08000d40   0x000000ec   Code   RO         3914    i.FOC_Control       foc.o
    0x08000e2c   0x08000e2c   0x0000000a   Code   RO         3723    i.Get_Communicte_Data_Number  object_commicate.o
    0x08000e36   0x08000e36   0x00000002   PAD
    0x08000e38   0x08000e38   0x000000d8   Code   RO          357    i.HAL_ADCEx_Calibration_Start  stm32f1xx_hal_adc_ex.o
    0x08000f10   0x08000f10   0x000001dc   Code   RO          358    i.HAL_ADCEx_InjectedConfigChannel  stm32f1xx_hal_adc_ex.o
    0x080010ec   0x080010ec   0x0000007c   Code   RO         4195    i.HAL_ADCEx_InjectedConvCpltCallback  main.o
    0x08001168   0x08001168   0x0000001e   Code   RO          360    i.HAL_ADCEx_InjectedGetValue  stm32f1xx_hal_adc_ex.o
    0x08001186   0x08001186   0x00000002   PAD
    0x08001188   0x08001188   0x000000a8   Code   RO          362    i.HAL_ADCEx_InjectedStart  stm32f1xx_hal_adc_ex.o
    0x08001230   0x08001230   0x000000b4   Code   RO          363    i.HAL_ADCEx_InjectedStart_IT  stm32f1xx_hal_adc_ex.o
    0x080012e4   0x080012e4   0x00000070   Code   RO          366    i.HAL_ADCEx_MultiModeConfigChannel  stm32f1xx_hal_adc_ex.o
    0x08001354   0x08001354   0x00000002   Code   RO          184    i.HAL_ADC_ConvCpltCallback  stm32f1xx_hal_adc.o
    0x08001356   0x08001356   0x000000e6   Code   RO          191    i.HAL_ADC_IRQHandler  stm32f1xx_hal_adc.o
    0x0800143c   0x0800143c   0x0000011c   Code   RO          192    i.HAL_ADC_Init      stm32f1xx_hal_adc.o
    0x08001558   0x08001558   0x00000002   Code   RO          193    i.HAL_ADC_LevelOutOfWindowCallback  stm32f1xx_hal_adc.o
    0x0800155a   0x0800155a   0x00000002   PAD
    0x0800155c   0x0800155c   0x00000098   Code   RO         4015    i.HAL_ADC_MspInit   adc.o
    0x080015f4   0x080015f4   0x00000046   Code   RO          832    i.HAL_DMA_Abort     stm32f1xx_hal_dma.o
    0x0800163a   0x0800163a   0x00000002   PAD
    0x0800163c   0x0800163c   0x00000158   Code   RO          837    i.HAL_DMA_IRQHandler  stm32f1xx_hal_dma.o
    0x08001794   0x08001794   0x0000005c   Code   RO          838    i.HAL_DMA_Init      stm32f1xx_hal_dma.o
    0x080017f0   0x080017f0   0x00000070   Code   RO          842    i.HAL_DMA_Start_IT  stm32f1xx_hal_dma.o
    0x08001860   0x08001860   0x00000024   Code   RO          460    i.HAL_Delay         stm32f1xx_hal.o
    0x08001884   0x08001884   0x000001cc   Code   RO          768    i.HAL_GPIO_Init     stm32f1xx_hal_gpio.o
    0x08001a50   0x08001a50   0x0000000a   Code   RO          772    i.HAL_GPIO_WritePin  stm32f1xx_hal_gpio.o
    0x08001a5a   0x08001a5a   0x00000002   PAD
    0x08001a5c   0x08001a5c   0x0000000c   Code   RO          464    i.HAL_GetTick       stm32f1xx_hal.o
    0x08001a68   0x08001a68   0x00000010   Code   RO          470    i.HAL_IncTick       stm32f1xx_hal.o
    0x08001a78   0x08001a78   0x00000024   Code   RO          471    i.HAL_Init          stm32f1xx_hal.o
    0x08001a9c   0x08001a9c   0x00000040   Code   RO          472    i.HAL_InitTick      stm32f1xx_hal.o
    0x08001adc   0x08001adc   0x0000003c   Code   RO         4315    i.HAL_MspInit       stm32f1xx_hal_msp.o
    0x08001b18   0x08001b18   0x0000001a   Code   RO          928    i.HAL_NVIC_EnableIRQ  stm32f1xx_hal_cortex.o
    0x08001b32   0x08001b32   0x00000002   PAD
    0x08001b34   0x08001b34   0x00000040   Code   RO          934    i.HAL_NVIC_SetPriority  stm32f1xx_hal_cortex.o
    0x08001b74   0x08001b74   0x00000024   Code   RO          935    i.HAL_NVIC_SetPriorityGrouping  stm32f1xx_hal_cortex.o
    0x08001b98   0x08001b98   0x000000c4   Code   RO          730    i.HAL_RCCEx_GetPeriphCLKFreq  stm32f1xx_hal_rcc_ex.o
    0x08001c5c   0x08001c5c   0x000000e8   Code   RO          731    i.HAL_RCCEx_PeriphCLKConfig  stm32f1xx_hal_rcc_ex.o
    0x08001d44   0x08001d44   0x00000138   Code   RO          628    i.HAL_RCC_ClockConfig  stm32f1xx_hal_rcc.o
    0x08001e7c   0x08001e7c   0x00000020   Code   RO          635    i.HAL_RCC_GetPCLK1Freq  stm32f1xx_hal_rcc.o
    0x08001e9c   0x08001e9c   0x00000020   Code   RO          636    i.HAL_RCC_GetPCLK2Freq  stm32f1xx_hal_rcc.o
    0x08001ebc   0x08001ebc   0x0000006c   Code   RO          637    i.HAL_RCC_GetSysClockFreq  stm32f1xx_hal_rcc.o
    0x08001f28   0x08001f28   0x00000318   Code   RO          640    i.HAL_RCC_OscConfig  stm32f1xx_hal_rcc.o
    0x08002240   0x08002240   0x00000002   Code   RO         1867    i.HAL_SPI_ErrorCallback  stm32f1xx_hal_spi.o
    0x08002242   0x08002242   0x000000b2   Code   RO         1871    i.HAL_SPI_Init      stm32f1xx_hal_spi.o
    0x080022f4   0x080022f4   0x000000d4   Code   RO         4274    i.HAL_SPI_MspInit   spi.o
    0x080023c8   0x080023c8   0x00000002   Code   RO         1877    i.HAL_SPI_RxCpltCallback  stm32f1xx_hal_spi.o
    0x080023ca   0x080023ca   0x00000002   Code   RO         1878    i.HAL_SPI_RxHalfCpltCallback  stm32f1xx_hal_spi.o
    0x080023cc   0x080023cc   0x00000124   Code   RO         1881    i.HAL_SPI_TransmitReceive_DMA  stm32f1xx_hal_spi.o
    0x080024f0   0x080024f0   0x00000002   Code   RO         1887    i.HAL_SPI_TxRxCpltCallback  stm32f1xx_hal_spi.o
    0x080024f2   0x080024f2   0x00000002   Code   RO         1888    i.HAL_SPI_TxRxHalfCpltCallback  stm32f1xx_hal_spi.o
    0x080024f4   0x080024f4   0x00000028   Code   RO          939    i.HAL_SYSTICK_Config  stm32f1xx_hal_cortex.o
    0x0800251c   0x0800251c   0x00000002   Code   RO         2888    i.HAL_TIMEx_BreakCallback  stm32f1xx_hal_tim_ex.o
    0x0800251e   0x0800251e   0x00000002   Code   RO         2889    i.HAL_TIMEx_CommutCallback  stm32f1xx_hal_tim_ex.o
    0x08002520   0x08002520   0x00000054   Code   RO         2891    i.HAL_TIMEx_ConfigBreakDeadTime  stm32f1xx_hal_tim_ex.o
    0x08002574   0x08002574   0x00000068   Code   RO         2907    i.HAL_TIMEx_MasterConfigSynchronization  stm32f1xx_hal_tim_ex.o
    0x080025dc   0x080025dc   0x0000005a   Code   RO         2184    i.HAL_TIM_Base_Init  stm32f1xx_hal_tim.o
    0x08002636   0x08002636   0x00000002   PAD
    0x08002638   0x08002638   0x00000050   Code   RO         4474    i.HAL_TIM_Base_MspInit  tim.o
    0x08002688   0x08002688   0x00000058   Code   RO         2189    i.HAL_TIM_Base_Start_IT  stm32f1xx_hal_tim.o
    0x080026e0   0x080026e0   0x000000d6   Code   RO         2193    i.HAL_TIM_ConfigClockSource  stm32f1xx_hal_tim.o
    0x080027b6   0x080027b6   0x00000002   Code   RO         2218    i.HAL_TIM_IC_CaptureCallback  stm32f1xx_hal_tim.o
    0x080027b8   0x080027b8   0x00000166   Code   RO         2232    i.HAL_TIM_IRQHandler  stm32f1xx_hal_tim.o
    0x0800291e   0x0800291e   0x00000002   PAD
    0x08002920   0x08002920   0x00000050   Code   RO         4475    i.HAL_TIM_MspPostInit  tim.o
    0x08002970   0x08002970   0x0000004c   Code   RO         2233    i.HAL_TIM_OC_ConfigChannel  stm32f1xx_hal_tim.o
    0x080029bc   0x080029bc   0x00000002   Code   RO         2235    i.HAL_TIM_OC_DelayElapsedCallback  stm32f1xx_hal_tim.o
    0x080029be   0x080029be   0x0000005a   Code   RO         2237    i.HAL_TIM_OC_Init   stm32f1xx_hal_tim.o
    0x08002a18   0x08002a18   0x00000002   Code   RO         2239    i.HAL_TIM_OC_MspInit  stm32f1xx_hal_tim.o
    0x08002a1a   0x08002a1a   0x000000c6   Code   RO         2256    i.HAL_TIM_PWM_ConfigChannel  stm32f1xx_hal_tim.o
    0x08002ae0   0x08002ae0   0x0000005a   Code   RO         2259    i.HAL_TIM_PWM_Init  stm32f1xx_hal_tim.o
    0x08002b3a   0x08002b3a   0x00000002   Code   RO         2261    i.HAL_TIM_PWM_MspInit  stm32f1xx_hal_tim.o
    0x08002b3c   0x08002b3c   0x00000002   Code   RO         2262    i.HAL_TIM_PWM_PulseFinishedCallback  stm32f1xx_hal_tim.o
    0x08002b3e   0x08002b3e   0x00000002   PAD
    0x08002b40   0x08002b40   0x000000a0   Code   RO         2264    i.HAL_TIM_PWM_Start  stm32f1xx_hal_tim.o
    0x08002be0   0x08002be0   0x00000070   Code   RO         2267    i.HAL_TIM_PWM_Stop  stm32f1xx_hal_tim.o
    0x08002c50   0x08002c50   0x00000010   Code   RO         4196    i.HAL_TIM_PeriodElapsedCallback  main.o
    0x08002c60   0x08002c60   0x00000002   Code   RO         2275    i.HAL_TIM_TriggerCallback  stm32f1xx_hal_tim.o
    0x08002c62   0x08002c62   0x00000002   Code   RO         3166    i.HAL_UARTEx_RxEventCallback  stm32f1xx_hal_uart.o
    0x08002c64   0x08002c64   0x00000058   Code   RO         3178    i.HAL_UART_DMAStop  stm32f1xx_hal_uart.o
    0x08002cbc   0x08002cbc   0x00000002   Code   RO         3180    i.HAL_UART_ErrorCallback  stm32f1xx_hal_uart.o
    0x08002cbe   0x08002cbe   0x00000062   Code   RO         3184    i.HAL_UART_Init     stm32f1xx_hal_uart.o
    0x08002d20   0x08002d20   0x000000f4   Code   RO         4528    i.HAL_UART_MspInit  usart.o
    0x08002e14   0x08002e14   0x0000002a   Code   RO         3188    i.HAL_UART_Receive_DMA  stm32f1xx_hal_uart.o
    0x08002e3e   0x08002e3e   0x00000002   Code   RO         3190    i.HAL_UART_RxCpltCallback  stm32f1xx_hal_uart.o
    0x08002e40   0x08002e40   0x00000002   Code   RO         3191    i.HAL_UART_RxHalfCpltCallback  stm32f1xx_hal_uart.o
    0x08002e42   0x08002e42   0x00000002   PAD
    0x08002e44   0x08002e44   0x00000080   Code   RO         3193    i.HAL_UART_Transmit_DMA  stm32f1xx_hal_uart.o
    0x08002ec4   0x08002ec4   0x00000002   Code   RO         3195    i.HAL_UART_TxCpltCallback  stm32f1xx_hal_uart.o
    0x08002ec6   0x08002ec6   0x00000002   Code   RO         3196    i.HAL_UART_TxHalfCpltCallback  stm32f1xx_hal_uart.o
    0x08002ec8   0x08002ec8   0x0000004c   Code   RO         4529    i.HAL_UART_Tx_End_Callback  usart.o
    0x08002f14   0x08002f14   0x00000002   Code   RO         4348    i.HardFault_Handler  stm32f1xx_it.o
    0x08002f16   0x08002f16   0x00000002   PAD
    0x08002f18   0x08002f18   0x00000028   Code   RO         4607    i.Hardware_Init     parameter.o
    0x08002f40   0x08002f40   0x00000002   Code   RO         3574    i.Interrupt_1MS     basic_function.o
    0x08002f42   0x08002f42   0x0000002a   Code   RO         3915    i.Inverse_Park_Transform  foc.o
    0x08002f6c   0x08002f6c   0x00000028   Code   RO         3803    i.Loop_Init         control_loop.o
    0x08002f94   0x08002f94   0x0000007c   Code   RO         4016    i.MX_ADC1_Init      adc.o
    0x08003010   0x08003010   0x00000060   Code   RO         4017    i.MX_ADC2_Init      adc.o
    0x08003070   0x08003070   0x0000007c   Code   RO         4065    i.MX_DMA_Init       dma.o
    0x080030ec   0x080030ec   0x00000100   Code   RO         4092    i.MX_GPIO_Init      gpio.o
    0x080031ec   0x080031ec   0x0000004c   Code   RO         4275    i.MX_SPI1_Init      spi.o
    0x08003238   0x08003238   0x00000104   Code   RO         4476    i.MX_TIM1_Init      tim.o
    0x0800333c   0x0800333c   0x00000094   Code   RO         4477    i.MX_TIM2_Init      tim.o
    0x080033d0   0x080033d0   0x0000003c   Code   RO         4530    i.MX_USART1_UART_Init  usart.o
    0x0800340c   0x0800340c   0x00000002   Code   RO         4349    i.MemManage_Handler  stm32f1xx_it.o
    0x0800340e   0x0800340e   0x00000002   PAD
    0x08003410   0x08003410   0x00000104   Code   RO         3575    i.Model_Control     basic_function.o
    0x08003514   0x08003514   0x00000002   Code   RO         4350    i.NMI_Handler       stm32f1xx_it.o
    0x08003516   0x08003516   0x00000002   PAD
    0x08003518   0x08003518   0x0000029c   Code   RO         3804    i.Open_Voltage_Loop  control_loop.o
    0x080037b4   0x080037b4   0x00000016   Code   RO         3805    i.PID_Init          control_loop.o
    0x080037ca   0x080037ca   0x00000082   Code   RO         3806    i.Parallel_PID      control_loop.o
    0x0800384c   0x0800384c   0x00000034   Code   RO         4608    i.Parameter_Init    parameter.o
    0x08003880   0x08003880   0x0000002a   Code   RO         3917    i.Park_Transform    foc.o
    0x080038aa   0x080038aa   0x00000002   Code   RO         4351    i.PendSV_Handler    stm32f1xx_it.o
    0x080038ac   0x080038ac   0x0000000c   Code   RO         3807    i.Position_Loop     control_loop.o
    0x080038b8   0x080038b8   0x00000022   Code   RO         1899    i.SPI_DMAError      stm32f1xx_hal_spi.o
    0x080038da   0x080038da   0x0000000a   Code   RO         1900    i.SPI_DMAHalfReceiveCplt  stm32f1xx_hal_spi.o
    0x080038e4   0x080038e4   0x0000000a   Code   RO         1902    i.SPI_DMAHalfTransmitReceiveCplt  stm32f1xx_hal_spi.o
    0x080038ee   0x080038ee   0x0000006a   Code   RO         1903    i.SPI_DMAReceiveCplt  stm32f1xx_hal_spi.o
    0x08003958   0x08003958   0x0000005a   Code   RO         1906    i.SPI_DMATransmitReceiveCplt  stm32f1xx_hal_spi.o
    0x080039b2   0x080039b2   0x0000005c   Code   RO         1908    i.SPI_EndRxTransaction  stm32f1xx_hal_spi.o
    0x08003a0e   0x08003a0e   0x00000020   Code   RO         1909    i.SPI_EndRxTxTransaction  stm32f1xx_hal_spi.o
    0x08003a2e   0x08003a2e   0x00000002   PAD
    0x08003a30   0x08003a30   0x000000b8   Code   RO         1914    i.SPI_WaitFlagStateUntilTimeout  stm32f1xx_hal_spi.o
    0x08003ae8   0x08003ae8   0x0000001c   Code   RO         3576    i.STM32_HAL_PWM_SET_Compare  basic_function.o
    0x08003b04   0x08003b04   0x00000068   Code   RO         3577    i.STM32_Infrastructure_Init  basic_function.o
    0x08003b6c   0x08003b6c   0x00000002   Code   RO         4352    i.SVC_Handler       stm32f1xx_it.o
    0x08003b6e   0x08003b6e   0x00000002   PAD
    0x08003b70   0x08003b70   0x0000025c   Code   RO         3918    i.SVPWM             foc.o
    0x08003dcc   0x08003dcc   0x00000002   Code   RO         3809    i.Speed_Loop        control_loop.o
    0x08003dce   0x08003dce   0x00000004   Code   RO         4353    i.SysTick_Handler   stm32f1xx_it.o
    0x08003dd2   0x08003dd2   0x0000007a   Code   RO         4197    i.SystemClock_Config  main.o
    0x08003e4c   0x08003e4c   0x00000002   Code   RO            5    i.SystemInit        system_stm32f1xx.o
    0x08003e4e   0x08003e4e   0x00000002   PAD
    0x08003e50   0x08003e50   0x00000050   Code   RO         4093    i.TEST_GPIO_Init    gpio.o
    0x08003ea0   0x08003ea0   0x0000000c   Code   RO         4354    i.TIM2_IRQHandler   stm32f1xx_it.o
    0x08003eac   0x08003eac   0x0000006c   Code   RO         2277    i.TIM_Base_SetConfig  stm32f1xx_hal_tim.o
    0x08003f18   0x08003f18   0x0000001a   Code   RO         2278    i.TIM_CCxChannelCmd  stm32f1xx_hal_tim.o
    0x08003f32   0x08003f32   0x00000014   Code   RO         2288    i.TIM_ETR_SetConfig  stm32f1xx_hal_tim.o
    0x08003f46   0x08003f46   0x00000010   Code   RO         2289    i.TIM_ITRx_SetConfig  stm32f1xx_hal_tim.o
    0x08003f56   0x08003f56   0x00000002   PAD
    0x08003f58   0x08003f58   0x00000058   Code   RO         2290    i.TIM_OC1_SetConfig  stm32f1xx_hal_tim.o
    0x08003fb0   0x08003fb0   0x0000005c   Code   RO         2291    i.TIM_OC2_SetConfig  stm32f1xx_hal_tim.o
    0x0800400c   0x0800400c   0x00000058   Code   RO         2292    i.TIM_OC3_SetConfig  stm32f1xx_hal_tim.o
    0x08004064   0x08004064   0x00000044   Code   RO         2293    i.TIM_OC4_SetConfig  stm32f1xx_hal_tim.o
    0x080040a8   0x080040a8   0x00000022   Code   RO         2295    i.TIM_TI1_ConfigInputStage  stm32f1xx_hal_tim.o
    0x080040ca   0x080040ca   0x00000024   Code   RO         2297    i.TIM_TI2_ConfigInputStage  stm32f1xx_hal_tim.o
    0x080040ee   0x080040ee   0x0000004a   Code   RO         3198    i.UART_DMAError     stm32f1xx_hal_uart.o
    0x08004138   0x08004138   0x0000005a   Code   RO         3199    i.UART_DMAReceiveCplt  stm32f1xx_hal_uart.o
    0x08004192   0x08004192   0x0000001a   Code   RO         3201    i.UART_DMARxHalfCplt  stm32f1xx_hal_uart.o
    0x080041ac   0x080041ac   0x0000002e   Code   RO         3203    i.UART_DMATransmitCplt  stm32f1xx_hal_uart.o
    0x080041da   0x080041da   0x0000000a   Code   RO         3205    i.UART_DMATxHalfCplt  stm32f1xx_hal_uart.o
    0x080041e4   0x080041e4   0x00000030   Code   RO         3207    i.UART_EndRxTransfer  stm32f1xx_hal_uart.o
    0x08004214   0x08004214   0x00000012   Code   RO         3208    i.UART_EndTxTransfer  stm32f1xx_hal_uart.o
    0x08004226   0x08004226   0x00000002   PAD
    0x08004228   0x08004228   0x000000b8   Code   RO         3210    i.UART_SetConfig    stm32f1xx_hal_uart.o
    0x080042e0   0x080042e0   0x00000074   Code   RO         3211    i.UART_Start_Receive_DMA  stm32f1xx_hal_uart.o
    0x08004354   0x08004354   0x00000050   Code   RO         4355    i.USART1_IRQHandler  stm32f1xx_it.o
    0x080043a4   0x080043a4   0x000001f8   Code   RO         4531    i.Uart_Loop_Debug_Write  usart.o
    0x0800459c   0x0800459c   0x00000002   Code   RO         4356    i.UsageFault_Handler  stm32f1xx_it.o
    0x0800459e   0x0800459e   0x00000008   Code   RO         4609    i._CLEAN            parameter.o
    0x080045a6   0x080045a6   0x00000008   Code   RO         4610    i._NEGA             parameter.o
    0x080045ae   0x080045ae   0x00000008   Code   RO         4611    i._SET              parameter.o
    0x080045b6   0x080045b6   0x0000000a   Code   RO         4612    i._TEST             parameter.o
    0x080045c0   0x080045c0   0x00000020   Code   RO          941    i.__NVIC_SetPriority  stm32f1xx_hal_cortex.o
    0x080045e0   0x080045e0   0x0000000e   Code   RO         4747    i.__scatterload_copy  mc_w.l(handlers.o)
    0x080045ee   0x080045ee   0x00000002   Code   RO         4748    i.__scatterload_null  mc_w.l(handlers.o)
    0x080045f0   0x080045f0   0x0000000e   Code   RO         4749    i.__scatterload_zeroinit  mc_w.l(handlers.o)
    0x080045fe   0x080045fe   0x00000002   PAD
    0x08004600   0x08004600   0x00000070   Code   RO         4198    i.main              main.o
    0x08004670   0x08004670   0x00000064   Code   RO         4532    i.oscilloscope_send  usart.o
    0x080046d4   0x080046d4   0x00000060   Code   RO         4533    i.uart_idleback     usart.o
    0x08004734   0x08004734   0x00000010   Data   RO            6    .constdata          system_stm32f1xx.o
    0x08004744   0x08004744   0x00000008   Data   RO            7    .constdata          system_stm32f1xx.o
    0x0800474c   0x0800474c   0x00000020   Data   RO         4745    Region$$Table       anon$$obj.o


    Execution Region RW_IRAM1 (Exec base: 0x20000000, Load base: 0x0800476c, Size: 0x00004d08, Max: 0x00005000, ABSOLUTE, COMPRESSED[0x00000124])

    Exec Addr    Load Addr    Size         Type   Attr      Idx    E Section Name        Object

    0x20000000   COMPRESSED   0x00000004   Data   RW            8    .data               system_stm32f1xx.o
    0x20000004   COMPRESSED   0x0000000c   Data   RW          478    .data               stm32f1xx_hal.o
    0x20000010   COMPRESSED   0x00000088   Data   RW         3522    .data               encoder.o
    0x20000098   COMPRESSED   0x00000002   Data   RW         3579    .data               basic_function.o
    0x2000009a   COMPRESSED   0x00000001   Data   RW         3680    .data               modbus.o
    0x2000009b   COMPRESSED   0x00000001   PAD
    0x2000009c   COMPRESSED   0x00000002   Data   RW         3725    .data               object_commicate.o
    0x2000009e   COMPRESSED   0x00000002   PAD
    0x200000a0   COMPRESSED   0x00000008   Data   RW         3816    .data               control_loop.o
    0x200000a8   COMPRESSED   0x00000006   Data   RW         3920    .data               foc.o
    0x200000ae   COMPRESSED   0x00000002   PAD
    0x200000b0   COMPRESSED   0x00000008   Data   RW         3921    .data               foc.o
    0x200000b8   COMPRESSED   0x00000100   Data   RW         3990    .data               table.o
    0x200001b8   COMPRESSED   0x00000006   Data   RW         4199    .data               main.o
    0x200001be   COMPRESSED   0x0000000a   Data   RW         4535    .data               usart.o
    0x200001c8   COMPRESSED   0x00000008   Data   RW         4614    .data               parameter.o
    0x200001d0        -       0x0000002c   Zero   RW         3521    .bss                encoder.o
    0x200001fc        -       0x00000050   Zero   RW         3675    .bss                modbus.o
    0x2000024c        -       0x0000001e   Zero   RW         3676    .bss                modbus.o
    0x2000026a        -       0x0000001e   Zero   RW         3678    .bss                modbus.o
    0x20000288        -       0x0000005c   Zero   RW         3811    .bss                control_loop.o
    0x200002e4        -       0x0000005c   Zero   RW         3812    .bss                control_loop.o
    0x20000340        -       0x0000005c   Zero   RW         3813    .bss                control_loop.o
    0x2000039c        -       0x0000005c   Zero   RW         3814    .bss                control_loop.o
    0x200003f8        -       0x000000f0   Zero   RW         3815    .bss                control_loop.o
    0x200004e8        -       0x00000050   Zero   RW         3919    .bss                foc.o
    0x20000538        -       0x00000060   Zero   RW         4018    .bss                adc.o
    0x20000598        -       0x000000dc   Zero   RW         4155    .bss                i2c.o
    0x20000674        -       0x000000e0   Zero   RW         4276    .bss                spi.o
    0x20000754        -       0x00000090   Zero   RW         4478    .bss                tim.o
    0x200007e4        -       0x000040f0   Zero   RW         4534    .bss                usart.o
    0x200048d4        -       0x00000034   Zero   RW         4613    .bss                parameter.o
    0x20004908        -       0x00000400   Zero   RW         3509    STACK               startup_stm32f103xb.o


==============================================================================

Image component sizes


      Code (inc. data)   RO Data    RW Data    ZI Data      Debug   Object Name

       372         34          0          0         96       2402   adc.o
       874         98          0          2          0       6995   basic_function.o
       978         50          0          8        608       8303   control_loop.o
       124          4          0          0          0        790   dma.o
       312         24          0        136         44       5551   encoder.o
       992         92          0         14         80       5019   foc.o
       336         22          0          0          0       1528   gpio.o
         0          0          0          0        220        290   i2c.o
       378         36          0          6          0       3493   main.o
         0          0          0          1        140       2056   modbus.o
        38         10          0          2          0       2334   object_commicate.o
       210         36          0          8         52       6391   parameter.o
       288         30          0          0        224       1831   spi.o
        36          8        236          0       1024        756   startup_stm32f103xb.o
       164         28          0         12          0       5785   stm32f1xx_hal.o
       722         22          0          0          0       4916   stm32f1xx_hal_adc.o
      1182         48          0          0          0       5875   stm32f1xx_hal_adc_ex.o
       198         14          0          0          0      28839   stm32f1xx_hal_cortex.o
       660         32          0          0          0       4183   stm32f1xx_hal_dma.o
       470         34          0          0          0       2804   stm32f1xx_hal_gpio.o
        60          8          0          0          0        866   stm32f1xx_hal_msp.o
      1276        100          0          0          0       5264   stm32f1xx_hal_rcc.o
       428         44          0          0          0       2573   stm32f1xx_hal_rcc_ex.o
      1038         26          0          0          0      10317   stm32f1xx_hal_spi.o
      2064         62          0          0          0      18875   stm32f1xx_hal_tim.o
       192         12          0          0          0       3181   stm32f1xx_hal_tim_ex.o
       980         32          0          0          0      11921   stm32f1xx_hal_uart.o
       252         68          0          0          0       8920   stm32f1xx_it.o
         2          0         24          4          0     461827   system_stm32f1xx.o
         0          0          0        256          0        558   table.o
       568         36          0          0        144       3129   tim.o
      1080        106          0         10      16624       5471   usart.o

    ----------------------------------------------------------------------
     16312       1116        292        464      19256     633043   Object Totals
         0          0         32          0          0          0   (incl. Generated)
        38          0          0          5          0          0   (incl. Padding)

    ----------------------------------------------------------------------

      Code (inc. data)   RO Data    RW Data    ZI Data      Debug   Library Member Name

        86          0          0          0          0          0   __dczerorl2.o
         0          0          0          0          0          0   entry.o
         0          0          0          0          0          0   entry10a.o
         0          0          0          0          0          0   entry11a.o
         4          0          0          0          0          0   entry12b.o
         8          4          0          0          0          0   entry2.o
         4          0          0          0          0          0   entry5.o
         0          0          0          0          0          0   entry7b.o
         0          0          0          0          0          0   entry8b.o
         8          4          0          0          0          0   entry9a.o
        30          0          0          0          0          0   handlers.o
        36          8          0          0          0         68   init.o
         0          0          0          0          0          0   iusefp.o
        30          0          0          0          0         68   llshl.o
        36          0          0          0          0         68   llsshr.o
        32          0          0          0          0         68   llushr.o
        36          0          0          0          0         68   memcpya.o
        36          0          0          0          0        108   memseta.o
        48          0          0          0          0         68   cdrcmple.o
       334          0          0          0          0        148   dadd.o
       222          0          0          0          0        100   ddiv.o
       186          0          0          0          0        176   depilogue.o
        62          0          0          0          0         80   dfixi.o
        50          0          0          0          0         76   dfixui.o
        34          0          0          0          0         76   dflti.o
        26          0          0          0          0         76   dfltui.o
       228          0          0          0          0         96   dmul.o
       110          0          0          0          0        168   fepilogue.o
        18          0          0          0          0         68   fflti.o
        10          0          0          0          0         68   ffltui.o

    ----------------------------------------------------------------------
      1680         16          0          0          0       1648   Library Totals
         6          0          0          0          0          0   (incl. Padding)

    ----------------------------------------------------------------------

      Code (inc. data)   RO Data    RW Data    ZI Data      Debug   Library Name

       346         16          0          0          0        448   mc_w.l
      1328          0          0          0          0       1200   mf_w.l

    ----------------------------------------------------------------------
      1680         16          0          0          0       1648   Library Totals

    ----------------------------------------------------------------------

==============================================================================


      Code (inc. data)   RO Data    RW Data    ZI Data      Debug   

     17992       1132        292        464      19256     625303   Grand Totals
     17992       1132        292        292      19256     625303   ELF Image Totals (compressed)
     17992       1132        292        292          0          0   ROM Totals

==============================================================================

    Total RO  Size (Code + RO Data)                18284 (  17.86kB)
    Total RW  Size (RW Data + ZI Data)             19720 (  19.26kB)
    Total ROM Size (Code + RO Data + RW Data)      18576 (  18.14kB)

==============================================================================

