Component: ARM Compiler 5.06 update 7 (build 960) Tool: armlink [4d3601]

==============================================================================

Section Cross References

    system_stm32f1xx.o(i.SystemCoreClockUpdate) refers to system_stm32f1xx.o(.data) for .data
    system_stm32f1xx.o(i.SystemCoreClockUpdate) refers to system_stm32f1xx.o(.constdata) for .constdata
    stm32f1xx_hal_adc.o(i.ADC_ConversionStop_Disable) refers to stm32f1xx_hal.o(i.HAL_GetTick) for HAL_GetTick
    stm32f1xx_hal_adc.o(i.ADC_DMAConvCplt) refers to stm32f1xx_hal_adc.o(i.HAL_ADC_ConvCpltCallback) for HAL_ADC_ConvCpltCallback
    stm32f1xx_hal_adc.o(i.ADC_DMAError) refers to stm32f1xx_hal_adc.o(i.HAL_ADC_ErrorCallback) for HAL_ADC_ErrorCallback
    stm32f1xx_hal_adc.o(i.ADC_DMAHalfConvCplt) refers to stm32f1xx_hal_adc.o(i.HAL_ADC_ConvHalfCpltCallback) for HAL_ADC_ConvHalfCpltCallback
    stm32f1xx_hal_adc.o(i.ADC_Enable) refers to stm32f1xx_hal.o(i.HAL_GetTick) for HAL_GetTick
    stm32f1xx_hal_adc.o(i.ADC_Enable) refers to system_stm32f1xx.o(.data) for SystemCoreClock
    stm32f1xx_hal_adc.o(i.HAL_ADC_ConfigChannel) refers to system_stm32f1xx.o(.data) for SystemCoreClock
    stm32f1xx_hal_adc.o(i.HAL_ADC_DeInit) refers to stm32f1xx_hal_adc.o(i.ADC_ConversionStop_Disable) for ADC_ConversionStop_Disable
    stm32f1xx_hal_adc.o(i.HAL_ADC_DeInit) refers to adc.o(i.HAL_ADC_MspDeInit) for HAL_ADC_MspDeInit
    stm32f1xx_hal_adc.o(i.HAL_ADC_IRQHandler) refers to stm32f1xx_hal_adc.o(i.HAL_ADC_ConvCpltCallback) for HAL_ADC_ConvCpltCallback
    stm32f1xx_hal_adc.o(i.HAL_ADC_IRQHandler) refers to main.o(i.HAL_ADCEx_InjectedConvCpltCallback) for HAL_ADCEx_InjectedConvCpltCallback
    stm32f1xx_hal_adc.o(i.HAL_ADC_IRQHandler) refers to stm32f1xx_hal_adc.o(i.HAL_ADC_LevelOutOfWindowCallback) for HAL_ADC_LevelOutOfWindowCallback
    stm32f1xx_hal_adc.o(i.HAL_ADC_Init) refers to adc.o(i.HAL_ADC_MspInit) for HAL_ADC_MspInit
    stm32f1xx_hal_adc.o(i.HAL_ADC_Init) refers to stm32f1xx_hal_adc.o(i.ADC_ConversionStop_Disable) for ADC_ConversionStop_Disable
    stm32f1xx_hal_adc.o(i.HAL_ADC_PollForConversion) refers to stm32f1xx_hal.o(i.HAL_GetTick) for HAL_GetTick
    stm32f1xx_hal_adc.o(i.HAL_ADC_PollForConversion) refers to stm32f1xx_hal_rcc_ex.o(i.HAL_RCCEx_GetPeriphCLKFreq) for HAL_RCCEx_GetPeriphCLKFreq
    stm32f1xx_hal_adc.o(i.HAL_ADC_PollForConversion) refers to system_stm32f1xx.o(.data) for SystemCoreClock
    stm32f1xx_hal_adc.o(i.HAL_ADC_PollForEvent) refers to stm32f1xx_hal.o(i.HAL_GetTick) for HAL_GetTick
    stm32f1xx_hal_adc.o(i.HAL_ADC_Start) refers to stm32f1xx_hal_adc.o(i.ADC_Enable) for ADC_Enable
    stm32f1xx_hal_adc.o(i.HAL_ADC_Start_DMA) refers to stm32f1xx_hal_adc.o(i.ADC_Enable) for ADC_Enable
    stm32f1xx_hal_adc.o(i.HAL_ADC_Start_DMA) refers to stm32f1xx_hal_dma.o(i.HAL_DMA_Start_IT) for HAL_DMA_Start_IT
    stm32f1xx_hal_adc.o(i.HAL_ADC_Start_DMA) refers to stm32f1xx_hal_adc.o(i.ADC_DMAConvCplt) for ADC_DMAConvCplt
    stm32f1xx_hal_adc.o(i.HAL_ADC_Start_DMA) refers to stm32f1xx_hal_adc.o(i.ADC_DMAHalfConvCplt) for ADC_DMAHalfConvCplt
    stm32f1xx_hal_adc.o(i.HAL_ADC_Start_DMA) refers to stm32f1xx_hal_adc.o(i.ADC_DMAError) for ADC_DMAError
    stm32f1xx_hal_adc.o(i.HAL_ADC_Start_IT) refers to stm32f1xx_hal_adc.o(i.ADC_Enable) for ADC_Enable
    stm32f1xx_hal_adc.o(i.HAL_ADC_Stop) refers to stm32f1xx_hal_adc.o(i.ADC_ConversionStop_Disable) for ADC_ConversionStop_Disable
    stm32f1xx_hal_adc.o(i.HAL_ADC_Stop_DMA) refers to stm32f1xx_hal_adc.o(i.ADC_ConversionStop_Disable) for ADC_ConversionStop_Disable
    stm32f1xx_hal_adc.o(i.HAL_ADC_Stop_DMA) refers to stm32f1xx_hal_dma.o(i.HAL_DMA_Abort) for HAL_DMA_Abort
    stm32f1xx_hal_adc.o(i.HAL_ADC_Stop_IT) refers to stm32f1xx_hal_adc.o(i.ADC_ConversionStop_Disable) for ADC_ConversionStop_Disable
    stm32f1xx_hal_adc_ex.o(i.HAL_ADCEx_Calibration_Start) refers to stm32f1xx_hal_adc.o(i.ADC_ConversionStop_Disable) for ADC_ConversionStop_Disable
    stm32f1xx_hal_adc_ex.o(i.HAL_ADCEx_Calibration_Start) refers to stm32f1xx_hal_rcc_ex.o(i.HAL_RCCEx_GetPeriphCLKFreq) for HAL_RCCEx_GetPeriphCLKFreq
    stm32f1xx_hal_adc_ex.o(i.HAL_ADCEx_Calibration_Start) refers to stm32f1xx_hal_adc.o(i.ADC_Enable) for ADC_Enable
    stm32f1xx_hal_adc_ex.o(i.HAL_ADCEx_Calibration_Start) refers to stm32f1xx_hal.o(i.HAL_GetTick) for HAL_GetTick
    stm32f1xx_hal_adc_ex.o(i.HAL_ADCEx_Calibration_Start) refers to system_stm32f1xx.o(.data) for SystemCoreClock
    stm32f1xx_hal_adc_ex.o(i.HAL_ADCEx_InjectedConfigChannel) refers to system_stm32f1xx.o(.data) for SystemCoreClock
    stm32f1xx_hal_adc_ex.o(i.HAL_ADCEx_InjectedPollForConversion) refers to stm32f1xx_hal.o(i.HAL_GetTick) for HAL_GetTick
    stm32f1xx_hal_adc_ex.o(i.HAL_ADCEx_InjectedPollForConversion) refers to stm32f1xx_hal_rcc_ex.o(i.HAL_RCCEx_GetPeriphCLKFreq) for HAL_RCCEx_GetPeriphCLKFreq
    stm32f1xx_hal_adc_ex.o(i.HAL_ADCEx_InjectedPollForConversion) refers to system_stm32f1xx.o(.data) for SystemCoreClock
[...]
    __lit__00000000                          0x08000100   Data           4  entry2.o(.ARM.Collect$$$$00002712)
    .text                                    0x08000104   Section       36  startup_stm32f103xb.o(.text)
    .text                                    0x08000128   Section        0  llushr.o(.text)
    .text                                    0x08000148   Section        0  memcpya.o(.text)
    .text                                    0x0800016c   Section        0  memseta.o(.text)
    .text                                    0x08000190   Section        0  dmul.o(.text)
    .text                                    0x08000274   Section        0  dflti.o(.text)
    .text                                    0x08000296   Section        0  dfixi.o(.text)
    .text                                    0x080002d4   Section        0  llshl.o(.text)
    .text                                    0x080002f2   Section        0  iusefp.o(.text)
    .text                                    0x080002f2   Section        0  depilogue.o(.text)
    .text                                    0x080003ac   Section       36  init.o(.text)
    .text                                    0x080003d0   Section        0  __dclz77c.o(.text)
    i.ADC1_2_IRQHandler                      0x08000430   Section        0  stm32f1xx_it.o(i.ADC1_2_IRQHandler)
    i.ADC_ConversionStop_Disable             0x0800044c   Section        0  stm32f1xx_hal_adc.o(i.ADC_ConversionStop_Disable)
    i.ADC_Current_Offest                     0x080004a0   Section        0  basic_function.o(i.ADC_Current_Offest)
    i.ADC_DMAConvCplt                        0x080004fc   Section        0  stm32f1xx_hal_adc.o(i.ADC_DMAConvCplt)
    i.ADC_DMAError                           0x0800054a   Section        0  stm32f1xx_hal_adc.o(i.ADC_DMAError)
    i.ADC_DMAHalfConvCplt                    0x08000564   Section        0  stm32f1xx_hal_adc.o(i.ADC_DMAHalfConvCplt)
    i.ADC_Enable                             0x08000570   Section        0  stm32f1xx_hal_adc.o(i.ADC_Enable)
    i.BusFault_Handler                       0x080005e8   Section        0  stm32f1xx_it.o(i.BusFault_Handler)
    i.Clark_Transform                        0x080005ea   Section        0  foc.o(i.Clark_Transform)
    i.Commicate_Data_Init                    0x0800060c   Section        0  object_commicate.o(i.Commicate_Data_Init)
    i.Control_Loop_Init                      0x08000628   Section        0  control_loop.o(i.Control_Loop_Init)
    i.Control_Word_Init                      0x08000664   Section        0  parameter.o(i.Control_Word_Init)
    i.Current_Forward_Feedback               0x08000686   Section        0  basic_function.o(i.Current_Forward_Feedback)
    i.DMA1_Channel2_IRQHandler               0x080006ac   Section        0  stm32f1xx_it.o(i.DMA1_Channel2_IRQHandler)
    i.DMA1_Channel3_IRQHandler               0x080006cc   Section        0  stm32f1xx_it.o(i.DMA1_Channel3_IRQHandler)
    i.DMA1_Channel4_IRQHandler               0x080006ec   Section        0  stm32f1xx_it.o(i.DMA1_Channel4_IRQHandler)
    i.DMA1_Channel5_IRQHandler               0x080006f8   Section        0  stm32f1xx_it.o(i.DMA1_Channel5_IRQHandler)
    i.DMA1_Channel6_IRQHandler               0x08000704   Section        0  stm32f1xx_it.o(i.DMA1_Channel6_IRQHandler)
    i.DMA1_Channel7_IRQHandler               0x08000710   Section        0  stm32f1xx_it.o(i.DMA1_Channel7_IRQHandler)
    i.DMA_SetConfig                          0x0800071c   Section        0  stm32f1xx_hal_dma.o(i.DMA_SetConfig)
    DMA_SetConfig                            0x0800071d   Thumb Code    42  stm32f1xx_hal_dma.o(i.DMA_SetConfig)
    i.DebugMon_Handler                       0x08000746   Section        0  stm32f1xx_it.o(i.DebugMon_Handler)
    i.Enable_Logic_Control                   0x08000748   Section        0  basic_function.o(i.Enable_Logic_Control)
    i.Encoder_Data_Deal                      0x080007c8   Section        0  encoder.o(i.Encoder_Data_Deal)
    i.Encoder_To_Electri_Angle               0x08000844   Section        0  basic_function.o(i.Encoder_To_Electri_Angle)
    i.Error_Handler                          0x080008b8   Section        0  main.o(i.Error_Handler)
    i.FOC_Control                            0x080008bc   Section        0  foc.o(i.FOC_Control)
    i.Get_Communicte_Data_Number             0x080008f8   Section        0  object_commicate.o(i.Get_Communicte_Data_Number)
    i.Get_Initial_Angle_Offest               0x08000904   Section        0  basic_function.o(i.Get_Initial_Angle_Offest)
    i.HAL_ADCEx_Calibration_Start            0x080009a0   Section        0  stm32f1xx_hal_adc_ex.o(i.HAL_ADCEx_Calibration_Start)
    i.HAL_ADCEx_InjectedConfigChannel        0x08000a78   Section        0  stm32f1xx_hal_adc_ex.o(i.HAL_ADCEx_InjectedConfigChannel)
    i.HAL_ADCEx_InjectedConvCpltCallback     0x08000c54   Section        0  main.o(i.HAL_ADCEx_InjectedConvCpltCallback)
    i.HAL_ADCEx_InjectedGetValue             0x08000ca4   Section        0  stm32f1xx_hal_adc_ex.o(i.HAL_ADCEx_InjectedGetValue)
    i.HAL_ADCEx_InjectedStart                0x08000cc4   Section        0  stm32f1xx_hal_adc_ex.o(i.HAL_ADCEx_InjectedStart)
    i.HAL_ADCEx_InjectedStart_IT             0x08000d6c   Section        0  stm32f1xx_hal_adc_ex.o(i.HAL_ADCEx_InjectedStart_IT)
    i.HAL_ADCEx_MultiModeConfigChannel       0x08000e20   Section        0  stm32f1xx_hal_adc_ex.o(i.HAL_ADCEx_MultiModeConfigChannel)
    i.HAL_ADCEx_MultiModeStart_DMA           0x08000e90   Section        0  stm32f1xx_hal_adc_ex.o(i.HAL_ADCEx_MultiModeStart_DMA)
    i.HAL_ADC_ConfigChannel                  0x08000f80   Section        0  stm32f1xx_hal_adc.o(i.HAL_ADC_ConfigChannel)
    i.HAL_ADC_ConvCpltCallback               0x0800107c   Section        0  stm32f1xx_hal_adc.o(i.HAL_ADC_ConvCpltCallback)
    i.HAL_ADC_ConvHalfCpltCallback           0x0800107e   Section        0  stm32f1xx_hal_adc.o(i.HAL_ADC_ConvHalfCpltCallback)
    i.HAL_ADC_ErrorCallback                  0x08001080   Section        0  stm32f1xx_hal_adc.o(i.HAL_ADC_ErrorCallback)
    i.HAL_ADC_IRQHandler                     0x08001082   Section        0  stm32f1xx_hal_adc.o(i.HAL_ADC_IRQHandler)
    i.HAL_ADC_Init                           0x08001168   Section        0  stm32f1xx_hal_adc.o(i.HAL_ADC_Init)
    i.HAL_ADC_LevelOutOfWindowCallback       0x08001284   Section        0  stm32f1xx_hal_adc.o(i.HAL_ADC_LevelOutOfWindowCallback)
    i.HAL_ADC_MspInit                        0x08001288   Section        0  adc.o(i.HAL_ADC_MspInit)
    i.HAL_ADC_Start                          0x08001320   Section        0  stm32f1xx_hal_adc.o(i.HAL_ADC_Start)
    i.HAL_DMA_Abort                          0x080013e0   Section        0  stm32f1xx_hal_dma.o(i.HAL_DMA_Abort)
    i.HAL_DMA_Abort_IT                       0x08001428   Section        0  stm32f1xx_hal_dma.o(i.HAL_DMA_Abort_IT)
    i.HAL_DMA_IRQHandler                     0x080014c0   Section        0  stm32f1xx_hal_dma.o(i.HAL_DMA_IRQHandler)
    i.HAL_DMA_Init                           0x08001618   Section        0  stm32f1xx_hal_dma.o(i.HAL_DMA_Init)
    i.HAL_DMA_Start_IT                       0x08001674   Section        0  stm32f1xx_hal_dma.o(i.HAL_DMA_Start_IT)
    i.HAL_Delay                              0x080016e4   Section        0  stm32f1xx_hal.o(i.HAL_Delay)
    i.HAL_GPIO_Init                          0x08001708   Section        0  stm32f1xx_hal_gpio.o(i.HAL_GPIO_Init)
    i.HAL_GPIO_WritePin                      0x080018d4   Section        0  stm32f1xx_hal_gpio.o(i.HAL_GPIO_WritePin)
    i.HAL_GetTick                            0x080018e0   Section        0  stm32f1xx_hal.o(i.HAL_GetTick)
    i.HAL_I2C_Init                           0x080018ec   Section        0  stm32f1xx_hal_i2c.o(i.HAL_I2C_Init)
    i.HAL_I2C_MspInit                        0x08001a74   Section        0  i2c.o(i.HAL_I2C_MspInit)
    i.HAL_IncTick                            0x08001b40   Section        0  stm32f1xx_hal.o(i.HAL_IncTick)
    i.HAL_Init                               0x08001b50   Section        0  stm32f1xx_hal.o(i.HAL_Init)
    i.HAL_InitTick                           0x08001b74   Section        0  stm32f1xx_hal.o(i.HAL_InitTick)
    i.HAL_MspInit                            0x08001bb4   Section        0  stm32f1xx_hal_msp.o(i.HAL_MspInit)
    i.HAL_NVIC_EnableIRQ                     0x08001bf0   Section        0  stm32f1xx_hal_cortex.o(i.HAL_NVIC_EnableIRQ)
    i.HAL_NVIC_SetPriority                   0x08001c0c   Section        0  stm32f1xx_hal_cortex.o(i.HAL_NVIC_SetPriority)
    i.HAL_NVIC_SetPriorityGrouping           0x08001c4c   Section        0  stm32f1xx_hal_cortex.o(i.HAL_NVIC_SetPriorityGrouping)
    i.HAL_RCCEx_GetPeriphCLKFreq             0x08001c70   Section        0  stm32f1xx_hal_rcc_ex.o(i.HAL_RCCEx_GetPeriphCLKFreq)
    i.HAL_RCCEx_PeriphCLKConfig              0x08001d34   Section        0  stm32f1xx_hal_rcc_ex.o(i.HAL_RCCEx_PeriphCLKConfig)
    i.HAL_RCC_ClockConfig                    0x08001e1c   Section        0  stm32f1xx_hal_rcc.o(i.HAL_RCC_ClockConfig)
    i.HAL_RCC_GetPCLK1Freq                   0x08001f54   Section        0  stm32f1xx_hal_rcc.o(i.HAL_RCC_GetPCLK1Freq)
    i.HAL_RCC_GetPCLK2Freq                   0x08001f74   Section        0  stm32f1xx_hal_rcc.o(i.HAL_RCC_GetPCLK2Freq)
    i.HAL_RCC_GetSysClockFreq                0x08001f94   Section        0  stm32f1xx_hal_rcc.o(i.HAL_RCC_GetSysClockFreq)
    i.HAL_RCC_OscConfig                      0x08002000   Section        0  stm32f1xx_hal_rcc.o(i.HAL_RCC_OscConfig)
    i.HAL_SPI_ErrorCallback                  0x08002318   Section        0  stm32f1xx_hal_spi.o(i.HAL_SPI_ErrorCallback)
    i.HAL_SPI_Init                           0x0800231a   Section        0  stm32f1xx_hal_spi.o(i.HAL_SPI_Init)
    i.HAL_SPI_MspInit                        0x080023cc   Section        0  spi.o(i.HAL_SPI_MspInit)
    i.HAL_SPI_RxCpltCallback                 0x080024a0   Section        0  stm32f1xx_hal_spi.o(i.HAL_SPI_RxCpltCallback)
    i.HAL_SPI_RxHalfCpltCallback             0x080024a2   Section        0  stm32f1xx_hal_spi.o(i.HAL_SPI_RxHalfCpltCallback)
    i.HAL_SPI_TransmitReceive_DMA            0x080024a4   Section        0  stm32f1xx_hal_spi.o(i.HAL_SPI_TransmitReceive_DMA)
    i.HAL_SPI_TxRxCpltCallback               0x080025c8   Section        0  stm32f1xx_hal_spi.o(i.HAL_SPI_TxRxCpltCallback)
    i.HAL_SPI_TxRxHalfCpltCallback           0x080025ca   Section        0  stm32f1xx_hal_spi.o(i.HAL_SPI_TxRxHalfCpltCallback)
    i.HAL_SYSTICK_Config                     0x080025cc   Section        0  stm32f1xx_hal_cortex.o(i.HAL_SYSTICK_Config)
    i.HAL_TIMEx_BreakCallback                0x080025f4   Section        0  stm32f1xx_hal_tim_ex.o(i.HAL_TIMEx_BreakCallback)
    i.HAL_TIMEx_CommutCallback               0x080025f6   Section        0  stm32f1xx_hal_tim_ex.o(i.HAL_TIMEx_CommutCallback)
    i.HAL_TIMEx_ConfigBreakDeadTime          0x080025f8   Section        0  stm32f1xx_hal_tim_ex.o(i.HAL_TIMEx_ConfigBreakDeadTime)
    i.HAL_TIMEx_MasterConfigSynchronization  0x0800264c   Section        0  stm32f1xx_hal_tim_ex.o(i.HAL_TIMEx_MasterConfigSynchronization)
    i.HAL_TIM_Base_Init                      0x080026b4   Section        0  stm32f1xx_hal_tim.o(i.HAL_TIM_Base_Init)
    i.HAL_TIM_Base_MspInit                   0x08002710   Section        0  tim.o(i.HAL_TIM_Base_MspInit)
    i.HAL_TIM_Base_Start_IT                  0x08002760   Section        0  stm32f1xx_hal_tim.o(i.HAL_TIM_Base_Start_IT)
    i.HAL_TIM_ConfigClockSource              0x080027b8   Section        0  stm32f1xx_hal_tim.o(i.HAL_TIM_ConfigClockSource)
    i.HAL_TIM_IC_CaptureCallback             0x0800288e   Section        0  stm32f1xx_hal_tim.o(i.HAL_TIM_IC_CaptureCallback)
    i.HAL_TIM_IRQHandler                     0x08002890   Section        0  stm32f1xx_hal_tim.o(i.HAL_TIM_IRQHandler)
    i.HAL_TIM_MspPostInit                    0x080029f8   Section        0  tim.o(i.HAL_TIM_MspPostInit)
    i.HAL_TIM_OC_ConfigChannel               0x08002a48   Section        0  stm32f1xx_hal_tim.o(i.HAL_TIM_OC_ConfigChannel)
    i.HAL_TIM_OC_DelayElapsedCallback        0x08002a94   Section        0  stm32f1xx_hal_tim.o(i.HAL_TIM_OC_DelayElapsedCallback)
    i.HAL_TIM_OC_Init                        0x08002a96   Section        0  stm32f1xx_hal_tim.o(i.HAL_TIM_OC_Init)
    i.HAL_TIM_OC_MspInit                     0x08002af0   Section        0  stm32f1xx_hal_tim.o(i.HAL_TIM_OC_MspInit)
    i.HAL_TIM_PWM_ConfigChannel              0x08002af2   Section        0  stm32f1xx_hal_tim.o(i.HAL_TIM_PWM_ConfigChannel)
    i.HAL_TIM_PWM_Init                       0x08002bb8   Section        0  stm32f1xx_hal_tim.o(i.HAL_TIM_PWM_Init)
    i.HAL_TIM_PWM_MspInit                    0x08002c12   Section        0  stm32f1xx_hal_tim.o(i.HAL_TIM_PWM_MspInit)
    i.HAL_TIM_PWM_PulseFinishedCallback      0x08002c14   Section        0  stm32f1xx_hal_tim.o(i.HAL_TIM_PWM_PulseFinishedCallback)
    i.HAL_TIM_PWM_Start                      0x08002c18   Section        0  stm32f1xx_hal_tim.o(i.HAL_TIM_PWM_Start)
    i.HAL_TIM_PWM_Stop                       0x08002cb8   Section        0  stm32f1xx_hal_tim.o(i.HAL_TIM_PWM_Stop)
    i.HAL_TIM_PeriodElapsedCallback          0x08002d28   Section        0  main.o(i.HAL_TIM_PeriodElapsedCallback)
    i.HAL_TIM_TriggerCallback                0x08002d38   Section        0  stm32f1xx_hal_tim.o(i.HAL_TIM_TriggerCallback)
    i.HAL_UARTEx_RxEventCallback             0x08002d3a   Section        0  stm32f1xx_hal_uart.o(i.HAL_UARTEx_RxEventCallback)
    i.HAL_UART_DMAStop                       0x08002d3c   Section        0  stm32f1xx_hal_uart.o(i.HAL_UART_DMAStop)
    i.HAL_UART_ErrorCallback                 0x08002d94   Section        0  stm32f1xx_hal_uart.o(i.HAL_UART_ErrorCallback)
    i.HAL_UART_IRQHandler                    0x08002d98   Section        0  stm32f1xx_hal_uart.o(i.HAL_UART_IRQHandler)
    i.HAL_UART_Init                          0x08002fa4   Section        0  stm32f1xx_hal_uart.o(i.HAL_UART_Init)
    i.HAL_UART_MspInit                       0x08003008   Section        0  usart.o(i.HAL_UART_MspInit)
    i.HAL_UART_Receive_DMA                   0x080030f0   Section        0  stm32f1xx_hal_uart.o(i.HAL_UART_Receive_DMA)
    i.HAL_UART_RxCpltCallback                0x0800311a   Section        0  stm32f1xx_hal_uart.o(i.HAL_UART_RxCpltCallback)
    i.HAL_UART_RxHalfCpltCallback            0x0800311c   Section        0  stm32f1xx_hal_uart.o(i.HAL_UART_RxHalfCpltCallback)
    i.HAL_UART_Transmit_DMA                  0x08003120   Section        0  stm32f1xx_hal_uart.o(i.HAL_UART_Transmit_DMA)
    i.HAL_UART_TxCpltCallback                0x080031a0   Section        0  stm32f1xx_hal_uart.o(i.HAL_UART_TxCpltCallback)
    i.HAL_UART_TxHalfCpltCallback            0x080031a2   Section        0  stm32f1xx_hal_uart.o(i.HAL_UART_TxHalfCpltCallback)
    i.HardFault_Handler                      0x080031a4   Section        0  stm32f1xx_it.o(i.HardFault_Handler)
    i.Hardware_Init                          0x080031a8   Section        0  parameter.o(i.Hardware_Init)
    i.Interrupt_1MS                          0x080031d0   Section        0  basic_function.o(i.Interrupt_1MS)
    i.Inverse_Park_Transform                 0x080031de   Section        0  foc.o(i.Inverse_Park_Transform)
    i.MX_ADC1_Init                           0x08003204   Section        0  adc.o(i.MX_ADC1_Init)
    i.MX_ADC2_Init                           0x08003298   Section        0  adc.o(i.MX_ADC2_Init)
    i.MX_DMA_Init                            0x08003314   Section        0  dma.o(i.MX_DMA_Init)
    i.MX_GPIO_Init                           0x08003390   Section        0  gpio.o(i.MX_GPIO_Init)
    i.MX_I2C1_Init                           0x08003490   Section        0  i2c.o(i.MX_I2C1_Init)
    i.MX_SPI1_Init                           0x080034d0   Section        0  spi.o(i.MX_SPI1_Init)
    i.MX_TIM1_Init                           0x0800351c   Section        0  tim.o(i.MX_TIM1_Init)
    i.MX_TIM2_Init                           0x08003620   Section        0  tim.o(i.MX_TIM2_Init)
    i.MX_USART1_UART_Init                    0x080036b4   Section        0  usart.o(i.MX_USART1_UART_Init)
    i.MemManage_Handler                      0x080036ec   Section        0  stm32f1xx_it.o(i.MemManage_Handler)
    i.Modbus_CRC_Data                        0x080036f0   Section        0  modbus.o(i.Modbus_CRC_Data)
    i.Modbus_Process                         0x0800371c   Section        0  modbus.o(i.Modbus_Process)
    i.Model_Control                          0x08003958   Section        0  basic_function.o(i.Model_Control)
    i.NMI_Handler                            0x08003b04   Section        0  stm32f1xx_it.o(i.NMI_Handler)
    i.PID_Control_Deal                       0x08003b06   Section        0  control_loop.o(i.PID_Control_Deal)
    i.PID_Control_Init                       0x08003b8e   Section        0  control_loop.o(i.PID_Control_Init)
    i.PID_Control_Update                     0x08003bb4   Section        0  control_loop.o(i.PID_Control_Update)
    i.PWM_Time_Count                         0x08003c18   Section        0  foc.o(i.PWM_Time_Count)
    i.Parameter_Init                         0x08003d48   Section        0  parameter.o(i.Parameter_Init)
    i.Park_Transform                         0x08003da0   Section        0  foc.o(i.Park_Transform)
    i.PendSV_Handler                         0x08003dca   Section        0  stm32f1xx_it.o(i.PendSV_Handler)
    i.SPI_DMAError                           0x08003dcc   Section        0  stm32f1xx_hal_spi.o(i.SPI_DMAError)
    SPI_DMAError                             0x08003dcd   Thumb Code    34  stm32f1xx_hal_spi.o(i.SPI_DMAError)
    i.SPI_DMAHalfReceiveCplt                 0x08003dee   Section        0  stm32f1xx_hal_spi.o(i.SPI_DMAHalfReceiveCplt)
    SPI_DMAHalfReceiveCplt                   0x08003def   Thumb Code    10  stm32f1xx_hal_spi.o(i.SPI_DMAHalfReceiveCplt)
    i.SPI_DMAHalfTransmitReceiveCplt         0x08003df8   Section        0  stm32f1xx_hal_spi.o(i.SPI_DMAHalfTransmitReceiveCplt)
    SPI_DMAHalfTransmitReceiveCplt           0x08003df9   Thumb Code    10  stm32f1xx_hal_spi.o(i.SPI_DMAHalfTransmitReceiveCplt)
    i.SPI_DMAReceiveCplt                     0x08003e02   Section        0  stm32f1xx_hal_spi.o(i.SPI_DMAReceiveCplt)
    SPI_DMAReceiveCplt                       0x08003e03   Thumb Code   106  stm32f1xx_hal_spi.o(i.SPI_DMAReceiveCplt)
    i.SPI_DMATransmitReceiveCplt             0x08003e6c   Section        0  stm32f1xx_hal_spi.o(i.SPI_DMATransmitReceiveCplt)
    SPI_DMATransmitReceiveCplt               0x08003e6d   Thumb Code    90  stm32f1xx_hal_spi.o(i.SPI_DMATransmitReceiveCplt)
    i.SPI_EndRxTransaction                   0x08003ec6   Section        0  stm32f1xx_hal_spi.o(i.SPI_EndRxTransaction)
    SPI_EndRxTransaction                     0x08003ec7   Thumb Code    92  stm32f1xx_hal_spi.o(i.SPI_EndRxTransaction)
    i.SPI_EndRxTxTransaction                 0x08003f22   Section        0  stm32f1xx_hal_spi.o(i.SPI_EndRxTxTransaction)
    SPI_EndRxTxTransaction                   0x08003f23   Thumb Code    32  stm32f1xx_hal_spi.o(i.SPI_EndRxTxTransaction)
    i.SPI_WaitFlagStateUntilTimeout          0x08003f44   Section        0  stm32f1xx_hal_spi.o(i.SPI_WaitFlagStateUntilTimeout)
    SPI_WaitFlagStateUntilTimeout            0x08003f45   Thumb Code   180  stm32f1xx_hal_spi.o(i.SPI_WaitFlagStateUntilTimeout)
    i.STM32_HAL_PWM_SET_Compare              0x08003ffc   Section        0  basic_function.o(i.STM32_HAL_PWM_SET_Compare)
    i.STM32_Infrastructure_Init              0x08004018   Section        0  basic_function.o(i.STM32_Infrastructure_Init)
    i.SVC_Handler                            0x0800409c   Section        0  stm32f1xx_it.o(i.SVC_Handler)
    i.SVPWM                                  0x080040a0   Section        0  foc.o(i.SVPWM)
    i.Speed_1MS                              0x080041c4   Section        0  basic_function.o(i.Speed_1MS)
    i.Start_Encoder_GET                      0x08004214   Section        0  encoder.o(i.Start_Encoder_GET)
    i.SysTick_Handler                        0x08004244   Section        0  stm32f1xx_it.o(i.SysTick_Handler)
    i.SystemClock_Config                     0x08004248   Section        0  main.o(i.SystemClock_Config)
    i.SystemInit                             0x080042c2   Section        0  system_stm32f1xx.o(i.SystemInit)
    i.TIM2_IRQHandler                        0x080042c4   Section        0  stm32f1xx_it.o(i.TIM2_IRQHandler)
    i.TIM_Base_SetConfig                     0x080042d0   Section        0  stm32f1xx_hal_tim.o(i.TIM_Base_SetConfig)
    i.TIM_CCxChannelCmd                      0x0800433c   Section        0  stm32f1xx_hal_tim.o(i.TIM_CCxChannelCmd)
    i.TIM_ETR_SetConfig                      0x08004356   Section        0  stm32f1xx_hal_tim.o(i.TIM_ETR_SetConfig)
    i.TIM_ITRx_SetConfig                     0x0800436a   Section        0  stm32f1xx_hal_tim.o(i.TIM_ITRx_SetConfig)
    TIM_ITRx_SetConfig                       0x0800436b   Thumb Code    16  stm32f1xx_hal_tim.o(i.TIM_ITRx_SetConfig)
    i.TIM_OC1_SetConfig                      0x0800437c   Section        0  stm32f1xx_hal_tim.o(i.TIM_OC1_SetConfig)
    TIM_OC1_SetConfig                        0x0800437d   Thumb Code    82  stm32f1xx_hal_tim.o(i.TIM_OC1_SetConfig)
    i.TIM_OC2_SetConfig                      0x080043d4   Section        0  stm32f1xx_hal_tim.o(i.TIM_OC2_SetConfig)
    i.TIM_OC3_SetConfig                      0x08004430   Section        0  stm32f1xx_hal_tim.o(i.TIM_OC3_SetConfig)
    TIM_OC3_SetConfig                        0x08004431   Thumb Code    84  stm32f1xx_hal_tim.o(i.TIM_OC3_SetConfig)
    i.TIM_OC4_SetConfig                      0x08004488   Section        0  stm32f1xx_hal_tim.o(i.TIM_OC4_SetConfig)
    TIM_OC4_SetConfig                        0x08004489   Thumb Code    64  stm32f1xx_hal_tim.o(i.TIM_OC4_SetConfig)
    i.TIM_TI1_ConfigInputStage               0x080044cc   Section        0  stm32f1xx_hal_tim.o(i.TIM_TI1_ConfigInputStage)
    TIM_TI1_ConfigInputStage                 0x080044cd   Thumb Code    34  stm32f1xx_hal_tim.o(i.TIM_TI1_ConfigInputStage)
    i.TIM_TI2_ConfigInputStage               0x080044ee   Section        0  stm32f1xx_hal_tim.o(i.TIM_TI2_ConfigInputStage)
    TIM_TI2_ConfigInputStage                 0x080044ef   Thumb Code    36  stm32f1xx_hal_tim.o(i.TIM_TI2_ConfigInputStage)
    i.UART_DMAAbortOnError                   0x08004512   Section        0  stm32f1xx_hal_uart.o(i.UART_DMAAbortOnError)
    UART_DMAAbortOnError                     0x08004513   Thumb Code    16  stm32f1xx_hal_uart.o(i.UART_DMAAbortOnError)
    i.UART_DMAError                          0x08004522   Section        0  stm32f1xx_hal_uart.o(i.UART_DMAError)
    UART_DMAError                            0x08004523   Thumb Code    74  stm32f1xx_hal_uart.o(i.UART_DMAError)
    i.UART_DMAReceiveCplt                    0x0800456c   Section        0  stm32f1xx_hal_uart.o(i.UART_DMAReceiveCplt)
    UART_DMAReceiveCplt                      0x0800456d   Thumb Code    90  stm32f1xx_hal_uart.o(i.UART_DMAReceiveCplt)
    i.UART_DMARxHalfCplt                     0x080045c6   Section        0  stm32f1xx_hal_uart.o(i.UART_DMARxHalfCplt)
    UART_DMARxHalfCplt                       0x080045c7   Thumb Code    26  stm32f1xx_hal_uart.o(i.UART_DMARxHalfCplt)
    i.UART_DMATransmitCplt                   0x080045e0   Section        0  stm32f1xx_hal_uart.o(i.UART_DMATransmitCplt)
    UART_DMATransmitCplt                     0x080045e1   Thumb Code    46  stm32f1xx_hal_uart.o(i.UART_DMATransmitCplt)
    i.UART_DMATxHalfCplt                     0x0800460e   Section        0  stm32f1xx_hal_uart.o(i.UART_DMATxHalfCplt)
    UART_DMATxHalfCplt                       0x0800460f   Thumb Code    10  stm32f1xx_hal_uart.o(i.UART_DMATxHalfCplt)
    i.UART_EndRxTransfer                     0x08004618   Section        0  stm32f1xx_hal_uart.o(i.UART_EndRxTransfer)
    UART_EndRxTransfer                       0x08004619   Thumb Code    48  stm32f1xx_hal_uart.o(i.UART_EndRxTransfer)
    i.UART_EndTxTransfer                     0x08004648   Section        0  stm32f1xx_hal_uart.o(i.UART_EndTxTransfer)
    UART_EndTxTransfer                       0x08004649   Thumb Code    18  stm32f1xx_hal_uart.o(i.UART_EndTxTransfer)
    i.UART_Receive_IT                        0x0800465a   Section        0  stm32f1xx_hal_uart.o(i.UART_Receive_IT)
    UART_Receive_IT                          0x0800465b   Thumb Code   182  stm32f1xx_hal_uart.o(i.UART_Receive_IT)
    i.UART_SetConfig                         0x08004710   Section        0  stm32f1xx_hal_uart.o(i.UART_SetConfig)
    UART_SetConfig                           0x08004711   Thumb Code   178  stm32f1xx_hal_uart.o(i.UART_SetConfig)
    i.UART_Start_Receive_DMA                 0x080047c8   Section        0  stm32f1xx_hal_uart.o(i.UART_Start_Receive_DMA)
    i.USART1_IRQHandler                      0x0800483c   Section        0  stm32f1xx_it.o(i.USART1_IRQHandler)
    i.UsageFault_Handler                     0x08004870   Section        0  stm32f1xx_it.o(i.UsageFault_Handler)
    i.__NVIC_SetPriority                     0x08004872   Section        0  stm32f1xx_hal_cortex.o(i.__NVIC_SetPriority)
    __NVIC_SetPriority                       0x08004873   Thumb Code    32  stm32f1xx_hal_cortex.o(i.__NVIC_SetPriority)
    i.__scatterload_copy                     0x08004892   Section       14  handlers.o(i.__scatterload_copy)
    i.__scatterload_null                     0x080048a0   Section        2  handlers.o(i.__scatterload_null)
    i.__scatterload_zeroinit                 0x080048a2   Section       14  handlers.o(i.__scatterload_zeroinit)
    i.main                                   0x080048b0   Section        0  main.o(i.main)
    i.uart_idleback                          0x0800491c   Section        0  usart.o(i.uart_idleback)
    .constdata                               0x0800498c   Section       16  system_stm32f1xx.o(.constdata)
    .constdata                               0x0800499c   Section        8  system_stm32f1xx.o(.constdata)
    .constdata                               0x080049a4   Section      512  modbus.o(.constdata)
    Modbus_CRC_Hig                           0x080049a4   Data         256  modbus.o(.constdata)
    Modbus_CRC_Low                           0x08004aa4   Data         256  modbus.o(.constdata)
    .constdata                               0x08004ba4   Section      496  object_commicate.o(.constdata)
    .data                                    0x20000000   Section        4  system_stm32f1xx.o(.data)
    .data                                    0x20000004   Section       12  stm32f1xx_hal.o(.data)
    .data                                    0x20000010   Section        8  encoder.o(.data)
    .data                                    0x20000018   Section       28  basic_function.o(.data)
    .data                                    0x20000034   Section        1  modbus.o(.data)
    .data                                    0x20000036   Section        2  modbus.o(.data)
    .data                                    0x20000038   Section        2  object_commicate.o(.data)
    .data                                    0x2000003a   Section     1024  table.o(.data)
    .data                                    0x2000043a   Section        6  main.o(.data)
    .data                                    0x20000440   Section        4  parameter.o(.data)
    .bss                                     0x20000444   Section       24  encoder.o(.bss)
    .bss                                     0x2000045c   Section       30  modbus.o(.bss)
    .bss                                     0x2000047a   Section       30  modbus.o(.bss)
    .bss                                     0x20000498   Section       80  modbus.o(.bss)
    .bss                                     0x200004e8   Section       30  modbus.o(.bss)
    .bss                                     0x20000508   Section      296  control_loop.o(.bss)
    .bss                                     0x20000630   Section      132  foc.o(.bss)
    .bss                                     0x200006b4   Section      512  table.o(.bss)
    .bss                                     0x200008b4   Section       96  adc.o(.bss)
    .bss                                     0x20000914   Section      220  i2c.o(.bss)
    .bss                                     0x200009f0   Section      224  spi.o(.bss)
    .bss                                     0x20000ad0   Section      144  tim.o(.bss)
    .bss                                     0x20000b60   Section      204  usart.o(.bss)
    .bss                                     0x20000c2c   Section       12  parameter.o(.bss)
    STACK                                    0x20000c38   Section     1024  startup_stm32f103xb.o(STACK)

    Global Symbols

    Symbol Name                              Value     Ov Type        Size  Object(Section)

    BuildAttributes$$THM_ISAv4$P$D$K$B$S$PE$A:L22UL41UL21$X:L11$S22US41US21$IEEE1$IW$USESV6$~STKCKD$USESV7$~SHL$OSPACE$ROPI$EBA8$MICROLIB$REQ8$PRES8$EABIv2 0x00000000   Number         0  anon$$obj.o ABSOLUTE
    __ARM_use_no_argv                        0x00000000   Number         0  main.o ABSOLUTE
    __arm_fini_                               - Undefined Weak Reference
    __cpp_initialize__aeabi_                  - Undefined Weak Reference
    __cxa_finalize                            - Undefined Weak Reference
    _clock_init                               - Undefined Weak Reference
    _microlib_exit                            - Undefined Weak Reference
    __Vectors_Size                           0x000000ec   Number         0  startup_stm32f103xb.o ABSOLUTE
    __Vectors                                0x08000000   Data           4  startup_stm32f103xb.o(RESET)
    __Vectors_End                            0x080000ec   Data           0  startup_stm32f103xb.o(RESET)
    __main                                   0x080000ed   Thumb Code     0  entry.o(.ARM.Collect$$$$00000000)
    _main_stk                                0x080000ed   Thumb Code     0  entry2.o(.ARM.Collect$$$$00000001)
    _main_scatterload                        0x080000f1   Thumb Code     0  entry5.o(.ARM.Collect$$$$00000004)
    __main_after_scatterload                 0x080000f5   Thumb Code     0  entry5.o(.ARM.Collect$$$$00000004)
    _main_clock                              0x080000f5   Thumb Code     0  entry7b.o(.ARM.Collect$$$$00000008)
    _main_cpp_init                           0x080000f5   Thumb Code     0  entry8b.o(.ARM.Collect$$$$0000000A)
    _main_init                               0x080000f5   Thumb Code     0  entry9a.o(.ARM.Collect$$$$0000000B)
    __rt_lib_shutdown_fini                   0x080000fd   Thumb Code     0  entry12b.o(.ARM.Collect$$$$0000000E)
    __rt_final_cpp                           0x08000101   Thumb Code     0  entry10a.o(.ARM.Collect$$$$0000000F)
    __rt_final_exit                          0x08000101   Thumb Code     0  entry11a.o(.ARM.Collect$$$$00000011)
    Reset_Handler                            0x08000105   Thumb Code     8  startup_stm32f103xb.o(.text)
    CAN1_RX1_IRQHandler                      0x0800011f   Thumb Code     0  startup_stm32f103xb.o(.text)
    CAN1_SCE_IRQHandler                      0x0800011f   Thumb Code     0  startup_stm32f103xb.o(.text)
    DMA1_Channel1_IRQHandler                 0x0800011f   Thumb Code     0  startup_stm32f103xb.o(.text)
    EXTI0_IRQHandler                         0x0800011f   Thumb Code     0  startup_stm32f103xb.o(.text)
    EXTI15_10_IRQHandler                     0x0800011f   Thumb Code     0  startup_stm32f103xb.o(.text)
    EXTI1_IRQHandler                         0x0800011f   Thumb Code     0  startup_stm32f103xb.o(.text)
    EXTI2_IRQHandler                         0x0800011f   Thumb Code     0  startup_stm32f103xb.o(.text)
    EXTI3_IRQHandler                         0x0800011f   Thumb Code     0  startup_stm32f103xb.o(.text)
    EXTI4_IRQHandler                         0x0800011f   Thumb Code     0  startup_stm32f103xb.o(.text)
    EXTI9_5_IRQHandler                       0x0800011f   Thumb Code     0  startup_stm32f103xb.o(.text)
    FLASH_IRQHandler                         0x0800011f   Thumb Code     0  startup_stm32f103xb.o(.text)
    I2C1_ER_IRQHandler                       0x0800011f   Thumb Code     0  startup_stm32f103xb.o(.text)
    I2C1_EV_IRQHandler                       0x0800011f   Thumb Code     0  startup_stm32f103xb.o(.text)
    I2C2_ER_IRQHandler                       0x0800011f   Thumb Code     0  startup_stm32f103xb.o(.text)
    I2C2_EV_IRQHandler                       0x0800011f   Thumb Code     0  startup_stm32f103xb.o(.text)
    PVD_IRQHandler                           0x0800011f   Thumb Code     0  startup_stm32f103xb.o(.text)
    RCC_IRQHandler                           0x0800011f   Thumb Code     0  startup_stm32f103xb.o(.text)
    RTC_Alarm_IRQHandler                     0x0800011f   Thumb Code     0  startup_stm32f103xb.o(.text)
    RTC_IRQHandler                           0x0800011f   Thumb Code     0  startup_stm32f103xb.o(.text)
    SPI1_IRQHandler                          0x0800011f   Thumb Code     0  startup_stm32f103xb.o(.text)
    SPI2_IRQHandler                          0x0800011f   Thumb Code     0  startup_stm32f103xb.o(.text)
    TAMPER_IRQHandler                        0x0800011f   Thumb Code     0  startup_stm32f103xb.o(.text)
    TIM1_BRK_IRQHandler                      0x0800011f   Thumb Code     0  startup_stm32f103xb.o(.text)
    TIM1_CC_IRQHandler                       0x0800011f   Thumb Code     0  startup_stm32f103xb.o(.text)
    TIM1_TRG_COM_IRQHandler                  0x0800011f   Thumb Code     0  startup_stm32f103xb.o(.text)
    TIM1_UP_IRQHandler                       0x0800011f   Thumb Code     0  startup_stm32f103xb.o(.text)
    TIM3_IRQHandler                          0x0800011f   Thumb Code     0  startup_stm32f103xb.o(.text)
    TIM4_IRQHandler                          0x0800011f   Thumb Code     0  startup_stm32f103xb.o(.text)
    USART2_IRQHandler                        0x0800011f   Thumb Code     0  startup_stm32f103xb.o(.text)
    USART3_IRQHandler                        0x0800011f   Thumb Code     0  startup_stm32f103xb.o(.text)
    USBWakeUp_IRQHandler                     0x0800011f   Thumb Code     0  startup_stm32f103xb.o(.text)
    USB_HP_CAN1_TX_IRQHandler                0x0800011f   Thumb Code     0  startup_stm32f103xb.o(.text)
    USB_LP_CAN1_RX0_IRQHandler               0x0800011f   Thumb Code     0  startup_stm32f103xb.o(.text)
    WWDG_IRQHandler                          0x0800011f   Thumb Code     0  startup_stm32f103xb.o(.text)
    __aeabi_llsr                             0x08000129   Thumb Code    32  llushr.o(.text)
    _ll_ushift_r                             0x08000129   Thumb Code     0  llushr.o(.text)
    __aeabi_memcpy                           0x08000149   Thumb Code    36  memcpya.o(.text)
    __aeabi_memcpy4                          0x08000149   Thumb Code     0  memcpya.o(.text)
    __aeabi_memcpy8                          0x08000149   Thumb Code     0  memcpya.o(.text)
    __aeabi_memset                           0x0800016d   Thumb Code    14  memseta.o(.text)
    __aeabi_memset4                          0x0800016d   Thumb Code     0  memseta.o(.text)
    __aeabi_memset8                          0x0800016d   Thumb Code     0  memseta.o(.text)
    __aeabi_memclr                           0x0800017b   Thumb Code     4  memseta.o(.text)
    __aeabi_memclr4                          0x0800017b   Thumb Code     0  memseta.o(.text)
    __aeabi_memclr8                          0x0800017b   Thumb Code     0  memseta.o(.text)
    _memset$wrapper                          0x0800017f   Thumb Code    18  memseta.o(.text)
    __aeabi_dmul                             0x08000191   Thumb Code   228  dmul.o(.text)
    __aeabi_i2d                              0x08000275   Thumb Code    34  dflti.o(.text)
    __aeabi_d2iz                             0x08000297   Thumb Code    62  dfixi.o(.text)
    __aeabi_llsl                             0x080002d5   Thumb Code    30  llshl.o(.text)
    _ll_shift_l                              0x080002d5   Thumb Code     0  llshl.o(.text)
    __I$use$fp                               0x080002f3   Thumb Code     0  iusefp.o(.text)
    _double_round                            0x080002f3   Thumb Code    30  depilogue.o(.text)
    _double_epilogue                         0x08000311   Thumb Code   156  depilogue.o(.text)
    __scatterload                            0x080003ad   Thumb Code    28  init.o(.text)
    __scatterload_rt2                        0x080003ad   Thumb Code     0  init.o(.text)
    __decompress                             0x080003d1   Thumb Code     0  __dclz77c.o(.text)
    __decompress2                            0x080003d1   Thumb Code    94  __dclz77c.o(.text)
    ADC1_2_IRQHandler                        0x08000431   Thumb Code    18  stm32f1xx_it.o(i.ADC1_2_IRQHandler)
    ADC_ConversionStop_Disable               0x0800044d   Thumb Code    84  stm32f1xx_hal_adc.o(i.ADC_ConversionStop_Disable)
    ADC_Current_Offest                       0x080004a1   Thumb Code    86  basic_function.o(i.ADC_Current_Offest)
    ADC_DMAConvCplt                          0x080004fd   Thumb Code    78  stm32f1xx_hal_adc.o(i.ADC_DMAConvCplt)
    ADC_DMAError                             0x0800054b   Thumb Code    26  stm32f1xx_hal_adc.o(i.ADC_DMAError)
    ADC_DMAHalfConvCplt                      0x08000565   Thumb Code    10  stm32f1xx_hal_adc.o(i.ADC_DMAHalfConvCplt)
    ADC_Enable                               0x08000571   Thumb Code   112  stm32f1xx_hal_adc.o(i.ADC_Enable)
    BusFault_Handler                         0x080005e9   Thumb Code     2  stm32f1xx_it.o(i.BusFault_Handler)
    Clark_Transform                          0x080005eb   Thumb Code    32  foc.o(i.Clark_Transform)
    Commicate_Data_Init                      0x0800060d   Thumb Code    18  object_commicate.o(i.Commicate_Data_Init)
    Control_Loop_Init                        0x08000629   Thumb Code    60  control_loop.o(i.Control_Loop_Init)
    Control_Word_Init                        0x08000665   Thumb Code    34  parameter.o(i.Control_Word_Init)
    Current_Forward_Feedback                 0x08000687   Thumb Code    38  basic_function.o(i.Current_Forward_Feedback)
    DMA1_Channel2_IRQHandler                 0x080006ad   Thumb Code    22  stm32f1xx_it.o(i.DMA1_Channel2_IRQHandler)
    DMA1_Channel3_IRQHandler                 0x080006cd   Thumb Code    22  stm32f1xx_it.o(i.DMA1_Channel3_IRQHandler)
    DMA1_Channel4_IRQHandler                 0x080006ed   Thumb Code     6  stm32f1xx_it.o(i.DMA1_Channel4_IRQHandler)
    DMA1_Channel5_IRQHandler                 0x080006f9   Thumb Code     6  stm32f1xx_it.o(i.DMA1_Channel5_IRQHandler)
    DMA1_Channel6_IRQHandler                 0x08000705   Thumb Code     6  stm32f1xx_it.o(i.DMA1_Channel6_IRQHandler)
    DMA1_Channel7_IRQHandler                 0x08000711   Thumb Code     6  stm32f1xx_it.o(i.DMA1_Channel7_IRQHandler)
    DebugMon_Handler                         0x08000747   Thumb Code     2  stm32f1xx_it.o(i.DebugMon_Handler)
    Enable_Logic_Control                     0x08000749   Thumb Code   110  basic_function.o(i.Enable_Logic_Control)
    Encoder_Data_Deal                        0x080007c9   Thumb Code   114  encoder.o(i.Encoder_Data_Deal)
    Encoder_To_Electri_Angle                 0x08000845   Thumb Code   106  basic_function.o(i.Encoder_To_Electri_Angle)
    Error_Handler                            0x080008b9   Thumb Code     4  main.o(i.Error_Handler)
    FOC_Control                              0x080008bd   Thumb Code    56  foc.o(i.FOC_Control)
    Get_Communicte_Data_Number               0x080008f9   Thumb Code    12  object_commicate.o(i.Get_Communicte_Data_Number)
    Get_Initial_Angle_Offest                 0x08000905   Thumb Code   136  basic_function.o(i.Get_Initial_Angle_Offest)
    HAL_ADCEx_Calibration_Start              0x080009a1   Thumb Code   210  stm32f1xx_hal_adc_ex.o(i.HAL_ADCEx_Calibration_Start)
    HAL_ADCEx_InjectedConfigChannel          0x08000a79   Thumb Code   462  stm32f1xx_hal_adc_ex.o(i.HAL_ADCEx_InjectedConfigChannel)
    HAL_ADCEx_InjectedConvCpltCallback       0x08000c55   Thumb Code    68  main.o(i.HAL_ADCEx_InjectedConvCpltCallback)
    HAL_ADCEx_InjectedGetValue               0x08000ca5   Thumb Code    30  stm32f1xx_hal_adc_ex.o(i.HAL_ADCEx_InjectedGetValue)
    HAL_ADCEx_InjectedStart                  0x08000cc5   Thumb Code   160  stm32f1xx_hal_adc_ex.o(i.HAL_ADCEx_InjectedStart)
    HAL_ADCEx_InjectedStart_IT               0x08000d6d   Thumb Code   170  stm32f1xx_hal_adc_ex.o(i.HAL_ADCEx_InjectedStart_IT)
    HAL_ADCEx_MultiModeConfigChannel         0x08000e21   Thumb Code   102  stm32f1xx_hal_adc_ex.o(i.HAL_ADCEx_MultiModeConfigChannel)
    HAL_ADCEx_MultiModeStart_DMA             0x08000e91   Thumb Code   218  stm32f1xx_hal_adc_ex.o(i.HAL_ADCEx_MultiModeStart_DMA)
    HAL_ADC_ConfigChannel                    0x08000f81   Thumb Code   240  stm32f1xx_hal_adc.o(i.HAL_ADC_ConfigChannel)
    HAL_ADC_ConvCpltCallback                 0x0800107d   Thumb Code     2  stm32f1xx_hal_adc.o(i.HAL_ADC_ConvCpltCallback)
    HAL_ADC_ConvHalfCpltCallback             0x0800107f   Thumb Code     2  stm32f1xx_hal_adc.o(i.HAL_ADC_ConvHalfCpltCallback)
    HAL_ADC_ErrorCallback                    0x08001081   Thumb Code     2  stm32f1xx_hal_adc.o(i.HAL_ADC_ErrorCallback)
    HAL_ADC_IRQHandler                       0x08001083   Thumb Code   230  stm32f1xx_hal_adc.o(i.HAL_ADC_IRQHandler)
    HAL_ADC_Init                             0x08001169   Thumb Code   270  stm32f1xx_hal_adc.o(i.HAL_ADC_Init)
    HAL_ADC_LevelOutOfWindowCallback         0x08001285   Thumb Code     2  stm32f1xx_hal_adc.o(i.HAL_ADC_LevelOutOfWindowCallback)
    HAL_ADC_MspInit                          0x08001289   Thumb Code   136  adc.o(i.HAL_ADC_MspInit)
    HAL_ADC_Start                            0x08001321   Thumb Code   184  stm32f1xx_hal_adc.o(i.HAL_ADC_Start)
    HAL_DMA_Abort                            0x080013e1   Thumb Code    70  stm32f1xx_hal_dma.o(i.HAL_DMA_Abort)
    HAL_DMA_Abort_IT                         0x08001429   Thumb Code   148  stm32f1xx_hal_dma.o(i.HAL_DMA_Abort_IT)
    HAL_DMA_IRQHandler                       0x080014c1   Thumb Code   320  stm32f1xx_hal_dma.o(i.HAL_DMA_IRQHandler)
    HAL_DMA_Init                             0x08001619   Thumb Code    84  stm32f1xx_hal_dma.o(i.HAL_DMA_Init)
    HAL_DMA_Start_IT                         0x08001675   Thumb Code   112  stm32f1xx_hal_dma.o(i.HAL_DMA_Start_IT)
    HAL_Delay                                0x080016e5   Thumb Code    32  stm32f1xx_hal.o(i.HAL_Delay)
    HAL_GPIO_Init                            0x08001709   Thumb Code   426  stm32f1xx_hal_gpio.o(i.HAL_GPIO_Init)
    HAL_GPIO_WritePin                        0x080018d5   Thumb Code    10  stm32f1xx_hal_gpio.o(i.HAL_GPIO_WritePin)
    HAL_GetTick                              0x080018e1   Thumb Code     6  stm32f1xx_hal.o(i.HAL_GetTick)
    HAL_I2C_Init                             0x080018ed   Thumb Code   376  stm32f1xx_hal_i2c.o(i.HAL_I2C_Init)
    HAL_I2C_MspInit                          0x08001a75   Thumb Code   178  i2c.o(i.HAL_I2C_MspInit)
    HAL_IncTick                              0x08001b41   Thumb Code    12  stm32f1xx_hal.o(i.HAL_IncTick)
    HAL_Init                                 0x08001b51   Thumb Code    32  stm32f1xx_hal.o(i.HAL_Init)
    HAL_InitTick                             0x08001b75   Thumb Code    54  stm32f1xx_hal.o(i.HAL_InitTick)
    HAL_MspInit                              0x08001bb5   Thumb Code    52  stm32f1xx_hal_msp.o(i.HAL_MspInit)
    HAL_NVIC_EnableIRQ                       0x08001bf1   Thumb Code    26  stm32f1xx_hal_cortex.o(i.HAL_NVIC_EnableIRQ)
    HAL_NVIC_SetPriority                     0x08001c0d   Thumb Code    60  stm32f1xx_hal_cortex.o(i.HAL_NVIC_SetPriority)
    HAL_NVIC_SetPriorityGrouping             0x08001c4d   Thumb Code    26  stm32f1xx_hal_cortex.o(i.HAL_NVIC_SetPriorityGrouping)
    HAL_RCCEx_GetPeriphCLKFreq               0x08001c71   Thumb Code   164  stm32f1xx_hal_rcc_ex.o(i.HAL_RCCEx_GetPeriphCLKFreq)
    HAL_RCCEx_PeriphCLKConfig                0x08001d35   Thumb Code   220  stm32f1xx_hal_rcc_ex.o(i.HAL_RCCEx_PeriphCLKConfig)
    HAL_RCC_ClockConfig                      0x08001e1d   Thumb Code   292  stm32f1xx_hal_rcc.o(i.HAL_RCC_ClockConfig)
    HAL_RCC_GetPCLK1Freq                     0x08001f55   Thumb Code    20  stm32f1xx_hal_rcc.o(i.HAL_RCC_GetPCLK1Freq)
    HAL_RCC_GetPCLK2Freq                     0x08001f75   Thumb Code    20  stm32f1xx_hal_rcc.o(i.HAL_RCC_GetPCLK2Freq)
    HAL_RCC_GetSysClockFreq                  0x08001f95   Thumb Code    74  stm32f1xx_hal_rcc.o(i.HAL_RCC_GetSysClockFreq)
    HAL_RCC_OscConfig                        0x08002001   Thumb Code   770  stm32f1xx_hal_rcc.o(i.HAL_RCC_OscConfig)
    HAL_SPI_ErrorCallback                    0x08002319   Thumb Code     2  stm32f1xx_hal_spi.o(i.HAL_SPI_ErrorCallback)
    HAL_SPI_Init                             0x0800231b   Thumb Code   178  stm32f1xx_hal_spi.o(i.HAL_SPI_Init)
    HAL_SPI_MspInit                          0x080023cd   Thumb Code   190  spi.o(i.HAL_SPI_MspInit)
    HAL_SPI_RxCpltCallback                   0x080024a1   Thumb Code     2  stm32f1xx_hal_spi.o(i.HAL_SPI_RxCpltCallback)
    HAL_SPI_RxHalfCpltCallback               0x080024a3   Thumb Code     2  stm32f1xx_hal_spi.o(i.HAL_SPI_RxHalfCpltCallback)
    HAL_SPI_TransmitReceive_DMA              0x080024a5   Thumb Code   270  stm32f1xx_hal_spi.o(i.HAL_SPI_TransmitReceive_DMA)
    HAL_SPI_TxRxCpltCallback                 0x080025c9   Thumb Code     2  stm32f1xx_hal_spi.o(i.HAL_SPI_TxRxCpltCallback)
    HAL_SPI_TxRxHalfCpltCallback             0x080025cb   Thumb Code     2  stm32f1xx_hal_spi.o(i.HAL_SPI_TxRxHalfCpltCallback)
    HAL_SYSTICK_Config                       0x080025cd   Thumb Code    40  stm32f1xx_hal_cortex.o(i.HAL_SYSTICK_Config)
    HAL_TIMEx_BreakCallback                  0x080025f5   Thumb Code     2  stm32f1xx_hal_tim_ex.o(i.HAL_TIMEx_BreakCallback)
    HAL_TIMEx_CommutCallback                 0x080025f7   Thumb Code     2  stm32f1xx_hal_tim_ex.o(i.HAL_TIMEx_CommutCallback)
    HAL_TIMEx_ConfigBreakDeadTime            0x080025f9   Thumb Code    84  stm32f1xx_hal_tim_ex.o(i.HAL_TIMEx_ConfigBreakDeadTime)
    HAL_TIMEx_MasterConfigSynchronization    0x0800264d   Thumb Code    92  stm32f1xx_hal_tim_ex.o(i.HAL_TIMEx_MasterConfigSynchronization)
    HAL_TIM_Base_Init                        0x080026b5   Thumb Code    90  stm32f1xx_hal_tim.o(i.HAL_TIM_Base_Init)
    HAL_TIM_Base_MspInit                     0x08002711   Thumb Code    72  tim.o(i.HAL_TIM_Base_MspInit)
    HAL_TIM_Base_Start_IT                    0x08002761   Thumb Code    76  stm32f1xx_hal_tim.o(i.HAL_TIM_Base_Start_IT)
    HAL_TIM_ConfigClockSource                0x080027b9   Thumb Code   214  stm32f1xx_hal_tim.o(i.HAL_TIM_ConfigClockSource)
    HAL_TIM_IC_CaptureCallback               0x0800288f   Thumb Code     2  stm32f1xx_hal_tim.o(i.HAL_TIM_IC_CaptureCallback)
    HAL_TIM_IRQHandler                       0x08002891   Thumb Code   358  stm32f1xx_hal_tim.o(i.HAL_TIM_IRQHandler)
    HAL_TIM_MspPostInit                      0x080029f9   Thumb Code    66  tim.o(i.HAL_TIM_MspPostInit)
    HAL_TIM_OC_ConfigChannel                 0x08002a49   Thumb Code    76  stm32f1xx_hal_tim.o(i.HAL_TIM_OC_ConfigChannel)
    HAL_TIM_OC_DelayElapsedCallback          0x08002a95   Thumb Code     2  stm32f1xx_hal_tim.o(i.HAL_TIM_OC_DelayElapsedCallback)
    HAL_TIM_OC_Init                          0x08002a97   Thumb Code    90  stm32f1xx_hal_tim.o(i.HAL_TIM_OC_Init)
    HAL_TIM_OC_MspInit                       0x08002af1   Thumb Code     2  stm32f1xx_hal_tim.o(i.HAL_TIM_OC_MspInit)
    HAL_TIM_PWM_ConfigChannel                0x08002af3   Thumb Code   198  stm32f1xx_hal_tim.o(i.HAL_TIM_PWM_ConfigChannel)
    HAL_TIM_PWM_Init                         0x08002bb9   Thumb Code    90  stm32f1xx_hal_tim.o(i.HAL_TIM_PWM_Init)
    HAL_TIM_PWM_MspInit                      0x08002c13   Thumb Code     2  stm32f1xx_hal_tim.o(i.HAL_TIM_PWM_MspInit)
    HAL_TIM_PWM_PulseFinishedCallback        0x08002c15   Thumb Code     2  stm32f1xx_hal_tim.o(i.HAL_TIM_PWM_PulseFinishedCallback)
    HAL_TIM_PWM_Start                        0x08002c19   Thumb Code   148  stm32f1xx_hal_tim.o(i.HAL_TIM_PWM_Start)
    HAL_TIM_PWM_Stop                         0x08002cb9   Thumb Code   108  stm32f1xx_hal_tim.o(i.HAL_TIM_PWM_Stop)
    HAL_TIM_PeriodElapsedCallback            0x08002d29   Thumb Code    12  main.o(i.HAL_TIM_PeriodElapsedCallback)
    HAL_TIM_TriggerCallback                  0x08002d39   Thumb Code     2  stm32f1xx_hal_tim.o(i.HAL_TIM_TriggerCallback)
    HAL_UARTEx_RxEventCallback               0x08002d3b   Thumb Code     2  stm32f1xx_hal_uart.o(i.HAL_UARTEx_RxEventCallback)
    HAL_UART_DMAStop                         0x08002d3d   Thumb Code    88  stm32f1xx_hal_uart.o(i.HAL_UART_DMAStop)
    HAL_UART_ErrorCallback                   0x08002d95   Thumb Code     2  stm32f1xx_hal_uart.o(i.HAL_UART_ErrorCallback)
    HAL_UART_IRQHandler                      0x08002d99   Thumb Code   520  stm32f1xx_hal_uart.o(i.HAL_UART_IRQHandler)
    HAL_UART_Init                            0x08002fa5   Thumb Code    98  stm32f1xx_hal_uart.o(i.HAL_UART_Init)
    HAL_UART_MspInit                         0x08003009   Thumb Code   208  usart.o(i.HAL_UART_MspInit)
    HAL_UART_Receive_DMA                     0x080030f1   Thumb Code    42  stm32f1xx_hal_uart.o(i.HAL_UART_Receive_DMA)
    HAL_UART_RxCpltCallback                  0x0800311b   Thumb Code     2  stm32f1xx_hal_uart.o(i.HAL_UART_RxCpltCallback)
    HAL_UART_RxHalfCpltCallback              0x0800311d   Thumb Code     2  stm32f1xx_hal_uart.o(i.HAL_UART_RxHalfCpltCallback)
    HAL_UART_Transmit_DMA                    0x08003121   Thumb Code   116  stm32f1xx_hal_uart.o(i.HAL_UART_Transmit_DMA)
    HAL_UART_TxCpltCallback                  0x080031a1   Thumb Code     2  stm32f1xx_hal_uart.o(i.HAL_UART_TxCpltCallback)
    HAL_UART_TxHalfCpltCallback              0x080031a3   Thumb Code     2  stm32f1xx_hal_uart.o(i.HAL_UART_TxHalfCpltCallback)
    HardFault_Handler                        0x080031a5   Thumb Code     2  stm32f1xx_it.o(i.HardFault_Handler)
    Hardware_Init                            0x080031a9   Thumb Code    32  parameter.o(i.Hardware_Init)
    Interrupt_1MS                            0x080031d1   Thumb Code    14  basic_function.o(i.Interrupt_1MS)
    Inverse_Park_Transform                   0x080031df   Thumb Code    38  foc.o(i.Inverse_Park_Transform)
    MX_ADC1_Init                             0x08003205   Thumb Code   140  adc.o(i.MX_ADC1_Init)
    MX_ADC2_Init                             0x08003299   Thumb Code   114  adc.o(i.MX_ADC2_Init)
    MX_DMA_Init                              0x08003315   Thumb Code   120  dma.o(i.MX_DMA_Init)
    MX_GPIO_Init                             0x08003391   Thumb Code   242  gpio.o(i.MX_GPIO_Init)
    MX_I2C1_Init                             0x08003491   Thumb Code    50  i2c.o(i.MX_I2C1_Init)
    MX_SPI1_Init                             0x080034d1   Thumb Code    68  spi.o(i.MX_SPI1_Init)
    MX_TIM1_Init                             0x0800351d   Thumb Code   252  tim.o(i.MX_TIM1_Init)
    MX_TIM2_Init                             0x08003621   Thumb Code   142  tim.o(i.MX_TIM2_Init)
    MX_USART1_UART_Init                      0x080036b5   Thumb Code    48  usart.o(i.MX_USART1_UART_Init)
    MemManage_Handler                        0x080036ed   Thumb Code     2  stm32f1xx_it.o(i.MemManage_Handler)
    Modbus_CRC_Data                          0x080036f1   Thumb Code    38  modbus.o(i.Modbus_CRC_Data)
    Modbus_Process                           0x0800371d   Thumb Code   554  modbus.o(i.Modbus_Process)
    Model_Control                            0x08003959   Thumb Code   390  basic_function.o(i.Model_Control)
    NMI_Handler                              0x08003b05   Thumb Code     2  stm32f1xx_it.o(i.NMI_Handler)
    PID_Control_Deal                         0x08003b07   Thumb Code   136  control_loop.o(i.PID_Control_Deal)
    PID_Control_Init                         0x08003b8f   Thumb Code    36  control_loop.o(i.PID_Control_Init)
    PID_Control_Update                       0x08003bb5   Thumb Code    94  control_loop.o(i.PID_Control_Update)
    PWM_Time_Count                           0x08003c19   Thumb Code   290  foc.o(i.PWM_Time_Count)
    Parameter_Init                           0x08003d49   Thumb Code    60  parameter.o(i.Parameter_Init)
    Park_Transform                           0x08003da1   Thumb Code    42  foc.o(i.Park_Transform)
    PendSV_Handler                           0x08003dcb   Thumb Code     2  stm32f1xx_it.o(i.PendSV_Handler)
    STM32_HAL_PWM_SET_Compare                0x08003ffd   Thumb Code    22  basic_function.o(i.STM32_HAL_PWM_SET_Compare)
    STM32_Infrastructure_Init                0x08004019   Thumb Code    98  basic_function.o(i.STM32_Infrastructure_Init)
    SVC_Handler                              0x0800409d   Thumb Code     2  stm32f1xx_it.o(i.SVC_Handler)
    SVPWM                                    0x080040a1   Thumb Code   288  foc.o(i.SVPWM)
    Speed_1MS                                0x080041c5   Thumb Code    62  basic_function.o(i.Speed_1MS)
    Start_Encoder_GET                        0x08004215   Thumb Code    36  encoder.o(i.Start_Encoder_GET)
    SysTick_Handler                          0x08004245   Thumb Code     4  stm32f1xx_it.o(i.SysTick_Handler)
    SystemClock_Config                       0x08004249   Thumb Code   122  main.o(i.SystemClock_Config)
    SystemInit                               0x080042c3   Thumb Code     2  system_stm32f1xx.o(i.SystemInit)
    TIM2_IRQHandler                          0x080042c5   Thumb Code     6  stm32f1xx_it.o(i.TIM2_IRQHandler)
    TIM_Base_SetConfig                       0x080042d1   Thumb Code    94  stm32f1xx_hal_tim.o(i.TIM_Base_SetConfig)
    TIM_CCxChannelCmd                        0x0800433d   Thumb Code    26  stm32f1xx_hal_tim.o(i.TIM_CCxChannelCmd)
    TIM_ETR_SetConfig                        0x08004357   Thumb Code    20  stm32f1xx_hal_tim.o(i.TIM_ETR_SetConfig)
    TIM_OC2_SetConfig                        0x080043d5   Thumb Code    86  stm32f1xx_hal_tim.o(i.TIM_OC2_SetConfig)
    UART_Start_Receive_DMA                   0x080047c9   Thumb Code   102  stm32f1xx_hal_uart.o(i.UART_Start_Receive_DMA)
    USART1_IRQHandler                        0x0800483d   Thumb Code    44  stm32f1xx_it.o(i.USART1_IRQHandler)
    UsageFault_Handler                       0x08004871   Thumb Code     2  stm32f1xx_it.o(i.UsageFault_Handler)
    __scatterload_copy                       0x08004893   Thumb Code    14  handlers.o(i.__scatterload_copy)
    __scatterload_null                       0x080048a1   Thumb Code     2  handlers.o(i.__scatterload_null)
    __scatterload_zeroinit                   0x080048a3   Thumb Code    14  handlers.o(i.__scatterload_zeroinit)
    main                                     0x080048b1   Thumb Code   100  main.o(i.main)
    uart_idleback                            0x0800491d   Thumb Code    86  usart.o(i.uart_idleback)
    AHBPrescTable                            0x0800498c   Data          16  system_stm32f1xx.o(.constdata)
    APBPrescTable                            0x0800499c   Data           8  system_stm32f1xx.o(.constdata)
    Commicate_Code                           0x08004ba4   Data         496  object_commicate.o(.constdata)
    Region$$Table$$Base                      0x08004d94   Number         0  anon$$obj.o(Region$$Table)
    Region$$Table$$Limit                     0x08004db4   Number         0  anon$$obj.o(Region$$Table)
    SystemCoreClock                          0x20000000   Data           4  system_stm32f1xx.o(.data)
    uwTickFreq                               0x20000004   Data           1  stm32f1xx_hal.o(.data)
    uwTickPrio                               0x20000008   Data           4  stm32f1xx_hal.o(.data)
    uwTick                                   0x2000000c   Data           4  stm32f1xx_hal.o(.data)
    Tx_Encoder                               0x20000010   Data           4  encoder.o(.data)
    Rx_Encoder                               0x20000014   Data           4  encoder.o(.data)
    Last_Work_Model                          0x20000018   Data           1  basic_function.o(.data)
    Angle_Origin_End                         0x20000019   Data           1  basic_function.o(.data)
    Encoder_Offset_Delay                     0x2000001a   Data           2  basic_function.o(.data)
    Number_Offest_Count                      0x2000001c   Data           2  basic_function.o(.data)
    Virtual_Angle                            0x2000001e   Data           2  basic_function.o(.data)
    Offest_Table_Count                       0x20000020   Data           2  basic_function.o(.data)
    Last_Encoder_Position                    0x20000024   Data           4  basic_function.o(.data)
    Last_1MS_Speed                           0x20000028   Data           4  basic_function.o(.data)
    ADC_Data                                 0x2000002c   Data           8  basic_function.o(.data)
    Modbus_Length_In                         0x20000034   Data           1  modbus.o(.data)
    Modbus_Length_Out                        0x20000036   Data           2  modbus.o(.data)
    Commicate_Data_All_Number                0x20000038   Data           2  object_commicate.o(.data)
    SIN_COS_TABLE                            0x2000003a   Data        1024  table.o(.data)
    Transfer1                                0x2000043a   Data           6  main.o(.data)
    Error_Message                            0x20000440   Data           2  parameter.o(.data)
    Work_Status                              0x20000442   Data           2  parameter.o(.data)
    Encoder1                                 0x20000444   Data          24  encoder.o(.bss)
    Tx_Data                                  0x2000045c   Data          30  modbus.o(.bss)
    Rx_Data                                  0x2000047a   Data          30  modbus.o(.bss)
    Modbus                                   0x20000498   Data          80  modbus.o(.bss)
    Modbus_Buffer                            0x200004e8   Data          30  modbus.o(.bss)
    Control_Loop                             0x20000508   Data          56  control_loop.o(.bss)
    Current_Q_PID                            0x20000540   Data          60  control_loop.o(.bss)
    Current_D_PID                            0x2000057c   Data          60  control_loop.o(.bss)
    Speed_PI                                 0x200005b8   Data          60  control_loop.o(.bss)
    Position_PI                              0x200005f4   Data          60  control_loop.o(.bss)
    Motor1                                   0x20000630   Data         132  foc.o(.bss)
    Encoder_Line_Offest_Table                0x200006b4   Data         512  table.o(.bss)
    hadc1                                    0x200008b4   Data          48  adc.o(.bss)
    hadc2                                    0x200008e4   Data          48  adc.o(.bss)
    hi2c1                                    0x20000914   Data          84  i2c.o(.bss)
    hdma_i2c1_tx                             0x20000968   Data          68  i2c.o(.bss)
    hdma_i2c1_rx                             0x200009ac   Data          68  i2c.o(.bss)
    hspi1                                    0x200009f0   Data          88  spi.o(.bss)
    hdma_spi1_rx                             0x20000a48   Data          68  spi.o(.bss)
    hdma_spi1_tx                             0x20000a8c   Data          68  spi.o(.bss)
    htim1                                    0x20000ad0   Data          72  tim.o(.bss)
    htim2                                    0x20000b18   Data          72  tim.o(.bss)
    huart1                                   0x20000b60   Data          68  usart.o(.bss)
    hdma_usart1_tx                           0x20000ba4   Data          68  usart.o(.bss)
    hdma_usart1_rx                           0x20000be8   Data          68  usart.o(.bss)
    Control_Word                             0x20000c2c   Data          12  parameter.o(.bss)
    __initial_sp                             0x20001038   Data           0  startup_stm32f103xb.o(STACK)



==============================================================================

Memory Map of the image

  Image Entry point : 0x080000ed

  Load Region LR_IROM1 (Base: 0x08000000, Size: 0x000051f8, Max: 0x00010000, ABSOLUTE, COMPRESSED[0x0000517c])

    Execution Region ER_IROM1 (Exec base: 0x08000000, Load base: 0x08000000, Size: 0x00004db4, Max: 0x00010000, ABSOLUTE)

    Exec Addr    Load Addr    Size         Type   Attr      Idx    E Section Name        Object

    0x08000000   0x08000000   0x000000ec   Data   RO         3511    RESET               startup_stm32f103xb.o
    0x080000ec   0x080000ec   0x00000000   Code   RO         4580  * .ARM.Collect$$$$00000000  mc_w.l(entry.o)
    0x080000ec   0x080000ec   0x00000004   Code   RO         4603    .ARM.Collect$$$$00000001  mc_w.l(entry2.o)
    0x080000f0   0x080000f0   0x00000004   Code   RO         4606    .ARM.Collect$$$$00000004  mc_w.l(entry5.o)
    0x080000f4   0x080000f4   0x00000000   Code   RO         4608    .ARM.Collect$$$$00000008  mc_w.l(entry7b.o)
    0x080000f4   0x080000f4   0x00000000   Code   RO         4610    .ARM.Collect$$$$0000000A  mc_w.l(entry8b.o)
    0x080000f4   0x080000f4   0x00000008   Code   RO         4611    .ARM.Collect$$$$0000000B  mc_w.l(entry9a.o)
    0x080000fc   0x080000fc   0x00000004   Code   RO         4618    .ARM.Collect$$$$0000000E  mc_w.l(entry12b.o)
    0x08000100   0x08000100   0x00000000   Code   RO         4613    .ARM.Collect$$$$0000000F  mc_w.l(entry10a.o)
    0x08000100   0x08000100   0x00000000   Code   RO         4615    .ARM.Collect$$$$00000011  mc_w.l(entry11a.o)
    0x08000100   0x08000100   0x00000004   Code   RO         4604    .ARM.Collect$$$$00002712  mc_w.l(entry2.o)
    0x08000104   0x08000104   0x00000024   Code   RO         3512    .text               startup_stm32f103xb.o
    0x08000128   0x08000128   0x00000020   Code   RO         4583    .text               mc_w.l(llushr.o)
    0x08000148   0x08000148   0x00000024   Code   RO         4585    .text               mc_w.l(memcpya.o)
    0x0800016c   0x0800016c   0x00000024   Code   RO         4587    .text               mc_w.l(memseta.o)
    0x08000190   0x08000190   0x000000e4   Code   RO         4593    .text               mf_w.l(dmul.o)
    0x08000274   0x08000274   0x00000022   Code   RO         4599    .text               mf_w.l(dflti.o)
    0x08000296   0x08000296   0x0000003e   Code   RO         4601    .text               mf_w.l(dfixi.o)
    0x080002d4   0x080002d4   0x0000001e   Code   RO         4619    .text               mc_w.l(llshl.o)
    0x080002f2   0x080002f2   0x00000000   Code   RO         4623    .text               mc_w.l(iusefp.o)
    0x080002f2   0x080002f2   0x000000ba   Code   RO         4624    .text               mf_w.l(depilogue.o)
    0x080003ac   0x080003ac   0x00000024   Code   RO         4626    .text               mc_w.l(init.o)
    0x080003d0   0x080003d0   0x0000005e   Code   RO         4636    .text               mc_w.l(__dclz77c.o)
    0x0800042e   0x0800042e   0x00000002   PAD
    0x08000430   0x08000430   0x0000001c   Code   RO         4281    i.ADC1_2_IRQHandler  stm32f1xx_it.o
    0x0800044c   0x0800044c   0x00000054   Code   RO          177    i.ADC_ConversionStop_Disable  stm32f1xx_hal_adc.o
    0x080004a0   0x080004a0   0x0000005c   Code   RO         3571    i.ADC_Current_Offest  basic_function.o
    0x080004fc   0x080004fc   0x0000004e   Code   RO          178    i.ADC_DMAConvCplt   stm32f1xx_hal_adc.o
    0x0800054a   0x0800054a   0x0000001a   Code   RO          179    i.ADC_DMAError      stm32f1xx_hal_adc.o
    0x08000564   0x08000564   0x0000000a   Code   RO          180    i.ADC_DMAHalfConvCplt  stm32f1xx_hal_adc.o
    0x0800056e   0x0800056e   0x00000002   PAD
    0x08000570   0x08000570   0x00000078   Code   RO          181    i.ADC_Enable        stm32f1xx_hal_adc.o
    0x080005e8   0x080005e8   0x00000002   Code   RO         4282    i.BusFault_Handler  stm32f1xx_it.o
    0x080005ea   0x080005ea   0x00000020   Code   RO         3863    i.Clark_Transform   foc.o
    0x0800060a   0x0800060a   0x00000002   PAD
    0x0800060c   0x0800060c   0x0000001c   Code   RO         3742    i.Commicate_Data_Init  object_commicate.o
    0x08000628   0x08000628   0x0000003c   Code   RO         3815    i.Control_Loop_Init  control_loop.o
    0x08000664   0x08000664   0x00000022   Code   RO         4527    i.Control_Word_Init  parameter.o
    0x08000686   0x08000686   0x00000026   Code   RO         3572    i.Current_Forward_Feedback  basic_function.o
    0x080006ac   0x080006ac   0x00000020   Code   RO         4283    i.DMA1_Channel2_IRQHandler  stm32f1xx_it.o
    0x080006cc   0x080006cc   0x00000020   Code   RO         4284    i.DMA1_Channel3_IRQHandler  stm32f1xx_it.o
    0x080006ec   0x080006ec   0x0000000c   Code   RO         4285    i.DMA1_Channel4_IRQHandler  stm32f1xx_it.o
    0x080006f8   0x080006f8   0x0000000c   Code   RO         4286    i.DMA1_Channel5_IRQHandler  stm32f1xx_it.o
    0x08000704   0x08000704   0x0000000c   Code   RO         4287    i.DMA1_Channel6_IRQHandler  stm32f1xx_it.o
    0x08000710   0x08000710   0x0000000c   Code   RO         4288    i.DMA1_Channel7_IRQHandler  stm32f1xx_it.o
    0x0800071c   0x0800071c   0x0000002a   Code   RO          831    i.DMA_SetConfig     stm32f1xx_hal_dma.o
    0x08000746   0x08000746   0x00000002   Code   RO         4289    i.DebugMon_Handler  stm32f1xx_it.o
    0x08000748   0x08000748   0x00000080   Code   RO         3574    i.Enable_Logic_Control  basic_function.o
    0x080007c8   0x080007c8   0x0000007c   Code   RO         3519    i.Encoder_Data_Deal  encoder.o
    0x08000844   0x08000844   0x00000074   Code   RO         3575    i.Encoder_To_Electri_Angle  basic_function.o
    0x080008b8   0x080008b8   0x00000004   Code   RO         4124    i.Error_Handler     main.o
    0x080008bc   0x080008bc   0x0000003c   Code   RO         3864    i.FOC_Control       foc.o
    0x080008f8   0x080008f8   0x0000000c   Code   RO         3743    i.Get_Communicte_Data_Number  object_commicate.o
    0x08000904   0x08000904   0x0000009c   Code   RO         3576    i.Get_Initial_Angle_Offest  basic_function.o
    0x080009a0   0x080009a0   0x000000d8   Code   RO          357    i.HAL_ADCEx_Calibration_Start  stm32f1xx_hal_adc_ex.o
    0x08000a78   0x08000a78   0x000001dc   Code   RO          358    i.HAL_ADCEx_InjectedConfigChannel  stm32f1xx_hal_adc_ex.o
    0x08000c54   0x08000c54   0x00000050   Code   RO         4125    i.HAL_ADCEx_InjectedConvCpltCallback  main.o
    0x08000ca4   0x08000ca4   0x0000001e   Code   RO          360    i.HAL_ADCEx_InjectedGetValue  stm32f1xx_hal_adc_ex.o
    0x08000cc2   0x08000cc2   0x00000002   PAD
    0x08000cc4   0x08000cc4   0x000000a8   Code   RO          362    i.HAL_ADCEx_InjectedStart  stm32f1xx_hal_adc_ex.o
    0x08000d6c   0x08000d6c   0x000000b4   Code   RO          363    i.HAL_ADCEx_InjectedStart_IT  stm32f1xx_hal_adc_ex.o
    0x08000e20   0x08000e20   0x00000070   Code   RO          366    i.HAL_ADCEx_MultiModeConfigChannel  stm32f1xx_hal_adc_ex.o
    0x08000e90   0x08000e90   0x000000f0   Code   RO          368    i.HAL_ADCEx_MultiModeStart_DMA  stm32f1xx_hal_adc_ex.o
    0x08000f80   0x08000f80   0x000000fc   Code   RO          183    i.HAL_ADC_ConfigChannel  stm32f1xx_hal_adc.o
    0x0800107c   0x0800107c   0x00000002   Code   RO          184    i.HAL_ADC_ConvCpltCallback  stm32f1xx_hal_adc.o
    0x0800107e   0x0800107e   0x00000002   Code   RO          185    i.HAL_ADC_ConvHalfCpltCallback  stm32f1xx_hal_adc.o
    0x08001080   0x08001080   0x00000002   Code   RO          187    i.HAL_ADC_ErrorCallback  stm32f1xx_hal_adc.o
    0x08001082   0x08001082   0x000000e6   Code   RO          191    i.HAL_ADC_IRQHandler  stm32f1xx_hal_adc.o
    0x08001168   0x08001168   0x0000011c   Code   RO          192    i.HAL_ADC_Init      stm32f1xx_hal_adc.o
    0x08001284   0x08001284   0x00000002   Code   RO          193    i.HAL_ADC_LevelOutOfWindowCallback  stm32f1xx_hal_adc.o
    0x08001286   0x08001286   0x00000002   PAD
    0x08001288   0x08001288   0x00000098   Code   RO         3951    i.HAL_ADC_MspInit   adc.o
    0x08001320   0x08001320   0x000000c0   Code   RO          198    i.HAL_ADC_Start     stm32f1xx_hal_adc.o
    0x080013e0   0x080013e0   0x00000046   Code   RO          832    i.HAL_DMA_Abort     stm32f1xx_hal_dma.o
    0x08001426   0x08001426   0x00000002   PAD
    0x08001428   0x08001428   0x00000098   Code   RO          833    i.HAL_DMA_Abort_IT  stm32f1xx_hal_dma.o
    0x080014c0   0x080014c0   0x00000158   Code   RO          837    i.HAL_DMA_IRQHandler  stm32f1xx_hal_dma.o
    0x08001618   0x08001618   0x0000005c   Code   RO          838    i.HAL_DMA_Init      stm32f1xx_hal_dma.o
    0x08001674   0x08001674   0x00000070   Code   RO          842    i.HAL_DMA_Start_IT  stm32f1xx_hal_dma.o
    0x080016e4   0x080016e4   0x00000024   Code   RO          460    i.HAL_Delay         stm32f1xx_hal.o
    0x08001708   0x08001708   0x000001cc   Code   RO          768    i.HAL_GPIO_Init     stm32f1xx_hal_gpio.o
    0x080018d4   0x080018d4   0x0000000a   Code   RO          772    i.HAL_GPIO_WritePin  stm32f1xx_hal_gpio.o
    0x080018de   0x080018de   0x00000002   PAD
    0x080018e0   0x080018e0   0x0000000c   Code   RO          464    i.HAL_GetTick       stm32f1xx_hal.o
    0x080018ec   0x080018ec   0x00000188   Code   RO         1439    i.HAL_I2C_Init      stm32f1xx_hal_i2c.o
    0x08001a74   0x08001a74   0x000000cc   Code   RO         4083    i.HAL_I2C_MspInit   i2c.o
    0x08001b40   0x08001b40   0x00000010   Code   RO          470    i.HAL_IncTick       stm32f1xx_hal.o
    0x08001b50   0x08001b50   0x00000024   Code   RO          471    i.HAL_Init          stm32f1xx_hal.o
    0x08001b74   0x08001b74   0x00000040   Code   RO          472    i.HAL_InitTick      stm32f1xx_hal.o
    0x08001bb4   0x08001bb4   0x0000003c   Code   RO         4257    i.HAL_MspInit       stm32f1xx_hal_msp.o
    0x08001bf0   0x08001bf0   0x0000001a   Code   RO          928    i.HAL_NVIC_EnableIRQ  stm32f1xx_hal_cortex.o
    0x08001c0a   0x08001c0a   0x00000002   PAD
    0x08001c0c   0x08001c0c   0x00000040   Code   RO          934    i.HAL_NVIC_SetPriority  stm32f1xx_hal_cortex.o
    0x08001c4c   0x08001c4c   0x00000024   Code   RO          935    i.HAL_NVIC_SetPriorityGrouping  stm32f1xx_hal_cortex.o
    0x08001c70   0x08001c70   0x000000c4   Code   RO          730    i.HAL_RCCEx_GetPeriphCLKFreq  stm32f1xx_hal_rcc_ex.o
    0x08001d34   0x08001d34   0x000000e8   Code   RO          731    i.HAL_RCCEx_PeriphCLKConfig  stm32f1xx_hal_rcc_ex.o
    0x08001e1c   0x08001e1c   0x00000138   Code   RO          628    i.HAL_RCC_ClockConfig  stm32f1xx_hal_rcc.o
    0x08001f54   0x08001f54   0x00000020   Code   RO          635    i.HAL_RCC_GetPCLK1Freq  stm32f1xx_hal_rcc.o
    0x08001f74   0x08001f74   0x00000020   Code   RO          636    i.HAL_RCC_GetPCLK2Freq  stm32f1xx_hal_rcc.o
    0x08001f94   0x08001f94   0x0000006c   Code   RO          637    i.HAL_RCC_GetSysClockFreq  stm32f1xx_hal_rcc.o
    0x08002000   0x08002000   0x00000318   Code   RO          640    i.HAL_RCC_OscConfig  stm32f1xx_hal_rcc.o
    0x08002318   0x08002318   0x00000002   Code   RO         1867    i.HAL_SPI_ErrorCallback  stm32f1xx_hal_spi.o
    0x0800231a   0x0800231a   0x000000b2   Code   RO         1871    i.HAL_SPI_Init      stm32f1xx_hal_spi.o
    0x080023cc   0x080023cc   0x000000d4   Code   RO         4216    i.HAL_SPI_MspInit   spi.o
    0x080024a0   0x080024a0   0x00000002   Code   RO         1877    i.HAL_SPI_RxCpltCallback  stm32f1xx_hal_spi.o
    0x080024a2   0x080024a2   0x00000002   Code   RO         1878    i.HAL_SPI_RxHalfCpltCallback  stm32f1xx_hal_spi.o
    0x080024a4   0x080024a4   0x00000124   Code   RO         1881    i.HAL_SPI_TransmitReceive_DMA  stm32f1xx_hal_spi.o
    0x080025c8   0x080025c8   0x00000002   Code   RO         1887    i.HAL_SPI_TxRxCpltCallback  stm32f1xx_hal_spi.o
    0x080025ca   0x080025ca   0x00000002   Code   RO         1888    i.HAL_SPI_TxRxHalfCpltCallback  stm32f1xx_hal_spi.o
    0x080025cc   0x080025cc   0x00000028   Code   RO          939    i.HAL_SYSTICK_Config  stm32f1xx_hal_cortex.o
    0x080025f4   0x080025f4   0x00000002   Code   RO         2888    i.HAL_TIMEx_BreakCallback  stm32f1xx_hal_tim_ex.o
    0x080025f6   0x080025f6   0x00000002   Code   RO         2889    i.HAL_TIMEx_CommutCallback  stm32f1xx_hal_tim_ex.o
    0x080025f8   0x080025f8   0x00000054   Code   RO         2891    i.HAL_TIMEx_ConfigBreakDeadTime  stm32f1xx_hal_tim_ex.o
    0x0800264c   0x0800264c   0x00000068   Code   RO         2907    i.HAL_TIMEx_MasterConfigSynchronization  stm32f1xx_hal_tim_ex.o
    0x080026b4   0x080026b4   0x0000005a   Code   RO         2184    i.HAL_TIM_Base_Init  stm32f1xx_hal_tim.o
    0x0800270e   0x0800270e   0x00000002   PAD
    0x08002710   0x08002710   0x00000050   Code   RO         4416    i.HAL_TIM_Base_MspInit  tim.o
    0x08002760   0x08002760   0x00000058   Code   RO         2189    i.HAL_TIM_Base_Start_IT  stm32f1xx_hal_tim.o
    0x080027b8   0x080027b8   0x000000d6   Code   RO         2193    i.HAL_TIM_ConfigClockSource  stm32f1xx_hal_tim.o
    0x0800288e   0x0800288e   0x00000002   Code   RO         2218    i.HAL_TIM_IC_CaptureCallback  stm32f1xx_hal_tim.o
    0x08002890   0x08002890   0x00000166   Code   RO         2232    i.HAL_TIM_IRQHandler  stm32f1xx_hal_tim.o
    0x080029f6   0x080029f6   0x00000002   PAD
    0x080029f8   0x080029f8   0x00000050   Code   RO         4417    i.HAL_TIM_MspPostInit  tim.o
    0x08002a48   0x08002a48   0x0000004c   Code   RO         2233    i.HAL_TIM_OC_ConfigChannel  stm32f1xx_hal_tim.o
    0x08002a94   0x08002a94   0x00000002   Code   RO         2235    i.HAL_TIM_OC_DelayElapsedCallback  stm32f1xx_hal_tim.o
    0x08002a96   0x08002a96   0x0000005a   Code   RO         2237    i.HAL_TIM_OC_Init   stm32f1xx_hal_tim.o
    0x08002af0   0x08002af0   0x00000002   Code   RO         2239    i.HAL_TIM_OC_MspInit  stm32f1xx_hal_tim.o
    0x08002af2   0x08002af2   0x000000c6   Code   RO         2256    i.HAL_TIM_PWM_ConfigChannel  stm32f1xx_hal_tim.o
    0x08002bb8   0x08002bb8   0x0000005a   Code   RO         2259    i.HAL_TIM_PWM_Init  stm32f1xx_hal_tim.o
    0x08002c12   0x08002c12   0x00000002   Code   RO         2261    i.HAL_TIM_PWM_MspInit  stm32f1xx_hal_tim.o
    0x08002c14   0x08002c14   0x00000002   Code   RO         2262    i.HAL_TIM_PWM_PulseFinishedCallback  stm32f1xx_hal_tim.o
    0x08002c16   0x08002c16   0x00000002   PAD
    0x08002c18   0x08002c18   0x000000a0   Code   RO         2264    i.HAL_TIM_PWM_Start  stm32f1xx_hal_tim.o
    0x08002cb8   0x08002cb8   0x00000070   Code   RO         2267    i.HAL_TIM_PWM_Stop  stm32f1xx_hal_tim.o
    0x08002d28   0x08002d28   0x00000010   Code   RO         4126    i.HAL_TIM_PeriodElapsedCallback  main.o
    0x08002d38   0x08002d38   0x00000002   Code   RO         2275    i.HAL_TIM_TriggerCallback  stm32f1xx_hal_tim.o
    0x08002d3a   0x08002d3a   0x00000002   Code   RO         3166    i.HAL_UARTEx_RxEventCallback  stm32f1xx_hal_uart.o
    0x08002d3c   0x08002d3c   0x00000058   Code   RO         3178    i.HAL_UART_DMAStop  stm32f1xx_hal_uart.o
    0x08002d94   0x08002d94   0x00000002   Code   RO         3180    i.HAL_UART_ErrorCallback  stm32f1xx_hal_uart.o
    0x08002d96   0x08002d96   0x00000002   PAD
    0x08002d98   0x08002d98   0x0000020c   Code   RO         3183    i.HAL_UART_IRQHandler  stm32f1xx_hal_uart.o
    0x08002fa4   0x08002fa4   0x00000062   Code   RO         3184    i.HAL_UART_Init     stm32f1xx_hal_uart.o
    0x08003006   0x08003006   0x00000002   PAD
    0x08003008   0x08003008   0x000000e8   Code   RO         4470    i.HAL_UART_MspInit  usart.o
    0x080030f0   0x080030f0   0x0000002a   Code   RO         3188    i.HAL_UART_Receive_DMA  stm32f1xx_hal_uart.o
    0x0800311a   0x0800311a   0x00000002   Code   RO         3190    i.HAL_UART_RxCpltCallback  stm32f1xx_hal_uart.o
    0x0800311c   0x0800311c   0x00000002   Code   RO         3191    i.HAL_UART_RxHalfCpltCallback  stm32f1xx_hal_uart.o
    0x0800311e   0x0800311e   0x00000002   PAD
    0x08003120   0x08003120   0x00000080   Code   RO         3193    i.HAL_UART_Transmit_DMA  stm32f1xx_hal_uart.o
    0x080031a0   0x080031a0   0x00000002   Code   RO         3195    i.HAL_UART_TxCpltCallback  stm32f1xx_hal_uart.o
    0x080031a2   0x080031a2   0x00000002   Code   RO         3196    i.HAL_UART_TxHalfCpltCallback  stm32f1xx_hal_uart.o
    0x080031a4   0x080031a4   0x00000002   Code   RO         4290    i.HardFault_Handler  stm32f1xx_it.o
    0x080031a6   0x080031a6   0x00000002   PAD
    0x080031a8   0x080031a8   0x00000028   Code   RO         4529    i.Hardware_Init     parameter.o
    0x080031d0   0x080031d0   0x0000000e   Code   RO         3577    i.Interrupt_1MS     basic_function.o
    0x080031de   0x080031de   0x00000026   Code   RO         3865    i.Inverse_Park_Transform  foc.o
    0x08003204   0x08003204   0x00000094   Code   RO         3952    i.MX_ADC1_Init      adc.o
    0x08003298   0x08003298   0x0000007c   Code   RO         3953    i.MX_ADC2_Init      adc.o
    0x08003314   0x08003314   0x0000007c   Code   RO         4001    i.MX_DMA_Init       dma.o
    0x08003390   0x08003390   0x00000100   Code   RO         4028    i.MX_GPIO_Init      gpio.o
    0x08003490   0x08003490   0x00000040   Code   RO         4084    i.MX_I2C1_Init      i2c.o
    0x080034d0   0x080034d0   0x0000004c   Code   RO         4217    i.MX_SPI1_Init      spi.o
    0x0800351c   0x0800351c   0x00000104   Code   RO         4418    i.MX_TIM1_Init      tim.o
    0x08003620   0x08003620   0x00000094   Code   RO         4419    i.MX_TIM2_Init      tim.o
    0x080036b4   0x080036b4   0x00000038   Code   RO         4471    i.MX_USART1_UART_Init  usart.o
    0x080036ec   0x080036ec   0x00000002   Code   RO         4291    i.MemManage_Handler  stm32f1xx_it.o
    0x080036ee   0x080036ee   0x00000002   PAD
    0x080036f0   0x080036f0   0x0000002c   Code   RO         3693    i.Modbus_CRC_Data   modbus.o
    0x0800371c   0x0800371c   0x0000023c   Code   RO         3694    i.Modbus_Process    modbus.o
    0x08003958   0x08003958   0x000001ac   Code   RO         3578    i.Model_Control     basic_function.o
    0x08003b04   0x08003b04   0x00000002   Code   RO         4292    i.NMI_Handler       stm32f1xx_it.o
    0x08003b06   0x08003b06   0x00000088   Code   RO         3816    i.PID_Control_Deal  control_loop.o
    0x08003b8e   0x08003b8e   0x00000024   Code   RO         3817    i.PID_Control_Init  control_loop.o
    0x08003bb2   0x08003bb2   0x00000002   PAD
    0x08003bb4   0x08003bb4   0x00000064   Code   RO         3818    i.PID_Control_Update  control_loop.o
    0x08003c18   0x08003c18   0x00000130   Code   RO         3866    i.PWM_Time_Count    foc.o
    0x08003d48   0x08003d48   0x00000058   Code   RO         4530    i.Parameter_Init    parameter.o
    0x08003da0   0x08003da0   0x0000002a   Code   RO         3867    i.Park_Transform    foc.o
    0x08003dca   0x08003dca   0x00000002   Code   RO         4293    i.PendSV_Handler    stm32f1xx_it.o
    0x08003dcc   0x08003dcc   0x00000022   Code   RO         1899    i.SPI_DMAError      stm32f1xx_hal_spi.o
    0x08003dee   0x08003dee   0x0000000a   Code   RO         1900    i.SPI_DMAHalfReceiveCplt  stm32f1xx_hal_spi.o
    0x08003df8   0x08003df8   0x0000000a   Code   RO         1902    i.SPI_DMAHalfTransmitReceiveCplt  stm32f1xx_hal_spi.o
    0x08003e02   0x08003e02   0x0000006a   Code   RO         1903    i.SPI_DMAReceiveCplt  stm32f1xx_hal_spi.o
    0x08003e6c   0x08003e6c   0x0000005a   Code   RO         1906    i.SPI_DMATransmitReceiveCplt  stm32f1xx_hal_spi.o
    0x08003ec6   0x08003ec6   0x0000005c   Code   RO         1908    i.SPI_EndRxTransaction  stm32f1xx_hal_spi.o
    0x08003f22   0x08003f22   0x00000020   Code   RO         1909    i.SPI_EndRxTxTransaction  stm32f1xx_hal_spi.o
    0x08003f42   0x08003f42   0x00000002   PAD
    0x08003f44   0x08003f44   0x000000b8   Code   RO         1914    i.SPI_WaitFlagStateUntilTimeout  stm32f1xx_hal_spi.o
    0x08003ffc   0x08003ffc   0x0000001c   Code   RO         3579    i.STM32_HAL_PWM_SET_Compare  basic_function.o
    0x08004018   0x08004018   0x00000084   Code   RO         3580    i.STM32_Infrastructure_Init  basic_function.o
    0x0800409c   0x0800409c   0x00000002   Code   RO         4294    i.SVC_Handler       stm32f1xx_it.o
    0x0800409e   0x0800409e   0x00000002   PAD
    0x080040a0   0x080040a0   0x00000124   Code   RO         3868    i.SVPWM             foc.o
    0x080041c4   0x080041c4   0x00000050   Code   RO         3581    i.Speed_1MS         basic_function.o
    0x08004214   0x08004214   0x00000030   Code   RO         3520    i.Start_Encoder_GET  encoder.o
    0x08004244   0x08004244   0x00000004   Code   RO         4295    i.SysTick_Handler   stm32f1xx_it.o
    0x08004248   0x08004248   0x0000007a   Code   RO         4127    i.SystemClock_Config  main.o
    0x080042c2   0x080042c2   0x00000002   Code   RO            5    i.SystemInit        system_stm32f1xx.o
    0x080042c4   0x080042c4   0x0000000c   Code   RO         4296    i.TIM2_IRQHandler   stm32f1xx_it.o
    0x080042d0   0x080042d0   0x0000006c   Code   RO         2277    i.TIM_Base_SetConfig  stm32f1xx_hal_tim.o
    0x0800433c   0x0800433c   0x0000001a   Code   RO         2278    i.TIM_CCxChannelCmd  stm32f1xx_hal_tim.o
    0x08004356   0x08004356   0x00000014   Code   RO         2288    i.TIM_ETR_SetConfig  stm32f1xx_hal_tim.o
    0x0800436a   0x0800436a   0x00000010   Code   RO         2289    i.TIM_ITRx_SetConfig  stm32f1xx_hal_tim.o
    0x0800437a   0x0800437a   0x00000002   PAD
    0x0800437c   0x0800437c   0x00000058   Code   RO         2290    i.TIM_OC1_SetConfig  stm32f1xx_hal_tim.o
    0x080043d4   0x080043d4   0x0000005c   Code   RO         2291    i.TIM_OC2_SetConfig  stm32f1xx_hal_tim.o
    0x08004430   0x08004430   0x00000058   Code   RO         2292    i.TIM_OC3_SetConfig  stm32f1xx_hal_tim.o
    0x08004488   0x08004488   0x00000044   Code   RO         2293    i.TIM_OC4_SetConfig  stm32f1xx_hal_tim.o
    0x080044cc   0x080044cc   0x00000022   Code   RO         2295    i.TIM_TI1_ConfigInputStage  stm32f1xx_hal_tim.o
    0x080044ee   0x080044ee   0x00000024   Code   RO         2297    i.TIM_TI2_ConfigInputStage  stm32f1xx_hal_tim.o
    0x08004512   0x08004512   0x00000010   Code   RO         3197    i.UART_DMAAbortOnError  stm32f1xx_hal_uart.o
    0x08004522   0x08004522   0x0000004a   Code   RO         3198    i.UART_DMAError     stm32f1xx_hal_uart.o
    0x0800456c   0x0800456c   0x0000005a   Code   RO         3199    i.UART_DMAReceiveCplt  stm32f1xx_hal_uart.o
    0x080045c6   0x080045c6   0x0000001a   Code   RO         3201    i.UART_DMARxHalfCplt  stm32f1xx_hal_uart.o
    0x080045e0   0x080045e0   0x0000002e   Code   RO         3203    i.UART_DMATransmitCplt  stm32f1xx_hal_uart.o
    0x0800460e   0x0800460e   0x0000000a   Code   RO         3205    i.UART_DMATxHalfCplt  stm32f1xx_hal_uart.o
    0x08004618   0x08004618   0x00000030   Code   RO         3207    i.UART_EndRxTransfer  stm32f1xx_hal_uart.o
    0x08004648   0x08004648   0x00000012   Code   RO         3208    i.UART_EndTxTransfer  stm32f1xx_hal_uart.o
    0x0800465a   0x0800465a   0x000000b6   Code   RO         3209    i.UART_Receive_IT   stm32f1xx_hal_uart.o
    0x08004710   0x08004710   0x000000b8   Code   RO         3210    i.UART_SetConfig    stm32f1xx_hal_uart.o
    0x080047c8   0x080047c8   0x00000074   Code   RO         3211    i.UART_Start_Receive_DMA  stm32f1xx_hal_uart.o
    0x0800483c   0x0800483c   0x00000034   Code   RO         4297    i.USART1_IRQHandler  stm32f1xx_it.o
    0x08004870   0x08004870   0x00000002   Code   RO         4298    i.UsageFault_Handler  stm32f1xx_it.o
    0x08004872   0x08004872   0x00000020   Code   RO          941    i.__NVIC_SetPriority  stm32f1xx_hal_cortex.o
    0x08004892   0x08004892   0x0000000e   Code   RO         4630    i.__scatterload_copy  mc_w.l(handlers.o)
    0x080048a0   0x080048a0   0x00000002   Code   RO         4631    i.__scatterload_null  mc_w.l(handlers.o)
    0x080048a2   0x080048a2   0x0000000e   Code   RO         4632    i.__scatterload_zeroinit  mc_w.l(handlers.o)
    0x080048b0   0x080048b0   0x0000006c   Code   RO         4130    i.main              main.o
    0x0800491c   0x0800491c   0x00000070   Code   RO         4472    i.uart_idleback     usart.o
    0x0800498c   0x0800498c   0x00000010   Data   RO            6    .constdata          system_stm32f1xx.o
    0x0800499c   0x0800499c   0x00000008   Data   RO            7    .constdata          system_stm32f1xx.o
    0x080049a4   0x080049a4   0x00000200   Data   RO         3699    .constdata          modbus.o
    0x08004ba4   0x08004ba4   0x000001f0   Data   RO         3744    .constdata          object_commicate.o
    0x08004d94   0x08004d94   0x00000020   Data   RO         4628    Region$$Table       anon$$obj.o


    Execution Region RW_IRAM1 (Exec base: 0x20000000, Load base: 0x08004db4, Size: 0x00001038, Max: 0x00005000, ABSOLUTE, COMPRESSED[0x000003c8])

    Exec Addr    Load Addr    Size         Type   Attr      Idx    E Section Name        Object

    0x20000000   COMPRESSED   0x00000004   Data   RW            8    .data               system_stm32f1xx.o
    0x20000004   COMPRESSED   0x0000000c   Data   RW          478    .data               stm32f1xx_hal.o
    0x20000010   COMPRESSED   0x00000008   Data   RW         3522    .data               encoder.o
    0x20000018   COMPRESSED   0x0000001c   Data   RW         3582    .data               basic_function.o
    0x20000034   COMPRESSED   0x00000001   Data   RW         3700    .data               modbus.o
    0x20000035   COMPRESSED   0x00000001   PAD
    0x20000036   COMPRESSED   0x00000002   Data   RW         3701    .data               modbus.o
    0x20000038   COMPRESSED   0x00000002   Data   RW         3745    .data               object_commicate.o
    0x2000003a   COMPRESSED   0x00000400   Data   RW         3926    .data               table.o
    0x2000043a   COMPRESSED   0x00000006   Data   RW         4131    .data               main.o
    0x20000440   COMPRESSED   0x00000004   Data   RW         4533    .data               parameter.o
    0x20000444        -       0x00000018   Zero   RW         3521    .bss                encoder.o
    0x2000045c        -       0x0000001e   Zero   RW         3695    .bss                modbus.o
    0x2000047a        -       0x0000001e   Zero   RW         3696    .bss                modbus.o
    0x20000498        -       0x00000050   Zero   RW         3697    .bss                modbus.o
    0x200004e8        -       0x0000001e   Zero   RW         3698    .bss                modbus.o
    0x20000506   COMPRESSED   0x00000002   PAD
    0x20000508        -       0x00000128   Zero   RW         3819    .bss                control_loop.o
    0x20000630        -       0x00000084   Zero   RW         3869    .bss                foc.o
    0x200006b4        -       0x00000200   Zero   RW         3925    .bss                table.o
    0x200008b4        -       0x00000060   Zero   RW         3954    .bss                adc.o
    0x20000914        -       0x000000dc   Zero   RW         4085    .bss                i2c.o
    0x200009f0        -       0x000000e0   Zero   RW         4218    .bss                spi.o
    0x20000ad0        -       0x00000090   Zero   RW         4420    .bss                tim.o
    0x20000b60        -       0x000000cc   Zero   RW         4473    .bss                usart.o
    0x20000c2c        -       0x0000000c   Zero   RW         4532    .bss                parameter.o
    0x20000c38        -       0x00000400   Zero   RW         3509    STACK               startup_stm32f103xb.o


==============================================================================

Image component sizes


      Code (inc. data)   RO Data    RW Data    ZI Data      Debug   Object Name

       424         34          0          0         96       2502   adc.o
      1212        158          0         28          0       8393   basic_function.o
       332          6          0          0        296       4139   control_loop.o
       124          4          0          0          0        790   dma.o
       172         22          0          8         24       2565   encoder.o
       768         38          0          0        132       4844   foc.o
       256         14          0          0          0        971   gpio.o
       268         40          0          0        220       1831   i2c.o
       330         24          0          6          0       3453   main.o
       616         24        512          3        170       4828   modbus.o
        40         10        496          2          0       2338   object_commicate.o
       162         36          0          4         12       3697   parameter.o
       288         30          0          0        224       1831   spi.o
        36          8        236          0       1024        756   startup_stm32f103xb.o
       164         28          0         12          0       5785   stm32f1xx_hal.o
      1284         42          0          0          0       9542   stm32f1xx_hal_adc.o
      1422         70          0          0          0       6950   stm32f1xx_hal_adc_ex.o
       198         14          0          0          0      28839   stm32f1xx_hal_cortex.o
       812         36          0          0          0       4894   stm32f1xx_hal_dma.o
       470         34          0          0          0       2804   stm32f1xx_hal_gpio.o
       392         16          0          0          0       3071   stm32f1xx_hal_i2c.o
        60          8          0          0          0        866   stm32f1xx_hal_msp.o
      1276        100          0          0          0       5264   stm32f1xx_hal_rcc.o
       428         44          0          0          0       2573   stm32f1xx_hal_rcc_ex.o
      1038         26          0          0          0      10317   stm32f1xx_hal_spi.o
      2064         62          0          0          0      18875   stm32f1xx_hal_tim.o
       192         12          0          0          0       3181   stm32f1xx_hal_tim_ex.o
      1702         36          0          0          0      14999   stm32f1xx_hal_uart.o
       224         68          0          0          0       8775   stm32f1xx_it.o
         2          0         24          4          0     461787   system_stm32f1xx.o
         0          0          0       1024        512        558   table.o
       568         36          0          0        144       3129   tim.o
       400         58          0          0        204       2544   usart.o

    ----------------------------------------------------------------------
     17762       1138       1300       1092       3060     637691   Object Totals
         0          0         32          0          0          0   (incl. Generated)
        38          0          0          1          2          0   (incl. Padding)

    ----------------------------------------------------------------------

      Code (inc. data)   RO Data    RW Data    ZI Data      Debug   Library Member Name

        94          0          0          0          0          0   __dclz77c.o
         0          0          0          0          0          0   entry.o
         0          0          0          0          0          0   entry10a.o
         0          0          0          0          0          0   entry11a.o
         4          0          0          0          0          0   entry12b.o
         8          4          0          0          0          0   entry2.o
         4          0          0          0          0          0   entry5.o
         0          0          0          0          0          0   entry7b.o
         0          0          0          0          0          0   entry8b.o
         8          4          0          0          0          0   entry9a.o
        30          0          0          0          0          0   handlers.o
        36          8          0          0          0         68   init.o
         0          0          0          0          0          0   iusefp.o
        30          0          0          0          0         68   llshl.o
        32          0          0          0          0         68   llushr.o
        36          0          0          0          0         68   memcpya.o
        36          0          0          0          0        108   memseta.o
       186          0          0          0          0        176   depilogue.o
        62          0          0          0          0         80   dfixi.o
        34          0          0          0          0         76   dflti.o
       228          0          0          0          0         96   dmul.o

    ----------------------------------------------------------------------
       830         16          0          0          0        808   Library Totals
         2          0          0          0          0          0   (incl. Padding)

    ----------------------------------------------------------------------

      Code (inc. data)   RO Data    RW Data    ZI Data      Debug   Library Name

       318         16          0          0          0        380   mc_w.l
       510          0          0          0          0        428   mf_w.l

    ----------------------------------------------------------------------
       830         16          0          0          0        808   Library Totals

    ----------------------------------------------------------------------

==============================================================================


      Code (inc. data)   RO Data    RW Data    ZI Data      Debug   

     18592       1154       1300       1092       3060     629111   Grand Totals
     18592       1154       1300        968       3060     629111   ELF Image Totals (compressed)
     18592       1154       1300        968          0          0   ROM Totals

==============================================================================

    Total RO  Size (Code + RO Data)                19892 (  19.43kB)
    Total RW  Size (RW Data + ZI Data)              4152 (   4.05kB)
    Total ROM Size (Code + RO Data + RW Data)      20860 (  20.37kB)

==============================================================================

